2026-09-14 10:32:41.078 INFO  c.k.k.c.l.logback.LogbackConfigurator    - Logback default configuration initialized from: C:\Users\TTECH-0251\.katalon\packages\KSE-10.4.2\configuration\org.eclipse.osgi\132\0\.cp\resources\logback\logback-execution.xml
2026-09-14 10:32:41.082 INFO  c.k.k.c.l.logback.LogbackConfigurator    - Logback custom configuration initialized from: C:\Users\TTECH-0251\git\AutoAPI\Include\config\log.properties
2026-09-14 10:32:42.014 INFO  c.k.katalon.core.main.TestSuiteExecutor  - START Test Suites/BrinsBook/FBI_Detail
2026-09-14 10:32:42.112 INFO  c.k.katalon.core.main.TestSuiteExecutor  - userFullName = Quality Assurance 12
2026-09-14 10:32:42.113 INFO  c.k.katalon.core.main.TestSuiteExecutor  - projectName = AutoAPI
2026-09-14 10:32:42.114 INFO  c.k.katalon.core.main.TestSuiteExecutor  - hostName = TTECH-0251 - NovalWinaNurcahyo.brins.co.id
2026-09-14 10:32:42.115 INFO  c.k.katalon.core.main.TestSuiteExecutor  - os = Windows 10 64bit
2026-09-14 10:32:42.116 INFO  c.k.katalon.core.main.TestSuiteExecutor  - hostAddress = 10.1.48.156
2026-09-14 10:32:42.117 INFO  c.k.katalon.core.main.TestSuiteExecutor  - katalonVersion = 10.4.2.0
2026-09-14 10:32:42.747 INFO  c.k.katalon.core.main.TestCaseExecutor   - --------------------
2026-09-14 10:32:42.748 INFO  c.k.katalon.core.main.TestCaseExecutor   - START Test Cases/DATA UI/Login/Login_BrinsBook
2026-09-14 10:32:43.001 DEBUG testcase.Login_BrinsBook                 - 1: projectDir = getProjectDir()
2026-09-14 10:32:43.007 DEBUG testcase.Login_BrinsBook                 - 2: timestamp = Date().format("dd.MM.yyyy_(HH.mm.ss)")
2026-09-14 10:32:43.038 DEBUG testcase.Login_BrinsBook                 - 3: openBrowser("http://192.168.140.18:8000/login/")
2026-09-14 10:32:43.388 INFO  c.k.k.core.webui.driver.DriverFactory    - Starting 'Chrome' driver
2026-09-14 10:32:43.471 INFO  c.k.k.core.webui.driver.DriverFactory    - Action delay is set to 0 milliseconds
Sep 14, 2026 10:32:45 AM org.openqa.selenium.devtools.CdpVersionFinder findNearestMatch
WARNING: Unable to find CDP implementation matching 152
Sep 14, 2026 10:32:45 AM org.openqa.selenium.chromium.ChromiumDriver lambda$new$4
WARNING: Unable to find version of CDP to use for 152.0.7977.83. You may need to include a dependency on a specific version of the CDP using something similar to `org.seleniumhq.selenium:selenium-devtools-v86:4.34.0` where the version ("v86") matches the version of the chromium-based browser you're using and the version number of the artifact is the same as Selenium's.
2026-09-14 10:32:46.792 INFO  c.k.k.core.webui.driver.DriverFactory    - sessionId = d0c4aad3fb384a3296215b7ba47e7224
2026-09-14 10:32:46.793 INFO  c.k.k.core.webui.driver.DriverFactory    - browser = Chrome 152.0.7977.83
2026-09-14 10:32:46.795 INFO  c.k.k.core.webui.driver.DriverFactory    - platform = Windows 10
2026-09-14 10:32:46.795 INFO  c.k.k.core.webui.driver.DriverFactory    - seleniumVersion = 4.34.0
2026-09-14 10:32:46.834 INFO  c.k.k.core.webui.driver.DriverFactory    - proxyInformation = ProxyInformation { proxyOption=NO_PROXY, proxyServerType=HTTP, username=, password=********, proxyServerAddress=, proxyServerPort=0, executionList="", isApplyToDesiredCapabilities=true }
2026-09-14 10:32:49.035 DEBUG testcase.Login_BrinsBook                 - 4: setText(findTestObject("Data UI/Login/inputUsername"), "test")
2026-09-14 10:32:50.267 DEBUG testcase.Login_BrinsBook                 - 5: setText(findTestObject("Data UI/Login/inputPassword"), "passwordSalah")
2026-09-14 10:32:51.547 DEBUG testcase.Login_BrinsBook                 - 6: click(findTestObject("Data UI/Login/btnPortal"))
2026-09-14 10:32:52.718 DEBUG testcase.Login_BrinsBook                 - 7: delay(2)
2026-09-14 10:32:54.798 DEBUG testcase.Login_BrinsBook                 - 8: loginFailed = verifyTextPresent("Akun kamu sudah login di perangkat lain nih/login/", false, OPTIONAL)
2026-09-14 10:32:55.253 WARN  c.k.k.core.keyword.internal.KeywordMain  - Text 'Akun kamu sudah login di perangkat lain nih/login/' is not present on page  (Root cause: com.kms.katalon.core.exception.StepFailedException: Text 'Akun kamu sudah login di perangkat lain nih/login/' is not present on page 
	at com.kms.katalon.core.webui.keyword.internal.WebUIKeywordMain.stepFailed(WebUIKeywordMain.groovy:177)
	at com.kms.katalon.core.webui.keyword.builtin.VerifyTextPresentKeyword$_verifyTextPresent_closure1.doCall(VerifyTextPresentKeyword.groovy:79)
	at com.kms.katalon.core.webui.keyword.builtin.VerifyTextPresentKeyword$_verifyTextPresent_closure1.call(VerifyTextPresentKeyword.groovy)
	at com.kms.katalon.core.webui.keyword.internal.WebUIKeywordMain.runKeyword(WebUIKeywordMain.groovy:41)
	at com.kms.katalon.core.webui.keyword.builtin.VerifyTextPresentKeyword.verifyTextPresent(VerifyTextPresentKeyword.groovy:83)
	at com.kms.katalon.core.webui.keyword.builtin.VerifyTextPresentKeyword.execute(VerifyTextPresentKeyword.groovy:68)
	at com.kms.katalon.core.keyword.internal.KeywordExecutor.executeKeywordForPlatform(KeywordExecutor.groovy:90)
	at com.kms.katalon.core.webui.keyword.WebUiBuiltInKeywords.verifyTextPresent(WebUiBuiltInKeywords.groovy:1808)
	at Login_BrinsBook.run(Login_BrinsBook:40)
	at com.kms.katalon.core.main.ScriptEngine.run(ScriptEngine.java:194)
	at com.kms.katalon.core.main.ScriptEngine.runScriptAsRawText(ScriptEngine.java:119)
	at com.kms.katalon.core.main.TestCaseExecutor.runScript(TestCaseExecutor.java:490)
	at com.kms.katalon.core.main.TestCaseExecutor.doExecute(TestCaseExecutor.java:481)
	at com.kms.katalon.core.main.TestCaseExecutor.processExecutionPhase(TestCaseExecutor.java:460)
	at com.kms.katalon.core.main.TestCaseExecutor.accessMainPhase(TestCaseExecutor.java:452)
	at com.kms.katalon.core.main.TestCaseExecutor.execute(TestCaseExecutor.java:322)
	at com.kms.katalon.core.common.CommonExecutor.accessTestCaseMainPhase(CommonExecutor.java:71)
	at com.kms.katalon.core.main.TestSuiteExecutor.accessTestSuiteMainPhase(TestSuiteExecutor.java:153)
	at com.kms.katalon.core.main.TestSuiteExecutor.execute(TestSuiteExecutor.java:110)
	at com.kms.katalon.core.main.TestCaseMain.startTestSuite(TestCaseMain.java:205)
	at TempTestSuite1789356756616.run(TempTestSuite1789356756616.groovy:35)
	at java.base/jdk.internal.reflect.NativeMethodAccessorImpl.invoke0(Native Method)
	at java.base/jdk.internal.reflect.NativeMethodAccessorImpl.invoke(NativeMethodAccessorImpl.java:77)
	at java.base/jdk.internal.reflect.DelegatingMethodAccessorImpl.invoke(DelegatingMethodAccessorImpl.java:43)
)
2026-09-14 10:32:55.261 DEBUG testcase.Login_BrinsBook                 - 9: if (loginFailed)
2026-09-14 10:32:55.265 DEBUG testcase.Login_BrinsBook                 - 10: else
2026-09-14 10:32:55.268 DEBUG testcase.Login_BrinsBook                 - 1: println("Pesan gagal login tidak ditemukan")
Pesan gagal login tidak ditemukan
2026-09-14 10:32:55.280 DEBUG testcase.Login_BrinsBook                 - 11: back()
2026-09-14 10:32:55.581 DEBUG testcase.Login_BrinsBook                 - 12: delay(3)
2026-09-14 10:32:58.604 DEBUG testcase.Login_BrinsBook                 - 13: click(findTestObject("Data UI/Login/btnForceLogout1"))
2026-09-14 10:32:59.474 DEBUG testcase.Login_BrinsBook                 - 14: setText(findTestObject("Data UI/Login/inputUsernameForce"), "TTECH-0251")
2026-09-14 10:33:00.845 DEBUG testcase.Login_BrinsBook                 - 15: click(findTestObject("Data UI/Login/btnForceLogout2"))
2026-09-14 10:33:01.702 DEBUG testcase.Login_BrinsBook                 - 16: setText(findTestObject("Data UI/Login/inputUsername"), "TTECH-0251")
2026-09-14 10:33:03.309 DEBUG testcase.Login_BrinsBook                 - 17: setText(findTestObject("Data UI/Login/inputPassword"), "qwerty123")
2026-09-14 10:33:04.757 DEBUG testcase.Login_BrinsBook                 - 18: click(findTestObject("Data UI/Login/btnPortal"))
2026-09-14 10:33:08.680 DEBUG testcase.Login_BrinsBook                 - 19: delay(3)
2026-09-14 10:33:11.694 DEBUG testcase.Login_BrinsBook                 - 20: verifyElementPresent(findTestObject("Data UI/Menu/Brinsbook"), 10)
2026-09-14 10:33:12.096 DEBUG testcase.Login_BrinsBook                 - 21: delay(1)
2026-09-14 10:33:13.115 DEBUG testcase.Login_BrinsBook                 - 22: screenshotPathFailed2 = $projectDir/Screenshots/Evidence_POSITIVE_Menu BRINS Book_$timestamp.png
2026-09-14 10:33:13.178 DEBUG testcase.Login_BrinsBook                 - 23: takeScreenshot(screenshotPathFailed2)
2026-09-14 10:33:13.675 DEBUG testcase.Login_BrinsBook                 - 24: click(findTestObject("Data UI/Menu/Brinsbook"))
2026-09-14 10:33:14.643 DEBUG testcase.Login_BrinsBook                 - 25: delay(2)
Screenshot disimpan: C:/Users/TTECH-0251/git/AutoAPI/Screenshots/Evidence_PASSED_14.09.2026_(10.33.16).png
2026-09-14 10:33:17.129 INFO  c.k.katalon.core.main.TestCaseExecutor   - END Test Cases/DATA UI/Login/Login_BrinsBook
2026-09-14 10:33:17.141 INFO  c.k.katalon.core.main.TestCaseExecutor   - --------------------
2026-09-14 10:33:17.143 INFO  c.k.katalon.core.main.TestCaseExecutor   - START Test Cases/DATA UI/Filter FBI_Detail/Filter_FBI_Detail
2026-09-14 10:33:17.473 DEBUG testcase.Filter_FBI_Detail               - 1: projectDir = getProjectDir()
2026-09-14 10:33:17.477 DEBUG testcase.Filter_FBI_Detail               - 2: timestamp = Date().format("dd.MM.yyyy_(HH.mm.ss)")
2026-09-14 10:33:17.482 DEBUG testcase.Filter_FBI_Detail               - 3: click(findTestObject("Data UI/Menu/ReportingPortal"))
2026-09-14 10:33:20.977 DEBUG testcase.Filter_FBI_Detail               - 4: scrollToElement(findTestObject("Data UI/Menu/btnPilih"), 0)
2026-09-14 10:33:21.024 WARN  c.k.k.c.webui.common.WebUiCommonHelper   - Timeout '0' is invalid. Using default page load timeout: '10'
2026-09-14 10:33:21.529 DEBUG testcase.Filter_FBI_Detail               - 5: click(findTestObject("Data UI/Menu/btnPilih"))
2026-09-14 10:33:23.286 DEBUG testcase.Filter_FBI_Detail               - 6: delay(3)
2026-09-14 10:33:26.304 DEBUG testcase.Filter_FBI_Detail               - 7: urlFBI_Detail = getUrl()
2026-09-14 10:33:26.375 DEBUG testcase.Filter_FBI_Detail               - 8: assert urlFBI_Detail.contains("mng_proman_fbi_detail")
2026-09-14 10:33:26.394 DEBUG testcase.Filter_FBI_Detail               - 9: verifyElementPresent(findTestObject("Data UI/Filter FBI_Detail/Headline"), 0)
2026-09-14 10:33:26.410 WARN  c.k.k.c.webui.common.WebUiCommonHelper   - Timeout '0' is invalid. Using default page load timeout: '10'
2026-09-14 10:33:26.748 DEBUG testcase.Filter_FBI_Detail               - 10: screenshotPathFilter = $projectDir/Screenshots/Evidence_POSITIVE_DashboardFBI_Detail_$timestamp.png
2026-09-14 10:33:26.751 DEBUG testcase.Filter_FBI_Detail               - 11: takeScreenshot(screenshotPathFilter)
2026-09-14 10:33:27.160 DEBUG testcase.Filter_FBI_Detail               - 12: delay(1)
2026-09-14 10:33:28.180 DEBUG testcase.Filter_FBI_Detail               - 13: setText(findTestObject("Data UI/Filter FBI_Detail/PeriodeAwal"), "01012026")
2026-09-14 10:33:29.680 DEBUG testcase.Filter_FBI_Detail               - 14: setText(findTestObject("Data UI/Filter FBI_Detail/PeriodeAkhir"), "28022026")
2026-09-14 10:33:31.084 DEBUG testcase.Filter_FBI_Detail               - 15: click(findTestObject("Data UI/Filter FBI_Detail/Product"))
2026-09-14 10:33:41.149 WARN  c.k.k.c.w.keyword.builtin.ClickKeyword   - Waiting for element timed out
2026-09-14 10:33:41.235 DEBUG testcase.Filter_FBI_Detail               - 16: click(findTestObject("Data UI/Filter FBI_Detail/Uker"))
2026-09-14 10:33:51.310 WARN  c.k.k.c.w.keyword.builtin.ClickKeyword   - Waiting for element timed out
2026-09-14 10:33:51.416 DEBUG testcase.Filter_FBI_Detail               - 17: click(findTestObject("Data UI/Filter FBI_Detail/Cabang"))
2026-09-14 10:34:01.493 WARN  c.k.k.c.w.keyword.builtin.ClickKeyword   - Waiting for element timed out
2026-09-14 10:34:01.575 DEBUG testcase.Filter_FBI_Detail               - 18: click(findTestObject("Data UI/Filter FBI_Detail/Type"))
2026-09-14 10:34:11.646 WARN  c.k.k.c.w.keyword.builtin.ClickKeyword   - Waiting for element timed out
2026-09-14 10:34:11.720 DEBUG testcase.Filter_FBI_Detail               - 19: click(findTestObject("Data UI/Filter FBI_Detail/btnProses"))
2026-09-14 10:34:12.798 DEBUG testcase.Filter_FBI_Detail               - 20: delay(3)
2026-09-14 10:34:15.815 DEBUG testcase.Filter_FBI_Detail               - 21: verifyElementPresent(findTestObject("Data UI/Download/popupDownload"), 0)
2026-09-14 10:34:15.833 WARN  c.k.k.c.webui.common.WebUiCommonHelper   - Timeout '0' is invalid. Using default page load timeout: '10'
Screenshot disimpan: C:/Users/TTECH-0251/git/AutoAPI/Screenshots/Evidence_PASSED_14.09.2026_(10.34.16).png
2026-09-14 10:34:16.566 INFO  c.k.katalon.core.main.TestCaseExecutor   - END Test Cases/DATA UI/Filter FBI_Detail/Filter_FBI_Detail
2026-09-14 10:34:16.573 INFO  c.k.katalon.core.main.TestCaseExecutor   - --------------------
2026-09-14 10:34:16.573 INFO  c.k.katalon.core.main.TestCaseExecutor   - START Test Cases/DATA UI/Download/ProsesDownload
2026-09-14 10:34:17.630 DEBUG testcase.ProsesDownload                  - 1: projectDir = getProjectDir()
2026-09-14 10:34:17.634 DEBUG testcase.ProsesDownload                  - 2: timestamp = Date().format("dd.MM.yyyy_(HH.mm.ss)")
2026-09-14 10:34:17.640 DEBUG testcase.ProsesDownload                  - 3: click(findTestObject("Data UI/Download/btnDownload"))
2026-09-14 10:34:18.388 DEBUG testcase.ProsesDownload                  - 4: screenshotPathDownload = $projectDir/Screenshots/Evidence_POSITIVE_Popup_Download_$timestamp.png
2026-09-14 10:34:18.392 DEBUG testcase.ProsesDownload                  - 5: takeScreenshot(screenshotPathDownload)
2026-09-14 10:34:18.920 DEBUG testcase.ProsesDownload                  - 6: verifyElementPresent(findTestObject("Data UI/Download/popupDownload"), 0)
2026-09-14 10:34:18.960 WARN  c.k.k.c.webui.common.WebUiCommonHelper   - Timeout '0' is invalid. Using default page load timeout: '10'
2026-09-14 10:34:19.284 DEBUG testcase.ProsesDownload                  - 7: comment("Klik format Excel")
2026-09-14 10:34:19.307 INFO  c.k.k.c.keyword.builtin.CommentKeyword   - Klik format Excel
2026-09-14 10:34:19.310 DEBUG testcase.ProsesDownload                  - 8: click(findTestObject("Data UI/Download/formatExcel"))
2026-09-14 10:34:20.366 DEBUG testcase.ProsesDownload                  - 9: delay(5)
2026-09-14 10:34:25.383 DEBUG testcase.ProsesDownload                  - 10: downloadPath = System.getProperty("user.home") + "\Downloads"
2026-09-14 10:34:25.398 DEBUG testcase.ProsesDownload                  - 11: downloadFolder = new java.io.File(downloadPath)
2026-09-14 10:34:25.403 DEBUG testcase.ProsesDownload                  - 12: logInfo("Mengecek folder download: " + downloadPath)
2026-09-14 10:34:25.425 INFO  com.kms.katalon.core.util.KeywordUtil    - Mengecek folder download: C:\Users\TTECH-0251\Downloads
2026-09-14 10:34:25.428 DEBUG testcase.ProsesDownload                  - 13: downloadedFile = null
2026-09-14 10:34:25.432 DEBUG testcase.ProsesDownload                  - 14: for ([i = 0, i < 30, (i++)])
2026-09-14 10:34:25.435 DEBUG testcase.ProsesDownload                  - 1: files = downloadFolder.listFiles()
2026-09-14 10:34:25.439 DEBUG testcase.ProsesDownload                  - 2: if (files != null)
2026-09-14 10:34:25.441 DEBUG testcase.ProsesDownload                  - 1: excelFiles = files.findAll({ java.io.File file -> ... })
2026-09-14 10:34:25.475 DEBUG testcase.ProsesDownload                  - 2: if (!(excelFiles.isEmpty()))
2026-09-14 10:34:25.481 DEBUG testcase.ProsesDownload                  - 1: downloadedFile = excelFiles.max({ -> ... })
2026-09-14 10:34:25.497 DEBUG testcase.ProsesDownload                  - 2: logInfo("File Excel ditemukan: " + absolutePath)
2026-09-14 10:34:25.501 INFO  com.kms.katalon.core.util.KeywordUtil    - File Excel ditemukan: C:\Users\TTECH-0251\Downloads\Report FBI Detail (1).xlsx
2026-09-14 10:34:25.504 DEBUG testcase.ProsesDownload                  - 3: break
2026-09-14 10:34:25.508 DEBUG testcase.ProsesDownload                  - 15: if (downloadedFile == null)
2026-09-14 10:34:25.513 DEBUG testcase.ProsesDownload                  - 16: else
2026-09-14 10:34:25.517 DEBUG testcase.ProsesDownload                  - 1: logInfo("Download Excel berhasil: " + absolutePath)
2026-09-14 10:34:25.519 INFO  com.kms.katalon.core.util.KeywordUtil    - Download Excel berhasil: C:\Users\TTECH-0251\Downloads\Report FBI Detail (1).xlsx
2026-09-14 10:34:25.521 DEBUG testcase.ProsesDownload                  - 2: logInfo("Nama file: " + name)
2026-09-14 10:34:25.524 INFO  com.kms.katalon.core.util.KeywordUtil    - Nama file: Report FBI Detail (1).xlsx
2026-09-14 10:34:25.526 DEBUG testcase.ProsesDownload                  - 3: logInfo("Ukuran file: " + downloadedFile.length() + " bytes")
2026-09-14 10:34:25.531 INFO  com.kms.katalon.core.util.KeywordUtil    - Ukuran file: 7191 bytes
2026-09-14 10:34:25.534 DEBUG testcase.ProsesDownload                  - 17: comment("Membuka file Excel/WPS...")
2026-09-14 10:34:25.540 INFO  c.k.k.c.keyword.builtin.CommentKeyword   - Membuka file Excel/WPS...
2026-09-14 10:34:25.549 DEBUG testcase.ProsesDownload                  - 18: excelPath = absolutePath
2026-09-14 10:34:25.551 DEBUG testcase.ProsesDownload                  - 19: excelProcess = ProcessBuilder(cmd, /c, start, , excelPath).start()
2026-09-14 10:34:25.617 DEBUG testcase.ProsesDownload                  - 20: delay(10)
2026-09-14 10:34:35.646 DEBUG testcase.ProsesDownload                  - 21: comment("Menunggu window Excel/WPS aktif...")
2026-09-14 10:34:35.655 INFO  c.k.k.c.keyword.builtin.CommentKeyword   - Menunggu window Excel/WPS aktif...
2026-09-14 10:34:35.657 DEBUG testcase.ProsesDownload                  - 22: activateProcess = MainWindowHandle)
    }
    ).start()
2026-09-14 10:34:35.737 DEBUG testcase.ProsesDownload                  - 23: activateProcess.waitFor()
2026-09-14 10:34:38.106 DEBUG testcase.ProsesDownload                  - 24: delay(3)
2026-09-14 10:34:41.125 DEBUG testcase.ProsesDownload                  - 25: comment("Mencari window WPS/Excel...")
2026-09-14 10:34:41.129 INFO  c.k.k.c.keyword.builtin.CommentKeyword   - Mencari window WPS/Excel...
2026-09-14 10:34:41.131 DEBUG testcase.ProsesDownload                  - 26: excelFileNameForPS = name.replace("'", "''")
2026-09-14 10:34:41.136 DEBUG testcase.ProsesDownload                  - 27: screenshotExcel = $projectDir\Screenshots\EVIDENCE_POSITIVE_Excel_$timestamp.png
2026-09-14 10:34:41.139 DEBUG testcase.ProsesDownload                  - 28: screenshotDir = new java.io.File($projectDir\Screenshots)
2026-09-14 10:34:41.176 DEBUG testcase.ProsesDownload                  - 29: if (!(screenshotDir.exists()))
2026-09-14 10:34:41.180 DEBUG testcase.ProsesDownload                  - 30: psScript = 
Add-Type @'
using System;
using System.Runtime.InteropServices;

public class WindowCapture {

    [DllImport("user32.dll")]
    public static extern bool PrintWindow(
        IntPtr hwnd,
        IntPtr hdcBlt,
        uint nFlags
    );

    [DllImport("user32.dll")]
    public static extern bool GetWindowRect(
        IntPtr hwnd,
        out RECT rect
    );

    [StructLayout(LayoutKind.Sequential)]
    public struct RECT {
        public int Left;
        public int Top;
        public int Right;
        public int Bottom;
    }
}
'@

$fileName = '$excelFileNameForPS'

$app = Get-Process | Where-Object {
    $_.MainWindowHandle -ne 0 -and
    (
        $_.MainWindowTitle -like "*$fileName*" -or
        $_.MainWindowTitle -like "*WPS*" -or
        $_.MainWindowTitle -like "*Excel*"
    )
} | Select-Object -First 1

if ($app) {
    Write-Output $app.MainWindowHandle
    Write-Output $app.MainWindowTitle
}

2026-09-14 10:34:41.185 DEBUG testcase.ProsesDownload                  - 31: psProcess = redirectErrorStream(true).start()
2026-09-14 10:34:41.258 DEBUG testcase.ProsesDownload                  - 32: psResult = text.trim()
2026-09-14 10:34:42.100 DEBUG testcase.ProsesDownload                  - 33: psProcess.waitFor()
2026-09-14 10:34:42.110 DEBUG testcase.ProsesDownload                  - 34: comment("Hasil pencarian window: " + psResult)
2026-09-14 10:34:42.115 INFO  c.k.k.c.keyword.builtin.CommentKeyword   - Hasil pencarian window: At line:36 char:33
+         $_.MainWindowTitle -like *$fileName* -or
+                                 ~
You must provide a value expression following the '-like' operator.
At line:36 char:45
+         $_.MainWindowTitle -like *$fileName* -or
+                                             ~
You must provide a value expression following the '*' operator.
At line:37 char:33
+         $_.MainWindowTitle -like *WPS* -or
+                                 ~
You must provide a value expression following the '-like' operator.
At line:37 char:35
+         $_.MainWindowTitle -like *WPS* -or
+                                   ~
You must provide a value expression following the '*' operator.
At line:37 char:35
+         $_.MainWindowTitle -like *WPS* -or
+                                   ~~~~
Unexpected token 'WPS*' in expression or statement.
At line:37 char:35
+         $_.MainWindowTitle -like *WPS* -or
+                                   ~
Missing closing ')' in expression.
At line:38 char:33
+         $_.MainWindowTitle -like *Excel*
+                                 ~
You must provide a value expression following the '-like' operator.
At line:38 char:35
+         $_.MainWindowTitle -like *Excel*
+                                   ~
You must provide a value expression following the '*' operator.
At line:38 char:35
+         $_.MainWindowTitle -like *Excel*
+                                   ~~~~~~
Unexpected token 'Excel*' in expression or statement.
At line:33 char:35
+ $app = Get-Process | Where-Object {
+                                   ~
Missing closing '}' in statement block or type definition.
Not all parse errors were reported.  Correct the reported errors and try again.
    + CategoryInfo          : ParserError: (:) [], ParentContainsErrorRecordException
    + FullyQualifiedErrorId : ExpectedValueExpression
2026-09-14 10:34:42.117 DEBUG testcase.ProsesDownload                  - 35: resultLines = psResult.split("\r?\n")
2026-09-14 10:34:42.125 DEBUG testcase.ProsesDownload                  - 36: if (length < 1 || !(trim().isNumber()))
2026-09-14 10:34:42.142 DEBUG testcase.ProsesDownload                  - 1: markFailed("Window WPS/Excel tidak ditemukan. Hasil: " + psResult)
2026-09-14 10:34:42.144 ERROR com.kms.katalon.core.util.KeywordUtil    - ❌ Window WPS/Excel tidak ditemukan. Hasil: At line:36 char:33
+         $_.MainWindowTitle -like *$fileName* -or
+                                 ~
You must provide a value expression following the '-like' operator.
At line:36 char:45
+         $_.MainWindowTitle -like *$fileName* -or
+                                             ~
You must provide a value expression following the '*' operator.
At line:37 char:33
+         $_.MainWindowTitle -like *WPS* -or
+                                 ~
You must provide a value expression following the '-like' operator.
At line:37 char:35
+         $_.MainWindowTitle -like *WPS* -or
+                                   ~
You must provide a value expression following the '*' operator.
At line:37 char:35
+         $_.MainWindowTitle -like *WPS* -or
+                                   ~~~~
Unexpected token 'WPS*' in expression or statement.
At line:37 char:35
+         $_.MainWindowTitle -like *WPS* -or
+                                   ~
Missing closing ')' in expression.
At line:38 char:33
+         $_.MainWindowTitle -like *Excel*
+                                 ~
You must provide a value expression following the '-like' operator.
At line:38 char:35
+         $_.MainWindowTitle -like *Excel*
+                                   ~
You must provide a value expression following the '*' operator.
At line:38 char:35
+         $_.MainWindowTitle -like *Excel*
+                                   ~~~~~~
Unexpected token 'Excel*' in expression or statement.
At line:33 char:35
+ $app = Get-Process | Where-Object {
+                                   ~
Missing closing '}' in statement block or type definition.
Not all parse errors were reported.  Correct the reported errors and try again.
    + CategoryInfo          : ParserError: (:) [], ParentContainsErrorRecordException
    + FullyQualifiedErrorId : ExpectedValueExpression
2026-09-14 10:34:42.150 DEBUG testcase.ProsesDownload                  - 37: hwnd = resultLines[0].trim()
2026-09-14 10:34:42.155 DEBUG testcase.ProsesDownload                  - 38: comment("HWND WPS/Excel: " + hwnd)
2026-09-14 10:34:42.161 INFO  c.k.k.c.keyword.builtin.CommentKeyword   - HWND WPS/Excel: At line:36 char:33
2026-09-14 10:34:42.163 DEBUG testcase.ProsesDownload                  - 39: captureScript = 
Add-Type -AssemblyName System.Drawing

Add-Type @'
using System;
using System.Runtime.InteropServices;

public class CaptureWindow {

    [DllImport("user32.dll")]
    public static extern bool GetWindowRect(
        IntPtr hWnd,
        out RECT lpRect
    );

    [DllImport("user32.dll")]
    public static extern bool PrintWindow(
        IntPtr hWnd,
        IntPtr hdcBlt,
        uint nFlags
    );

    [StructLayout(LayoutKind.Sequential)]
    public struct RECT {
        public int Left;
        public int Top;
        public int Right;
        public int Bottom;
    }
}
'@

$hwnd = [IntPtr]::new($hwnd)

$rect = New-Object CaptureWindow+RECT

[CaptureWindow]::GetWindowRect(
    $hwnd,
    [ref]$rect
)

$width =
    $rect.Right - $rect.Left

$height =
    $rect.Bottom - $rect.Top

if ($width -le 0 -or $height -le 0) {
    throw "Ukuran window WPS tidak valid: $width x $height"
}

$bitmap =
    New-Object System.Drawing.Bitmap(
        $width,
        $height
    )

$graphics =
    [System.Drawing.Graphics]::FromImage($bitmap)

$hdc =
    $graphics.GetHdc()

$result =
    [CaptureWindow]::PrintWindow(
        $hwnd,
        $hdc,
        2
    )

$graphics.ReleaseHdc($hdc)
$graphics.Dispose()

if (-not $result) {
    throw "PrintWindow gagal mengambil window WPS/Excel."
}

$bitmap.Save(
    '$screenshotExcel.replace(', '')',
    [System.Drawing.Imaging.ImageFormat]::Png
)

$bitmap.Dispose()

Write-Output "SCREENSHOT_OK"

2026-09-14 10:34:42.169 DEBUG testcase.ProsesDownload                  - 40: captureProcess = redirectErrorStream(true).start()
2026-09-14 10:34:42.221 DEBUG testcase.ProsesDownload                  - 41: captureResult = text.trim()
2026-09-14 10:34:42.980 DEBUG testcase.ProsesDownload                  - 42: exitCode = captureProcess.waitFor()
2026-09-14 10:34:42.988 DEBUG testcase.ProsesDownload                  - 43: comment("Hasil capture WPS: " + captureResult)
2026-09-14 10:34:42.994 INFO  c.k.k.c.keyword.builtin.CommentKeyword   - Hasil capture WPS: At line:33 char:23
+ $hwnd = [IntPtr]::new(At line:36 char:33)
+                       ~
Missing ')' in method call.
At line:33 char:23
+ $hwnd = [IntPtr]::new(At line:36 char:33)
+                       ~~
Unexpected token 'At' in expression or statement.
At line:33 char:41
+ $hwnd = [IntPtr]::new(At line:36 char:33)
+                                         ~
Unexpected token ')' in expression or statement.
    + CategoryInfo          : ParserError: (:) [], ParentContainsErrorRecordException
    + FullyQualifiedErrorId : MissingEndParenthesisInMethodCall
2026-09-14 10:34:42.995 DEBUG testcase.ProsesDownload                  - 44: screenshotFile = new java.io.File(screenshotExcel)
2026-09-14 10:34:42.998 DEBUG testcase.ProsesDownload                  - 45: verifyEqual(exitCode, 0, STOP_ON_FAILURE)
2026-09-14 10:34:43.038 ERROR c.k.k.core.keyword.internal.KeywordMain  - ❌ Unable to verify equal between actual object '1' and expected object '0' (Root cause: com.kms.katalon.core.exception.StepFailedException: Actual object '1' and expected object '0' are not equal
	at com.kms.katalon.core.keyword.builtin.VerifyEqualKeyword$_verifyEqual_closure1.doCall(VerifyEqualKeyword.groovy:58)
	at com.kms.katalon.core.keyword.builtin.VerifyEqualKeyword$_verifyEqual_closure1.call(VerifyEqualKeyword.groovy)
	at com.kms.katalon.core.keyword.internal.KeywordMain.runKeyword(KeywordMain.groovy:75)
	at com.kms.katalon.core.keyword.builtin.VerifyEqualKeyword.verifyEqual(VerifyEqualKeyword.groovy:63)
	at com.kms.katalon.core.keyword.builtin.VerifyEqualKeyword.execute(VerifyEqualKeyword.groovy:44)
	at com.kms.katalon.core.keyword.internal.KeywordExecutor.executeKeywordForPlatform(KeywordExecutor.groovy:90)
	at com.kms.katalon.core.keyword.BuiltinKeywords.verifyEqual(BuiltinKeywords.groovy:131)
	at java.base/jdk.internal.reflect.NativeMethodAccessorImpl.invoke0(Native Method)
	at java.base/jdk.internal.reflect.NativeMethodAccessorImpl.invoke(NativeMethodAccessorImpl.java:77)
	at java.base/jdk.internal.reflect.DelegatingMethodAccessorImpl.invoke(DelegatingMethodAccessorImpl.java:43)
	at ProsesDownload.run(ProsesDownload:583)
	at com.kms.katalon.core.main.ScriptEngine.run(ScriptEngine.java:194)
	at com.kms.katalon.core.main.ScriptEngine.runScriptAsRawText(ScriptEngine.java:119)
	at com.kms.katalon.core.main.TestCaseExecutor.runScript(TestCaseExecutor.java:490)
	at com.kms.katalon.core.main.TestCaseExecutor.doExecute(TestCaseExecutor.java:481)
	at com.kms.katalon.core.main.TestCaseExecutor.processExecutionPhase(TestCaseExecutor.java:460)
	at com.kms.katalon.core.main.TestCaseExecutor.accessMainPhase(TestCaseExecutor.java:452)
	at com.kms.katalon.core.main.TestCaseExecutor.execute(TestCaseExecutor.java:322)
	at com.kms.katalon.core.common.CommonExecutor.accessTestCaseMainPhase(CommonExecutor.java:71)
	at com.kms.katalon.core.main.TestSuiteExecutor.accessTestSuiteMainPhase(TestSuiteExecutor.java:153)
	at com.kms.katalon.core.main.TestSuiteExecutor.execute(TestSuiteExecutor.java:110)
	at com.kms.katalon.core.main.TestCaseMain.startTestSuite(TestCaseMain.java:205)
	at TempTestSuite1789356756616.run(TempTestSuite1789356756616.groovy:35)
	at java.base/jdk.internal.reflect.NativeMethodAccessorImpl.invoke0(Native Method)
	at java.base/jdk.internal.reflect.NativeMethodAccessorImpl.invoke(NativeMethodAccessorImpl.java:77)
	at java.base/jdk.internal.reflect.DelegatingMethodAccessorImpl.invoke(DelegatingMethodAccessorImpl.java:43)
)
2026-09-14 10:34:43.042 ERROR c.k.katalon.core.main.TestCaseExecutor   - ❌ Test Cases/DATA UI/Download/ProsesDownload FAILED.
Reason:
com.kms.katalon.core.exception.StepFailedException: Window WPS/Excel tidak ditemukan. Hasil: At line:36 char:33
+         $_.MainWindowTitle -like *$fileName* -or
+                                 ~
You must provide a value expression following the '-like' operator.
At line:36 char:45
+         $_.MainWindowTitle -like *$fileName* -or
+                                             ~
You must provide a value expression following the '*' operator.
At line:37 char:33
+         $_.MainWindowTitle -like *WPS* -or
+                                 ~
You must provide a value expression following the '-like' operator.
At line:37 char:35
+         $_.MainWindowTitle -like *WPS* -or
+                                   ~
You must provide a value expression following the '*' operator.
At line:37 char:35
+         $_.MainWindowTitle -like *WPS* -or
+                                   ~~~~
Unexpected token 'WPS*' in expression or statement.
At line:37 char:35
+         $_.MainWindowTitle -like *WPS* -or
+                                   ~
Missing closing ')' in expression.
At line:38 char:33
+         $_.MainWindowTitle -like *Excel*
+                                 ~
You must provide a value expression following the '-like' operator.
At line:38 char:35
+         $_.MainWindowTitle -like *Excel*
+                                   ~
You must provide a value expression following the '*' operator.
At line:38 char:35
+         $_.MainWindowTitle -like *Excel*
+                                   ~~~~~~
Unexpected token 'Excel*' in expression or statement.
At line:33 char:35
+ $app = Get-Process | Where-Object {
+                                   ~
Missing closing '}' in statement block or type definition.
Not all parse errors were reported.  Correct the reported errors and try again.
    + CategoryInfo          : ParserError: (:) [], ParentContainsErrorRecordException
    + FullyQualifiedErrorId : ExpectedValueExpression
	at com.kms.katalon.core.util.KeywordUtil.markFailed(KeywordUtil.java:19)
	at ProsesDownload.run(ProsesDownload:448)
	at com.kms.katalon.core.main.ScriptEngine.run(ScriptEngine.java:194)
	at com.kms.katalon.core.main.ScriptEngine.runScriptAsRawText(ScriptEngine.java:119)
	at com.kms.katalon.core.main.TestCaseExecutor.runScript(TestCaseExecutor.java:490)
	at com.kms.katalon.core.main.TestCaseExecutor.doExecute(TestCaseExecutor.java:481)
	at com.kms.katalon.core.main.TestCaseExecutor.processExecutionPhase(TestCaseExecutor.java:460)
	at com.kms.katalon.core.main.TestCaseExecutor.accessMainPhase(TestCaseExecutor.java:452)
	at com.kms.katalon.core.main.TestCaseExecutor.execute(TestCaseExecutor.java:322)
	at com.kms.katalon.core.common.CommonExecutor.accessTestCaseMainPhase(CommonExecutor.java:71)
	at com.kms.katalon.core.main.TestSuiteExecutor.accessTestSuiteMainPhase(TestSuiteExecutor.java:153)
	at com.kms.katalon.core.main.TestSuiteExecutor.execute(TestSuiteExecutor.java:110)
	at com.kms.katalon.core.main.TestCaseMain.startTestSuite(TestCaseMain.java:205)
	at TempTestSuite1789356756616.run(TempTestSuite1789356756616.groovy:35)
	at java.base/jdk.internal.reflect.NativeMethodAccessorImpl.invoke0(Native Method)
	at java.base/jdk.internal.reflect.NativeMethodAccessorImpl.invoke(NativeMethodAccessorImpl.java:77)
	at java.base/jdk.internal.reflect.DelegatingMethodAccessorImpl.invoke(DelegatingMethodAccessorImpl.java:43)

Screenshot disimpan: C:/Users/TTECH-0251/git/AutoAPI/Screenshots/Evidence_FAILED_14.09.2026_(10.34.43).png
2026-09-14 10:34:43.543 INFO  c.k.katalon.core.main.TestCaseExecutor   - END Test Cases/DATA UI/Download/ProsesDownload
2026-09-14 10:34:43.550 INFO  c.k.katalon.core.main.TestCaseExecutor   - --------------------
2026-09-14 10:34:43.550 INFO  c.k.katalon.core.main.TestCaseExecutor   - START Test Cases/DATA UI/Download/ProsesDownload
2026-09-14 10:34:43.643 DEBUG testcase.ProsesDownload                  - 1: projectDir = getProjectDir()
2026-09-14 10:34:43.645 DEBUG testcase.ProsesDownload                  - 2: timestamp = Date().format("dd.MM.yyyy_(HH.mm.ss)")
2026-09-14 10:34:43.646 DEBUG testcase.ProsesDownload                  - 3: click(findTestObject("Data UI/Download/btnDownload"))
2026-09-14 10:34:53.713 WARN  c.k.k.c.w.keyword.builtin.ClickKeyword   - Waiting for element timed out
2026-09-14 10:34:54.938 ERROR c.k.k.core.keyword.internal.KeywordMain  - ❌ Unable to click on object 'Object Repository/Data UI/Download/btnDownload' (Root cause: com.kms.katalon.core.exception.StepFailedException: Unable to click on object 'Object Repository/Data UI/Download/btnDownload'
	at com.kms.katalon.core.webui.keyword.internal.WebUIKeywordMain.stepFailed(WebUIKeywordMain.groovy:177)
	at com.kms.katalon.core.webui.keyword.internal.WebUIKeywordMain.runKeyword(WebUIKeywordMain.groovy:49)
	at com.kms.katalon.core.webui.keyword.internal.WebUIKeywordMain.runKeywordUntilTimeout(WebUIKeywordMain.groovy:133)
	at com.kms.katalon.core.webui.keyword.builtin.ClickKeyword.click(ClickKeyword.groovy:72)
	at com.kms.katalon.core.webui.keyword.builtin.ClickKeyword.execute(ClickKeyword.groovy:38)
	at com.kms.katalon.core.keyword.internal.KeywordExecutor.executeKeywordForPlatform(KeywordExecutor.groovy:90)
	at com.kms.katalon.core.webui.keyword.WebUiBuiltInKeywords.click(WebUiBuiltInKeywords.groovy:721)
	at ProsesDownload.run(ProsesDownload:34)
	at com.kms.katalon.core.main.ScriptEngine.run(ScriptEngine.java:194)
	at com.kms.katalon.core.main.ScriptEngine.runScriptAsRawText(ScriptEngine.java:119)
	at com.kms.katalon.core.main.TestCaseExecutor.runScript(TestCaseExecutor.java:490)
	at com.kms.katalon.core.main.TestCaseExecutor.doExecute(TestCaseExecutor.java:481)
	at com.kms.katalon.core.main.TestCaseExecutor.processExecutionPhase(TestCaseExecutor.java:460)
	at com.kms.katalon.core.main.TestCaseExecutor.accessMainPhase(TestCaseExecutor.java:452)
	at com.kms.katalon.core.main.TestCaseExecutor.execute(TestCaseExecutor.java:322)
	at com.kms.katalon.core.main.TestCaseExecutor.execute(TestCaseExecutor.java:410)
	at com.kms.katalon.core.common.CommonExecutor.accessTestCaseMainPhase(CommonExecutor.java:71)
	at com.kms.katalon.core.main.TestSuiteExecutor.accessTestSuiteMainPhase(TestSuiteExecutor.java:153)
	at com.kms.katalon.core.main.TestSuiteExecutor.execute(TestSuiteExecutor.java:110)
	at com.kms.katalon.core.main.TestCaseMain.startTestSuite(TestCaseMain.java:205)
	at TempTestSuite1789356756616.run(TempTestSuite1789356756616.groovy:35)
	at java.base/jdk.internal.reflect.NativeMethodAccessorImpl.invoke0(Native Method)
	at java.base/jdk.internal.reflect.NativeMethodAccessorImpl.invoke(NativeMethodAccessorImpl.java:77)
	at java.base/jdk.internal.reflect.DelegatingMethodAccessorImpl.invoke(DelegatingMethodAccessorImpl.java:43)
Caused by: org.openqa.selenium.ElementClickInterceptedException: element click intercepted: Element <button type="button" id="downloadBtn" class="btn btn-primary mr-1 mx-1 mb-3" onclick="checkDataBeforeDownload()">...</button> is not clickable at point (985, 318). Other element would receive the click: <div class="modal fade show" id="downloadModal" tabindex="-1" aria-modal="true" role="dialog" style="padding-right: 15px; display: block;">...</div>
  (Session info: chrome=152.0.7977.83)
Build info: version: '4.34.0', revision: '707dcb4246*'
System info: os.name: 'Windows 10', os.arch: 'amd64', os.version: '10.0', java.version: '17.0.14'
Driver info: com.kms.katalon.selenium.driver.CChromeDriver
Command: [d0c4aad3fb384a3296215b7ba47e7224, clickElement {id=f.1E6E9298840B980A250F96BD320A9F62.d.3386380C80FCAB471F48AD58F0D016B5.e.345}]
Capabilities {acceptInsecureCerts: false, browserName: chrome, browserVersion: 152.0.7977.83, chrome: {chromedriverVersion: 152.0.7977.75 (4999cc1efed3..., userDataDir: C:\Users\TTECH-~1\AppData\L...}, fedcm:accounts: true, goog:chromeOptions: {debuggerAddress: localhost:51269}, goog:processID: 21156, networkConnectionEnabled: false, pageLoadStrategy: normal, platformName: windows, proxy: Proxy(), se:cdp: ws://localhost:51269/devtoo..., se:cdpVersion: 152.0.7977.83, setWindowRect: true, strictFileInteractability: false, timeouts: {implicit: 0, pageLoad: 300000, script: 30000}, unhandledPromptBehavior: {alert: ignore, beforeUnload: ignore, confirm: ignore, default: ignore, file: ignore, prompt: ignore}, webSocketUrl: ws://localhost:21947/sessio..., webauthn:extension:credBlob: true, webauthn:extension:largeBlob: true, webauthn:extension:minPinLength: true, webauthn:extension:prf: true, webauthn:virtualAuthenticators: true}
Element: [[CChromeDriver: chrome on windows (d0c4aad3fb384a3296215b7ba47e7224)] -> xpath: //button[@id='downloadBtn' and normalize-space()='Download']]
Session ID: d0c4aad3fb384a3296215b7ba47e7224
	at java.base/jdk.internal.reflect.NativeConstructorAccessorImpl.newInstance0(Native Method)
	at java.base/jdk.internal.reflect.NativeConstructorAccessorImpl.newInstance(NativeConstructorAccessorImpl.java:77)
	at java.base/jdk.internal.reflect.DelegatingConstructorAccessorImpl.newInstance(DelegatingConstructorAccessorImpl.java:45)
	at org.openqa.selenium.remote.ErrorCodec.decode(ErrorCodec.java:167)
	at org.openqa.selenium.remote.codec.w3c.W3CHttpResponseCodec.decode(W3CHttpResponseCodec.java:138)
	at org.openqa.selenium.remote.codec.w3c.W3CHttpResponseCodec.decode(W3CHttpResponseCodec.java:50)
	at org.openqa.selenium.remote.HttpCommandExecutor.execute(HttpCommandExecutor.java:215)
	at org.openqa.selenium.remote.service.DriverCommandExecutor.invokeExecute(DriverCommandExecutor.java:216)
	at org.openqa.selenium.remote.service.DriverCommandExecutor.execute(DriverCommandExecutor.java:174)
	at org.openqa.selenium.remote.RemoteWebDriver.execute(RemoteWebDriver.java:544)
	at org.openqa.selenium.remote.RemoteWebElement.execute(RemoteWebElement.java:223)
	at org.openqa.selenium.remote.RemoteWebElement.click(RemoteWebElement.java:76)
	at java.base/jdk.internal.reflect.NativeMethodAccessorImpl.invoke0(Native Method)
	at java.base/jdk.internal.reflect.NativeMethodAccessorImpl.invoke(NativeMethodAccessorImpl.java:77)
	at java.base/jdk.internal.reflect.DelegatingMethodAccessorImpl.invoke(DelegatingMethodAccessorImpl.java:43)
	at org.openqa.selenium.support.decorators.WebDriverDecorator.call(WebDriverDecorator.java:315)
	at org.openqa.selenium.support.decorators.DefaultDecorated.call(DefaultDecorated.java:48)
	at org.openqa.selenium.support.decorators.WebDriverDecorator.lambda$createProxyFactory$3(WebDriverDecorator.java:405)
	at net.bytebuddy.renamed.java.lang.Object$ByteBuddy$VJ2xQ5Kx.click(Unknown Source)
	at com.kms.katalon.core.webui.keyword.builtin.ClickKeyword$_click_closure1.doCall(ClickKeyword.groovy:63)
	at java.base/jdk.internal.reflect.NativeMethodAccessorImpl.invoke0(Native Method)
	at java.base/jdk.internal.reflect.NativeMethodAccessorImpl.invoke(NativeMethodAccessorImpl.java:77)
	at java.base/jdk.internal.reflect.DelegatingMethodAccessorImpl.invoke(DelegatingMethodAccessorImpl.java:43)
	at jdk.proxy2/jdk.proxy2.$Proxy50.execute(Unknown Source)
	at com.kms.katalon.core.webui.model.SeleniumActionRetryController.performAction(SeleniumActionRetryController.java:96)
	at com.kms.katalon.core.webui.model.SeleniumActionRetryController.performAction(SeleniumActionRetryController.java:83)
	at com.kms.katalon.core.webui.keyword.internal.WebUIKeywordMain$_runKeywordUntilTimeout_closure1.doCall(WebUIKeywordMain.groovy:135)
	at com.kms.katalon.core.webui.keyword.internal.WebUIKeywordMain$_runKeywordUntilTimeout_closure1.call(WebUIKeywordMain.groovy)
	at com.kms.katalon.core.webui.keyword.internal.WebUIKeywordMain.runKeyword(WebUIKeywordMain.groovy:41)
	at com.kms.katalon.core.webui.keyword.internal.WebUIKeywordMain.runKeywordUntilTimeout(WebUIKeywordMain.groovy:133)
	at com.kms.katalon.core.webui.keyword.builtin.ClickKeyword.click(ClickKeyword.groovy:72)
	at com.kms.katalon.core.webui.keyword.builtin.ClickKeyword.execute(ClickKeyword.groovy:38)
	at com.kms.katalon.core.keyword.internal.KeywordExecutor.executeKeywordForPlatform(KeywordExecutor.groovy:90)
	at com.kms.katalon.core.webui.keyword.WebUiBuiltInKeywords.click(WebUiBuiltInKeywords.groovy:721)
	at Script1789109061992.run(Script1789109061992.groovy:34)
	... 16 more
)
2026-09-14 10:34:54.944 ERROR c.k.katalon.core.main.TestCaseExecutor   - ❌ Test Cases/DATA UI/Download/ProsesDownload FAILED.
Reason:
com.kms.katalon.core.exception.StepFailedException: Unable to click on object 'Object Repository/Data UI/Download/btnDownload'
	at com.kms.katalon.core.webui.keyword.internal.WebUIKeywordMain.stepFailed(WebUIKeywordMain.groovy:177)
	at com.kms.katalon.core.webui.keyword.internal.WebUIKeywordMain.runKeyword(WebUIKeywordMain.groovy:49)
	at com.kms.katalon.core.webui.keyword.internal.WebUIKeywordMain.runKeywordUntilTimeout(WebUIKeywordMain.groovy:133)
	at com.kms.katalon.core.webui.keyword.builtin.ClickKeyword.click(ClickKeyword.groovy:72)
	at com.kms.katalon.core.webui.keyword.builtin.ClickKeyword.execute(ClickKeyword.groovy:38)
	at com.kms.katalon.core.keyword.internal.KeywordExecutor.executeKeywordForPlatform(KeywordExecutor.groovy:90)
	at com.kms.katalon.core.webui.keyword.WebUiBuiltInKeywords.click(WebUiBuiltInKeywords.groovy:721)
	at ProsesDownload.run(ProsesDownload:34)
	at com.kms.katalon.core.main.ScriptEngine.run(ScriptEngine.java:194)
	at com.kms.katalon.core.main.ScriptEngine.runScriptAsRawText(ScriptEngine.java:119)
	at com.kms.katalon.core.main.TestCaseExecutor.runScript(TestCaseExecutor.java:490)
	at com.kms.katalon.core.main.TestCaseExecutor.doExecute(TestCaseExecutor.java:481)
	at com.kms.katalon.core.main.TestCaseExecutor.processExecutionPhase(TestCaseExecutor.java:460)
	at com.kms.katalon.core.main.TestCaseExecutor.accessMainPhase(TestCaseExecutor.java:452)
	at com.kms.katalon.core.main.TestCaseExecutor.execute(TestCaseExecutor.java:322)
	at com.kms.katalon.core.main.TestCaseExecutor.execute(TestCaseExecutor.java:410)
	at com.kms.katalon.core.common.CommonExecutor.accessTestCaseMainPhase(CommonExecutor.java:71)
	at com.kms.katalon.core.main.TestSuiteExecutor.accessTestSuiteMainPhase(TestSuiteExecutor.java:153)
	at com.kms.katalon.core.main.TestSuiteExecutor.execute(TestSuiteExecutor.java:110)
	at com.kms.katalon.core.main.TestCaseMain.startTestSuite(TestCaseMain.java:205)
	at TempTestSuite1789356756616.run(TempTestSuite1789356756616.groovy:35)
	at java.base/jdk.internal.reflect.NativeMethodAccessorImpl.invoke0(Native Method)
	at java.base/jdk.internal.reflect.NativeMethodAccessorImpl.invoke(NativeMethodAccessorImpl.java:77)
	at java.base/jdk.internal.reflect.DelegatingMethodAccessorImpl.invoke(DelegatingMethodAccessorImpl.java:43)
Caused by: org.openqa.selenium.ElementClickInterceptedException: element click intercepted: Element <button type="button" id="downloadBtn" class="btn btn-primary mr-1 mx-1 mb-3" onclick="checkDataBeforeDownload()">...</button> is not clickable at point (985, 318). Other element would receive the click: <div class="modal fade show" id="downloadModal" tabindex="-1" aria-modal="true" role="dialog" style="padding-right: 15px; display: block;">...</div>
  (Session info: chrome=152.0.7977.83)
Build info: version: '4.34.0', revision: '707dcb4246*'
System info: os.name: 'Windows 10', os.arch: 'amd64', os.version: '10.0', java.version: '17.0.14'
Driver info: com.kms.katalon.selenium.driver.CChromeDriver
Command: [d0c4aad3fb384a3296215b7ba47e7224, clickElement {id=f.1E6E9298840B980A250F96BD320A9F62.d.3386380C80FCAB471F48AD58F0D016B5.e.345}]
Capabilities {acceptInsecureCerts: false, browserName: chrome, browserVersion: 152.0.7977.83, chrome: {chromedriverVersion: 152.0.7977.75 (4999cc1efed3..., userDataDir: C:\Users\TTECH-~1\AppData\L...}, fedcm:accounts: true, goog:chromeOptions: {debuggerAddress: localhost:51269}, goog:processID: 21156, networkConnectionEnabled: false, pageLoadStrategy: normal, platformName: windows, proxy: Proxy(), se:cdp: ws://localhost:51269/devtoo..., se:cdpVersion: 152.0.7977.83, setWindowRect: true, strictFileInteractability: false, timeouts: {implicit: 0, pageLoad: 300000, script: 30000}, unhandledPromptBehavior: {alert: ignore, beforeUnload: ignore, confirm: ignore, default: ignore, file: ignore, prompt: ignore}, webSocketUrl: ws://localhost:21947/sessio..., webauthn:extension:credBlob: true, webauthn:extension:largeBlob: true, webauthn:extension:minPinLength: true, webauthn:extension:prf: true, webauthn:virtualAuthenticators: true}
Element: [[CChromeDriver: chrome on windows (d0c4aad3fb384a3296215b7ba47e7224)] -> xpath: //button[@id='downloadBtn' and normalize-space()='Download']]
Session ID: d0c4aad3fb384a3296215b7ba47e7224
	at java.base/jdk.internal.reflect.NativeConstructorAccessorImpl.newInstance0(Native Method)
	at java.base/jdk.internal.reflect.NativeConstructorAccessorImpl.newInstance(NativeConstructorAccessorImpl.java:77)
	at java.base/jdk.internal.reflect.DelegatingConstructorAccessorImpl.newInstance(DelegatingConstructorAccessorImpl.java:45)
	at org.openqa.selenium.remote.ErrorCodec.decode(ErrorCodec.java:167)
	at org.openqa.selenium.remote.codec.w3c.W3CHttpResponseCodec.decode(W3CHttpResponseCodec.java:138)
	at org.openqa.selenium.remote.codec.w3c.W3CHttpResponseCodec.decode(W3CHttpResponseCodec.java:50)
	at org.openqa.selenium.remote.HttpCommandExecutor.execute(HttpCommandExecutor.java:215)
	at org.openqa.selenium.remote.service.DriverCommandExecutor.invokeExecute(DriverCommandExecutor.java:216)
	at org.openqa.selenium.remote.service.DriverCommandExecutor.execute(DriverCommandExecutor.java:174)
	at org.openqa.selenium.remote.RemoteWebDriver.execute(RemoteWebDriver.java:544)
	at org.openqa.selenium.remote.RemoteWebElement.execute(RemoteWebElement.java:223)
	at org.openqa.selenium.remote.RemoteWebElement.click(RemoteWebElement.java:76)
	at java.base/jdk.internal.reflect.NativeMethodAccessorImpl.invoke0(Native Method)
	at java.base/jdk.internal.reflect.NativeMethodAccessorImpl.invoke(NativeMethodAccessorImpl.java:77)
	at java.base/jdk.internal.reflect.DelegatingMethodAccessorImpl.invoke(DelegatingMethodAccessorImpl.java:43)
	at org.openqa.selenium.support.decorators.WebDriverDecorator.call(WebDriverDecorator.java:315)
	at org.openqa.selenium.support.decorators.DefaultDecorated.call(DefaultDecorated.java:48)
	at org.openqa.selenium.support.decorators.WebDriverDecorator.lambda$createProxyFactory$3(WebDriverDecorator.java:405)
	at net.bytebuddy.renamed.java.lang.Object$ByteBuddy$VJ2xQ5Kx.click(Unknown Source)
	at com.kms.katalon.core.webui.keyword.builtin.ClickKeyword$_click_closure1.doCall(ClickKeyword.groovy:63)
	at java.base/jdk.internal.reflect.NativeMethodAccessorImpl.invoke0(Native Method)
	at java.base/jdk.internal.reflect.NativeMethodAccessorImpl.invoke(NativeMethodAccessorImpl.java:77)
	at java.base/jdk.internal.reflect.DelegatingMethodAccessorImpl.invoke(DelegatingMethodAccessorImpl.java:43)
	at jdk.proxy2/jdk.proxy2.$Proxy50.execute(Unknown Source)
	at com.kms.katalon.core.webui.model.SeleniumActionRetryController.performAction(SeleniumActionRetryController.java:96)
	at com.kms.katalon.core.webui.model.SeleniumActionRetryController.performAction(SeleniumActionRetryController.java:83)
	at com.kms.katalon.core.webui.keyword.internal.WebUIKeywordMain$_runKeywordUntilTimeout_closure1.doCall(WebUIKeywordMain.groovy:135)
	at com.kms.katalon.core.webui.keyword.internal.WebUIKeywordMain$_runKeywordUntilTimeout_closure1.call(WebUIKeywordMain.groovy)
	at com.kms.katalon.core.webui.keyword.internal.WebUIKeywordMain.runKeyword(WebUIKeywordMain.groovy:41)
	... 22 more

Screenshot disimpan: C:/Users/TTECH-0251/git/AutoAPI/Screenshots/Evidence_FAILED_14.09.2026_(10.34.54).png
2026-09-14 10:34:55.341 INFO  c.k.katalon.core.main.TestCaseExecutor   - END Test Cases/DATA UI/Download/ProsesDownload
2026-09-14 10:34:55.348 INFO  c.k.katalon.core.main.TestCaseExecutor   - --------------------
2026-09-14 10:34:55.348 INFO  c.k.katalon.core.main.TestCaseExecutor   - START Test Cases/DATA UI/Download/ProsesDownload
2026-09-14 10:34:55.421 DEBUG testcase.ProsesDownload                  - 1: projectDir = getProjectDir()
2026-09-14 10:34:55.422 DEBUG testcase.ProsesDownload                  - 2: timestamp = Date().format("dd.MM.yyyy_(HH.mm.ss)")
2026-09-14 10:34:55.424 DEBUG testcase.ProsesDownload                  - 3: click(findTestObject("Data UI/Download/btnDownload"))
2026-09-14 10:35:05.496 WARN  c.k.k.c.w.keyword.builtin.ClickKeyword   - Waiting for element timed out
