2026-09-14 11:08:14.116 INFO  c.k.k.c.l.logback.LogbackConfigurator    - Logback default configuration initialized from: C:\Users\TTECH-0251\.katalon\packages\KSE-10.4.2\configuration\org.eclipse.osgi\132\0\.cp\resources\logback\logback-execution.xml
2026-09-14 11:08:14.121 INFO  c.k.k.c.l.logback.LogbackConfigurator    - Logback custom configuration initialized from: C:\Users\TTECH-0251\git\AutoAPI\Include\config\log.properties
2026-09-14 11:08:15.191 INFO  c.k.katalon.core.main.TestSuiteExecutor  - START Test Suites/BrinsBook/FBI_Detail
2026-09-14 11:08:15.279 INFO  c.k.katalon.core.main.TestSuiteExecutor  - userFullName = Quality Assurance 12
2026-09-14 11:08:15.280 INFO  c.k.katalon.core.main.TestSuiteExecutor  - projectName = AutoAPI
2026-09-14 11:08:15.281 INFO  c.k.katalon.core.main.TestSuiteExecutor  - hostName = TTECH-0251 - NovalWinaNurcahyo.brins.co.id
2026-09-14 11:08:15.282 INFO  c.k.katalon.core.main.TestSuiteExecutor  - os = Windows 10 64bit
2026-09-14 11:08:15.283 INFO  c.k.katalon.core.main.TestSuiteExecutor  - hostAddress = 10.1.48.156
2026-09-14 11:08:15.284 INFO  c.k.katalon.core.main.TestSuiteExecutor  - katalonVersion = 10.4.2.0
2026-09-14 11:08:15.906 INFO  c.k.katalon.core.main.TestCaseExecutor   - --------------------
2026-09-14 11:08:15.906 INFO  c.k.katalon.core.main.TestCaseExecutor   - START Test Cases/DATA UI/Login/Login_BrinsBook
2026-09-14 11:08:16.182 DEBUG testcase.Login_BrinsBook                 - 1: projectDir = getProjectDir()
2026-09-14 11:08:16.185 DEBUG testcase.Login_BrinsBook                 - 2: timestamp = Date().format("dd.MM.yyyy_(HH.mm.ss)")
2026-09-14 11:08:16.213 DEBUG testcase.Login_BrinsBook                 - 3: openBrowser("http://192.168.140.18:8000/login/")
2026-09-14 11:08:16.621 INFO  c.k.k.core.webui.driver.DriverFactory    - Starting 'Chrome' driver
2026-09-14 11:08:16.721 INFO  c.k.k.core.webui.driver.DriverFactory    - Action delay is set to 0 milliseconds
Sep 14, 2026 11:08:20 AM org.openqa.selenium.devtools.CdpVersionFinder findNearestMatch
WARNING: Unable to find CDP implementation matching 152
Sep 14, 2026 11:08:20 AM org.openqa.selenium.chromium.ChromiumDriver lambda$new$4
WARNING: Unable to find version of CDP to use for 152.0.7977.83. You may need to include a dependency on a specific version of the CDP using something similar to `org.seleniumhq.selenium:selenium-devtools-v86:4.34.0` where the version ("v86") matches the version of the chromium-based browser you're using and the version number of the artifact is the same as Selenium's.
2026-09-14 11:08:22.547 INFO  c.k.k.core.webui.driver.DriverFactory    - sessionId = 341386e35694f421d6e112d0bc493d2c
2026-09-14 11:08:22.549 INFO  c.k.k.core.webui.driver.DriverFactory    - browser = Chrome 152.0.7977.83
2026-09-14 11:08:22.551 INFO  c.k.k.core.webui.driver.DriverFactory    - platform = Windows 10
2026-09-14 11:08:22.552 INFO  c.k.k.core.webui.driver.DriverFactory    - seleniumVersion = 4.34.0
2026-09-14 11:08:22.569 INFO  c.k.k.core.webui.driver.DriverFactory    - proxyInformation = ProxyInformation { proxyOption=NO_PROXY, proxyServerType=HTTP, username=, password=********, proxyServerAddress=, proxyServerPort=0, executionList="", isApplyToDesiredCapabilities=true }
2026-09-14 11:08:27.421 DEBUG testcase.Login_BrinsBook                 - 4: setText(findTestObject("Data UI/Login/inputUsername"), "test")
2026-09-14 11:08:29.450 DEBUG testcase.Login_BrinsBook                 - 5: setText(findTestObject("Data UI/Login/inputPassword"), "passwordSalah")
2026-09-14 11:08:30.892 DEBUG testcase.Login_BrinsBook                 - 6: click(findTestObject("Data UI/Login/btnPortal"))
2026-09-14 11:08:32.188 DEBUG testcase.Login_BrinsBook                 - 7: delay(2)
2026-09-14 11:08:34.285 DEBUG testcase.Login_BrinsBook                 - 8: loginFailed = verifyTextPresent("Akun kamu sudah login di perangkat lain nih/login/", false, OPTIONAL)
2026-09-14 11:08:34.792 WARN  c.k.k.core.keyword.internal.KeywordMain  - Text 'Akun kamu sudah login di perangkat lain nih/login/' is not present on page  (Root cause: com.kms.katalon.core.exception.StepFailedException: Text 'Akun kamu sudah login di perangkat lain nih/login/' is not present on page 
	at com.kms.katalon.core.webui.keyword.internal.WebUIKeywordMain.stepFailed(WebUIKeywordMain.groovy:177)
	at com.kms.katalon.core.webui.keyword.builtin.VerifyTextPresentKeyword$_verifyTextPresent_closure1.doCall(VerifyTextPresentKeyword.groovy:79)
	at com.kms.katalon.core.webui.keyword.builtin.VerifyTextPresentKeyword$_verifyTextPresent_closure1.call(VerifyTextPresentKeyword.groovy)
	at com.kms.katalon.core.webui.keyword.internal.WebUIKeywordMain.runKeyword(WebUIKeywordMain.groovy:41)
	at com.kms.katalon.core.webui.keyword.builtin.VerifyTextPresentKeyword.verifyTextPresent(VerifyTextPresentKeyword.groovy:83)
	at com.kms.katalon.core.webui.keyword.builtin.VerifyTextPresentKeyword.execute(VerifyTextPresentKeyword.groovy:68)
	at com.kms.katalon.core.keyword.internal.KeywordExecutor.executeKeywordForPlatform(KeywordExecutor.groovy:90)
	at com.kms.katalon.core.webui.keyword.WebUiBuiltInKeywords.verifyTextPresent(WebUiBuiltInKeywords.groovy:1808)
	at Login_BrinsBook.run(Login_BrinsBook:40)
	at com.kms.katalon.core.main.ScriptEngine.run(ScriptEngine.java:194)
	at com.kms.katalon.core.main.ScriptEngine.runScriptAsRawText(ScriptEngine.java:119)
	at com.kms.katalon.core.main.TestCaseExecutor.runScript(TestCaseExecutor.java:490)
	at com.kms.katalon.core.main.TestCaseExecutor.doExecute(TestCaseExecutor.java:481)
	at com.kms.katalon.core.main.TestCaseExecutor.processExecutionPhase(TestCaseExecutor.java:460)
	at com.kms.katalon.core.main.TestCaseExecutor.accessMainPhase(TestCaseExecutor.java:452)
	at com.kms.katalon.core.main.TestCaseExecutor.execute(TestCaseExecutor.java:322)
	at com.kms.katalon.core.common.CommonExecutor.accessTestCaseMainPhase(CommonExecutor.java:71)
	at com.kms.katalon.core.main.TestSuiteExecutor.accessTestSuiteMainPhase(TestSuiteExecutor.java:153)
	at com.kms.katalon.core.main.TestSuiteExecutor.execute(TestSuiteExecutor.java:110)
	at com.kms.katalon.core.main.TestCaseMain.startTestSuite(TestCaseMain.java:205)
	at TempTestSuite1789358887594.run(TempTestSuite1789358887594.groovy:35)
	at java.base/jdk.internal.reflect.NativeMethodAccessorImpl.invoke0(Native Method)
	at java.base/jdk.internal.reflect.NativeMethodAccessorImpl.invoke(NativeMethodAccessorImpl.java:77)
	at java.base/jdk.internal.reflect.DelegatingMethodAccessorImpl.invoke(DelegatingMethodAccessorImpl.java:43)
)
2026-09-14 11:08:34.798 DEBUG testcase.Login_BrinsBook                 - 9: if (loginFailed)
2026-09-14 11:08:34.803 DEBUG testcase.Login_BrinsBook                 - 10: else
2026-09-14 11:08:34.808 DEBUG testcase.Login_BrinsBook                 - 1: println("Pesan gagal login tidak ditemukan")
Pesan gagal login tidak ditemukan
2026-09-14 11:08:34.822 DEBUG testcase.Login_BrinsBook                 - 11: back()
2026-09-14 11:08:35.171 DEBUG testcase.Login_BrinsBook                 - 12: delay(3)
2026-09-14 11:08:38.191 DEBUG testcase.Login_BrinsBook                 - 13: click(findTestObject("Data UI/Login/btnForceLogout1"))
2026-09-14 11:08:39.038 DEBUG testcase.Login_BrinsBook                 - 14: setText(findTestObject("Data UI/Login/inputUsernameForce"), "TTECH-0251")
2026-09-14 11:08:40.528 DEBUG testcase.Login_BrinsBook                 - 15: click(findTestObject("Data UI/Login/btnForceLogout2"))
2026-09-14 11:08:41.379 DEBUG testcase.Login_BrinsBook                 - 16: setText(findTestObject("Data UI/Login/inputUsername"), "TTECH-0251")
2026-09-14 11:08:42.889 DEBUG testcase.Login_BrinsBook                 - 17: setText(findTestObject("Data UI/Login/inputPassword"), "qwerty123")
2026-09-14 11:08:44.309 DEBUG testcase.Login_BrinsBook                 - 18: click(findTestObject("Data UI/Login/btnPortal"))
2026-09-14 11:08:46.567 DEBUG testcase.Login_BrinsBook                 - 19: delay(3)
2026-09-14 11:08:49.594 DEBUG testcase.Login_BrinsBook                 - 20: verifyElementPresent(findTestObject("Data UI/Menu/Brinsbook"), 10)
2026-09-14 11:08:50.016 DEBUG testcase.Login_BrinsBook                 - 21: delay(1)
2026-09-14 11:08:51.032 DEBUG testcase.Login_BrinsBook                 - 22: screenshotPathFailed2 = $projectDir/Screenshots/Evidence_POSITIVE_Menu BRINS Book_$timestamp.png
2026-09-14 11:08:51.098 DEBUG testcase.Login_BrinsBook                 - 23: takeScreenshot(screenshotPathFailed2)
2026-09-14 11:08:51.558 DEBUG testcase.Login_BrinsBook                 - 24: click(findTestObject("Data UI/Menu/Brinsbook"))
2026-09-14 11:08:52.447 DEBUG testcase.Login_BrinsBook                 - 25: delay(2)
Screenshot disimpan: C:/Users/TTECH-0251/git/AutoAPI/Screenshots/Evidence_PASSED_14.09.2026_(11.08.54).png
2026-09-14 11:08:54.925 INFO  c.k.katalon.core.main.TestCaseExecutor   - END Test Cases/DATA UI/Login/Login_BrinsBook
2026-09-14 11:08:54.939 INFO  c.k.katalon.core.main.TestCaseExecutor   - --------------------
2026-09-14 11:08:54.939 INFO  c.k.katalon.core.main.TestCaseExecutor   - START Test Cases/DATA UI/Filter FBI_Detail/Filter_FBI_Detail
2026-09-14 11:08:55.278 DEBUG testcase.Filter_FBI_Detail               - 1: projectDir = getProjectDir()
2026-09-14 11:08:55.282 DEBUG testcase.Filter_FBI_Detail               - 2: timestamp = Date().format("dd.MM.yyyy_(HH.mm.ss)")
2026-09-14 11:08:55.287 DEBUG testcase.Filter_FBI_Detail               - 3: click(findTestObject("Data UI/Menu/ReportingPortal"))
2026-09-14 11:08:58.338 DEBUG testcase.Filter_FBI_Detail               - 4: scrollToElement(findTestObject("Data UI/Menu/btnPilih"), 0)
2026-09-14 11:08:58.387 WARN  c.k.k.c.webui.common.WebUiCommonHelper   - Timeout '0' is invalid. Using default page load timeout: '10'
2026-09-14 11:08:58.885 DEBUG testcase.Filter_FBI_Detail               - 5: click(findTestObject("Data UI/Menu/btnPilih"))
2026-09-14 11:09:00.220 DEBUG testcase.Filter_FBI_Detail               - 6: delay(3)
2026-09-14 11:09:03.230 DEBUG testcase.Filter_FBI_Detail               - 7: urlFBI_Detail = getUrl()
2026-09-14 11:09:03.294 DEBUG testcase.Filter_FBI_Detail               - 8: assert urlFBI_Detail.contains("mng_proman_fbi_detail")
2026-09-14 11:09:03.310 DEBUG testcase.Filter_FBI_Detail               - 9: verifyElementPresent(findTestObject("Data UI/Filter FBI_Detail/Headline"), 0)
2026-09-14 11:09:03.326 WARN  c.k.k.c.webui.common.WebUiCommonHelper   - Timeout '0' is invalid. Using default page load timeout: '10'
2026-09-14 11:09:03.655 DEBUG testcase.Filter_FBI_Detail               - 10: screenshotPathFilter = $projectDir/Screenshots/Evidence_POSITIVE_DashboardFBI_Detail_$timestamp.png
2026-09-14 11:09:03.659 DEBUG testcase.Filter_FBI_Detail               - 11: takeScreenshot(screenshotPathFilter)
2026-09-14 11:09:04.054 DEBUG testcase.Filter_FBI_Detail               - 12: delay(1)
2026-09-14 11:09:05.067 DEBUG testcase.Filter_FBI_Detail               - 13: setText(findTestObject("Data UI/Filter FBI_Detail/PeriodeAwal"), "01012026")
2026-09-14 11:09:06.443 DEBUG testcase.Filter_FBI_Detail               - 14: setText(findTestObject("Data UI/Filter FBI_Detail/PeriodeAkhir"), "28022026")
2026-09-14 11:09:07.772 DEBUG testcase.Filter_FBI_Detail               - 15: click(findTestObject("Data UI/Filter FBI_Detail/Product"))
2026-09-14 11:09:17.847 WARN  c.k.k.c.w.keyword.builtin.ClickKeyword   - Waiting for element timed out
2026-09-14 11:09:17.930 DEBUG testcase.Filter_FBI_Detail               - 16: click(findTestObject("Data UI/Filter FBI_Detail/Uker"))
2026-09-14 11:09:28.006 WARN  c.k.k.c.w.keyword.builtin.ClickKeyword   - Waiting for element timed out
2026-09-14 11:09:28.097 DEBUG testcase.Filter_FBI_Detail               - 17: click(findTestObject("Data UI/Filter FBI_Detail/Cabang"))
2026-09-14 11:09:38.170 WARN  c.k.k.c.w.keyword.builtin.ClickKeyword   - Waiting for element timed out
2026-09-14 11:09:38.251 DEBUG testcase.Filter_FBI_Detail               - 18: click(findTestObject("Data UI/Filter FBI_Detail/Type"))
2026-09-14 11:09:48.333 WARN  c.k.k.c.w.keyword.builtin.ClickKeyword   - Waiting for element timed out
2026-09-14 11:09:48.403 DEBUG testcase.Filter_FBI_Detail               - 19: click(findTestObject("Data UI/Filter FBI_Detail/btnProses"))
2026-09-14 11:09:49.891 DEBUG testcase.Filter_FBI_Detail               - 20: delay(3)
2026-09-14 11:09:52.915 DEBUG testcase.Filter_FBI_Detail               - 21: verifyElementPresent(findTestObject("Data UI/Download/popupDownload"), 0)
2026-09-14 11:09:52.938 WARN  c.k.k.c.webui.common.WebUiCommonHelper   - Timeout '0' is invalid. Using default page load timeout: '10'
Screenshot disimpan: C:/Users/TTECH-0251/git/AutoAPI/Screenshots/Evidence_PASSED_14.09.2026_(11.09.53).png
2026-09-14 11:09:53.649 INFO  c.k.katalon.core.main.TestCaseExecutor   - END Test Cases/DATA UI/Filter FBI_Detail/Filter_FBI_Detail
2026-09-14 11:09:53.656 INFO  c.k.katalon.core.main.TestCaseExecutor   - --------------------
2026-09-14 11:09:53.657 INFO  c.k.katalon.core.main.TestCaseExecutor   - START Test Cases/DATA UI/Download/ProsesDownload
2026-09-14 11:09:54.715 DEBUG testcase.ProsesDownload                  - 1: projectDir = getProjectDir()
2026-09-14 11:09:54.717 DEBUG testcase.ProsesDownload                  - 2: timestamp = Date().format("dd.MM.yyyy_(HH.mm.ss)")
2026-09-14 11:09:54.722 DEBUG testcase.ProsesDownload                  - 3: click(findTestObject("Data UI/Download/btnDownload"))
2026-09-14 11:09:55.343 DEBUG testcase.ProsesDownload                  - 4: screenshotPathDownload = $projectDir/Screenshots/Evidence_POSITIVE_Popup_Download_$timestamp.png
2026-09-14 11:09:55.347 DEBUG testcase.ProsesDownload                  - 5: takeScreenshot(screenshotPathDownload)
2026-09-14 11:09:55.908 DEBUG testcase.ProsesDownload                  - 6: verifyElementPresent(findTestObject("Data UI/Download/popupDownload"), 0)
2026-09-14 11:09:55.923 WARN  c.k.k.c.webui.common.WebUiCommonHelper   - Timeout '0' is invalid. Using default page load timeout: '10'
2026-09-14 11:09:56.232 DEBUG testcase.ProsesDownload                  - 7: comment("Klik format Excel")
2026-09-14 11:09:56.259 INFO  c.k.k.c.keyword.builtin.CommentKeyword   - Klik format Excel
2026-09-14 11:09:56.263 DEBUG testcase.ProsesDownload                  - 8: click(findTestObject("Data UI/Download/formatExcel"))
2026-09-14 11:09:57.374 DEBUG testcase.ProsesDownload                  - 9: delay(5)
2026-09-14 11:10:02.390 DEBUG testcase.ProsesDownload                  - 10: downloadPath = System.getProperty("user.home") + "\Downloads"
2026-09-14 11:10:02.408 DEBUG testcase.ProsesDownload                  - 11: downloadFolder = new java.io.File(downloadPath)
2026-09-14 11:10:02.411 DEBUG testcase.ProsesDownload                  - 12: logInfo("Mengecek folder download: " + downloadPath)
2026-09-14 11:10:02.434 INFO  com.kms.katalon.core.util.KeywordUtil    - Mengecek folder download: C:\Users\TTECH-0251\Downloads
2026-09-14 11:10:02.436 DEBUG testcase.ProsesDownload                  - 13: downloadedFile = null
2026-09-14 11:10:02.438 DEBUG testcase.ProsesDownload                  - 14: for ([i = 0, i < 30, (i++)])
2026-09-14 11:10:02.441 DEBUG testcase.ProsesDownload                  - 1: files = downloadFolder.listFiles()
2026-09-14 11:10:02.445 DEBUG testcase.ProsesDownload                  - 2: if (files != null)
2026-09-14 11:10:02.447 DEBUG testcase.ProsesDownload                  - 1: excelFiles = files.findAll({ java.io.File file -> ... })
2026-09-14 11:10:02.479 DEBUG testcase.ProsesDownload                  - 2: if (!(excelFiles.isEmpty()))
2026-09-14 11:10:02.484 DEBUG testcase.ProsesDownload                  - 1: downloadedFile = excelFiles.max({ -> ... })
2026-09-14 11:10:02.501 DEBUG testcase.ProsesDownload                  - 2: logInfo("File Excel ditemukan: " + absolutePath)
2026-09-14 11:10:02.504 INFO  com.kms.katalon.core.util.KeywordUtil    - File Excel ditemukan: C:\Users\TTECH-0251\Downloads\Report FBI Detail (1).xlsx
2026-09-14 11:10:02.507 DEBUG testcase.ProsesDownload                  - 3: break
2026-09-14 11:10:02.510 DEBUG testcase.ProsesDownload                  - 15: if (downloadedFile == null)
2026-09-14 11:10:02.514 DEBUG testcase.ProsesDownload                  - 16: else
2026-09-14 11:10:02.516 DEBUG testcase.ProsesDownload                  - 1: logInfo("Download Excel berhasil: " + absolutePath)
2026-09-14 11:10:02.520 INFO  com.kms.katalon.core.util.KeywordUtil    - Download Excel berhasil: C:\Users\TTECH-0251\Downloads\Report FBI Detail (1).xlsx
2026-09-14 11:10:02.522 DEBUG testcase.ProsesDownload                  - 2: logInfo("Nama file: " + name)
2026-09-14 11:10:02.525 INFO  com.kms.katalon.core.util.KeywordUtil    - Nama file: Report FBI Detail (1).xlsx
2026-09-14 11:10:02.527 DEBUG testcase.ProsesDownload                  - 3: logInfo("Ukuran file: " + downloadedFile.length() + " bytes")
2026-09-14 11:10:02.531 INFO  com.kms.katalon.core.util.KeywordUtil    - Ukuran file: 7184 bytes
2026-09-14 11:10:02.534 DEBUG testcase.ProsesDownload                  - 17: comment("Membuka file Excel/WPS...")
2026-09-14 11:10:02.540 INFO  c.k.k.c.keyword.builtin.CommentKeyword   - Membuka file Excel/WPS...
2026-09-14 11:10:02.542 DEBUG testcase.ProsesDownload                  - 18: excelPath = absolutePath
2026-09-14 11:10:02.546 DEBUG testcase.ProsesDownload                  - 19: excelProcess = ProcessBuilder(cmd, /c, start, , excelPath).start()
2026-09-14 11:10:02.630 DEBUG testcase.ProsesDownload                  - 20: delay(10)
2026-09-14 11:10:12.646 DEBUG testcase.ProsesDownload                  - 21: comment("Menunggu window Excel/WPS aktif...")
2026-09-14 11:10:12.656 INFO  c.k.k.c.keyword.builtin.CommentKeyword   - Menunggu window Excel/WPS aktif...
2026-09-14 11:10:12.658 DEBUG testcase.ProsesDownload                  - 22: activateProcess = MainWindowHandle)
    }
    ).start()
2026-09-14 11:10:12.727 DEBUG testcase.ProsesDownload                  - 23: activateProcess.waitFor()
2026-09-14 11:10:15.531 DEBUG testcase.ProsesDownload                  - 24: delay(3)
2026-09-14 11:10:18.554 DEBUG testcase.ProsesDownload                  - 25: comment("Mencari window WPS/Excel...")
2026-09-14 11:10:18.561 INFO  c.k.k.c.keyword.builtin.CommentKeyword   - Mencari window WPS/Excel...
2026-09-14 11:10:18.563 DEBUG testcase.ProsesDownload                  - 26: excelFileNameForPS = name.replace("'", "''")
2026-09-14 11:10:18.567 DEBUG testcase.ProsesDownload                  - 27: screenshotDir = new java.io.File($projectDir\Screenshots\EVIDENCE_POSITIVE_Excel)
2026-09-14 11:10:18.605 DEBUG testcase.ProsesDownload                  - 28: if (!(screenshotDir.exists()))
2026-09-14 11:10:18.609 DEBUG testcase.ProsesDownload                  - 29: screenshotExcel = $screenshotDir.absolutePath\$timestamp.png
2026-09-14 11:10:18.612 DEBUG testcase.ProsesDownload                  - 30: psScript = 
$fileName = '$excelFileNameForPS'

$app = Get-Process | Where-Object {

    $_.MainWindowHandle -ne 0 -and

    ![string]::IsNullOrWhiteSpace($_.MainWindowTitle) -and

    (
        $_.MainWindowTitle.IndexOf(
            $fileName,
            [System.StringComparison]::OrdinalIgnoreCase
        ) -ge 0

        -or

        $_.MainWindowTitle.IndexOf(
            'WPS',
            [System.StringComparison]::OrdinalIgnoreCase
        ) -ge 0

        -or

        $_.MainWindowTitle.IndexOf(
            'Excel',
            [System.StringComparison]::OrdinalIgnoreCase
        ) -ge 0
    )

} | Select-Object -First 1

if ($app) {

    Write-Output $app.MainWindowHandle
    Write-Output $app.MainWindowTitle

} else {

    Write-Output 'WINDOW_NOT_FOUND'
}

2026-09-14 11:10:18.616 DEBUG testcase.ProsesDownload                  - 31: psProcess = redirectErrorStream(true).start()
2026-09-14 11:10:18.686 DEBUG testcase.ProsesDownload                  - 32: psResult = text.trim()
2026-09-14 11:10:19.594 DEBUG testcase.ProsesDownload                  - 33: psExitCode = psProcess.waitFor()
2026-09-14 11:10:19.600 DEBUG testcase.ProsesDownload                  - 34: comment("Hasil pencarian window: " + psResult)
2026-09-14 11:10:19.607 INFO  c.k.k.c.keyword.builtin.CommentKeyword   - Hasil pencarian window: At line:14 char:16
+         ) -ge 0
+                ~
Missing closing ')' in expression.
At line:4 char:35
+ $app = Get-Process | Where-Object {
+                                   ~
Missing closing '}' in statement block or type definition.
At line:29 char:5
+     )
+     ~
Unexpected token ')' in expression or statement.
At line:31 char:1
+ } | Select-Object -First 1
+ ~
Unexpected token '}' in expression or statement.
At line:31 char:3
+ } | Select-Object -First 1
+   ~
An empty pipe element is not allowed.
    + CategoryInfo          : ParserError: (:) [], ParentContainsErrorRecordException
    + FullyQualifiedErrorId : MissingEndParenthesisInExpression
2026-09-14 11:10:19.609 DEBUG testcase.ProsesDownload                  - 35: comment("PowerShell exit code: " + psExitCode)
2026-09-14 11:10:19.620 INFO  c.k.k.c.keyword.builtin.CommentKeyword   - PowerShell exit code: 1
2026-09-14 11:10:19.623 DEBUG testcase.ProsesDownload                  - 36: resultLines = psResult.split("\r?\n")
2026-09-14 11:10:19.632 DEBUG testcase.ProsesDownload                  - 37: if (length < 1 || !(trim().isNumber()))
2026-09-14 11:10:19.651 DEBUG testcase.ProsesDownload                  - 1: markFailed("Window WPS/Excel tidak ditemukan. Hasil: " + psResult)
2026-09-14 11:10:19.653 ERROR com.kms.katalon.core.util.KeywordUtil    - ❌ Window WPS/Excel tidak ditemukan. Hasil: At line:14 char:16
+         ) -ge 0
+                ~
Missing closing ')' in expression.
At line:4 char:35
+ $app = Get-Process | Where-Object {
+                                   ~
Missing closing '}' in statement block or type definition.
At line:29 char:5
+     )
+     ~
Unexpected token ')' in expression or statement.
At line:31 char:1
+ } | Select-Object -First 1
+ ~
Unexpected token '}' in expression or statement.
At line:31 char:3
+ } | Select-Object -First 1
+   ~
An empty pipe element is not allowed.
    + CategoryInfo          : ParserError: (:) [], ParentContainsErrorRecordException
    + FullyQualifiedErrorId : MissingEndParenthesisInExpression
2026-09-14 11:10:19.657 DEBUG testcase.ProsesDownload                  - 2: return null
2026-09-14 11:10:19.663 ERROR c.k.katalon.core.main.TestCaseExecutor   - ❌ Test Cases/DATA UI/Download/ProsesDownload FAILED.
Reason:
com.kms.katalon.core.exception.StepFailedException: Window WPS/Excel tidak ditemukan. Hasil: At line:14 char:16
+         ) -ge 0
+                ~
Missing closing ')' in expression.
At line:4 char:35
+ $app = Get-Process | Where-Object {
+                                   ~
Missing closing '}' in statement block or type definition.
At line:29 char:5
+     )
+     ~
Unexpected token ')' in expression or statement.
At line:31 char:1
+ } | Select-Object -First 1
+ ~
Unexpected token '}' in expression or statement.
At line:31 char:3
+ } | Select-Object -First 1
+   ~
An empty pipe element is not allowed.
    + CategoryInfo          : ParserError: (:) [], ParentContainsErrorRecordException
    + FullyQualifiedErrorId : MissingEndParenthesisInExpression
	at com.kms.katalon.core.util.KeywordUtil.markFailed(KeywordUtil.java:19)
	at ProsesDownload.run(ProsesDownload:450)
	at com.kms.katalon.core.main.ScriptEngine.run(ScriptEngine.java:194)
	at com.kms.katalon.core.main.ScriptEngine.runScriptAsRawText(ScriptEngine.java:119)
	at com.kms.katalon.core.main.TestCaseExecutor.runScript(TestCaseExecutor.java:490)
	at com.kms.katalon.core.main.TestCaseExecutor.doExecute(TestCaseExecutor.java:481)
	at com.kms.katalon.core.main.TestCaseExecutor.processExecutionPhase(TestCaseExecutor.java:460)
	at com.kms.katalon.core.main.TestCaseExecutor.accessMainPhase(TestCaseExecutor.java:452)
	at com.kms.katalon.core.main.TestCaseExecutor.execute(TestCaseExecutor.java:322)
	at com.kms.katalon.core.common.CommonExecutor.accessTestCaseMainPhase(CommonExecutor.java:71)
	at com.kms.katalon.core.main.TestSuiteExecutor.accessTestSuiteMainPhase(TestSuiteExecutor.java:153)
	at com.kms.katalon.core.main.TestSuiteExecutor.execute(TestSuiteExecutor.java:110)
	at com.kms.katalon.core.main.TestCaseMain.startTestSuite(TestCaseMain.java:205)
	at TempTestSuite1789358887594.run(TempTestSuite1789358887594.groovy:35)
	at java.base/jdk.internal.reflect.NativeMethodAccessorImpl.invoke0(Native Method)
	at java.base/jdk.internal.reflect.NativeMethodAccessorImpl.invoke(NativeMethodAccessorImpl.java:77)
	at java.base/jdk.internal.reflect.DelegatingMethodAccessorImpl.invoke(DelegatingMethodAccessorImpl.java:43)

Screenshot disimpan: C:/Users/TTECH-0251/git/AutoAPI/Screenshots/Evidence_FAILED_14.09.2026_(11.10.19).png
2026-09-14 11:10:20.131 INFO  c.k.katalon.core.main.TestCaseExecutor   - END Test Cases/DATA UI/Download/ProsesDownload
2026-09-14 11:10:20.138 INFO  c.k.katalon.core.main.TestCaseExecutor   - --------------------
2026-09-14 11:10:20.138 INFO  c.k.katalon.core.main.TestCaseExecutor   - START Test Cases/DATA UI/Download/ProsesDownload
2026-09-14 11:10:20.231 DEBUG testcase.ProsesDownload                  - 1: projectDir = getProjectDir()
2026-09-14 11:10:20.232 DEBUG testcase.ProsesDownload                  - 2: timestamp = Date().format("dd.MM.yyyy_(HH.mm.ss)")
2026-09-14 11:10:20.234 DEBUG testcase.ProsesDownload                  - 3: click(findTestObject("Data UI/Download/btnDownload"))
2026-09-14 11:10:30.307 WARN  c.k.k.c.w.keyword.builtin.ClickKeyword   - Waiting for element timed out
2026-09-14 11:10:31.595 ERROR c.k.k.core.keyword.internal.KeywordMain  - ❌ Unable to click on object 'Object Repository/Data UI/Download/btnDownload' (Root cause: com.kms.katalon.core.exception.StepFailedException: Unable to click on object 'Object Repository/Data UI/Download/btnDownload'
	at com.kms.katalon.core.webui.keyword.internal.WebUIKeywordMain.stepFailed(WebUIKeywordMain.groovy:177)
	at com.kms.katalon.core.webui.keyword.internal.WebUIKeywordMain.runKeyword(WebUIKeywordMain.groovy:49)
	at com.kms.katalon.core.webui.keyword.internal.WebUIKeywordMain.runKeywordUntilTimeout(WebUIKeywordMain.groovy:133)
	at com.kms.katalon.core.webui.keyword.builtin.ClickKeyword.click(ClickKeyword.groovy:72)
	at com.kms.katalon.core.webui.keyword.builtin.ClickKeyword.execute(ClickKeyword.groovy:38)
	at com.kms.katalon.core.keyword.internal.KeywordExecutor.executeKeywordForPlatform(KeywordExecutor.groovy:90)
	at com.kms.katalon.core.webui.keyword.WebUiBuiltInKeywords.click(WebUiBuiltInKeywords.groovy:721)
	at ProsesDownload.run(ProsesDownload:34)
	at com.kms.katalon.core.main.ScriptEngine.run(ScriptEngine.java:194)
	at com.kms.katalon.core.main.ScriptEngine.runScriptAsRawText(ScriptEngine.java:119)
	at com.kms.katalon.core.main.TestCaseExecutor.runScript(TestCaseExecutor.java:490)
	at com.kms.katalon.core.main.TestCaseExecutor.doExecute(TestCaseExecutor.java:481)
	at com.kms.katalon.core.main.TestCaseExecutor.processExecutionPhase(TestCaseExecutor.java:460)
	at com.kms.katalon.core.main.TestCaseExecutor.accessMainPhase(TestCaseExecutor.java:452)
	at com.kms.katalon.core.main.TestCaseExecutor.execute(TestCaseExecutor.java:322)
	at com.kms.katalon.core.main.TestCaseExecutor.execute(TestCaseExecutor.java:410)
	at com.kms.katalon.core.common.CommonExecutor.accessTestCaseMainPhase(CommonExecutor.java:71)
	at com.kms.katalon.core.main.TestSuiteExecutor.accessTestSuiteMainPhase(TestSuiteExecutor.java:153)
	at com.kms.katalon.core.main.TestSuiteExecutor.execute(TestSuiteExecutor.java:110)
	at com.kms.katalon.core.main.TestCaseMain.startTestSuite(TestCaseMain.java:205)
	at TempTestSuite1789358887594.run(TempTestSuite1789358887594.groovy:35)
	at java.base/jdk.internal.reflect.NativeMethodAccessorImpl.invoke0(Native Method)
	at java.base/jdk.internal.reflect.NativeMethodAccessorImpl.invoke(NativeMethodAccessorImpl.java:77)
	at java.base/jdk.internal.reflect.DelegatingMethodAccessorImpl.invoke(DelegatingMethodAccessorImpl.java:43)
Caused by: org.openqa.selenium.ElementClickInterceptedException: element click intercepted: Element <button type="button" id="downloadBtn" class="btn btn-primary mr-1 mx-1 mb-3" onclick="checkDataBeforeDownload()">...</button> is not clickable at point (985, 318). Other element would receive the click: <div class="modal fade show" id="downloadModal" tabindex="-1" aria-modal="true" role="dialog" style="padding-right: 15px; display: block;">...</div>
  (Session info: chrome=152.0.7977.83)
Build info: version: '4.34.0', revision: '707dcb4246*'
System info: os.name: 'Windows 10', os.arch: 'amd64', os.version: '10.0', java.version: '17.0.14'
Driver info: com.kms.katalon.selenium.driver.CChromeDriver
Command: [341386e35694f421d6e112d0bc493d2c, clickElement {id=f.6F8402ACEE12ADE4BBA16DFDC12EA0BB.d.F27151F079614F626C65EC9518902FD0.e.334}]
Capabilities {acceptInsecureCerts: false, browserName: chrome, browserVersion: 152.0.7977.83, chrome: {chromedriverVersion: 152.0.7977.75 (4999cc1efed3..., userDataDir: C:\Users\TTECH-~1\AppData\L...}, fedcm:accounts: true, goog:chromeOptions: {debuggerAddress: localhost:56756}, goog:processID: 31092, networkConnectionEnabled: false, pageLoadStrategy: normal, platformName: windows, proxy: Proxy(), se:cdp: ws://localhost:56756/devtoo..., se:cdpVersion: 152.0.7977.83, setWindowRect: true, strictFileInteractability: false, timeouts: {implicit: 0, pageLoad: 300000, script: 30000}, unhandledPromptBehavior: {alert: ignore, beforeUnload: ignore, confirm: ignore, default: ignore, file: ignore, prompt: ignore}, webSocketUrl: ws://localhost:10700/sessio..., webauthn:extension:credBlob: true, webauthn:extension:largeBlob: true, webauthn:extension:minPinLength: true, webauthn:extension:prf: true, webauthn:virtualAuthenticators: true}
Element: [[CChromeDriver: chrome on windows (341386e35694f421d6e112d0bc493d2c)] -> xpath: //button[@id='downloadBtn' and normalize-space()='Download']]
Session ID: 341386e35694f421d6e112d0bc493d2c
	at java.base/jdk.internal.reflect.NativeConstructorAccessorImpl.newInstance0(Native Method)
	at java.base/jdk.internal.reflect.NativeConstructorAccessorImpl.newInstance(NativeConstructorAccessorImpl.java:77)
	at java.base/jdk.internal.reflect.DelegatingConstructorAccessorImpl.newInstance(DelegatingConstructorAccessorImpl.java:45)
	at org.openqa.selenium.remote.ErrorCodec.decode(ErrorCodec.java:167)
	at org.openqa.selenium.remote.codec.w3c.W3CHttpResponseCodec.decode(W3CHttpResponseCodec.java:138)
	at org.openqa.selenium.remote.codec.w3c.W3CHttpResponseCodec.decode(W3CHttpResponseCodec.java:50)
	at org.openqa.selenium.remote.HttpCommandExecutor.execute(HttpCommandExecutor.java:215)
	at org.openqa.selenium.remote.service.DriverCommandExecutor.invokeExecute(DriverCommandExecutor.java:216)
	at org.openqa.selenium.remote.service.DriverCommandExecutor.execute(DriverCommandExecutor.java:174)
	at org.openqa.selenium.remote.RemoteWebDriver.execute(RemoteWebDriver.java:544)
	at org.openqa.selenium.remote.RemoteWebElement.execute(RemoteWebElement.java:223)
	at org.openqa.selenium.remote.RemoteWebElement.click(RemoteWebElement.java:76)
	at java.base/jdk.internal.reflect.NativeMethodAccessorImpl.invoke0(Native Method)
	at java.base/jdk.internal.reflect.NativeMethodAccessorImpl.invoke(NativeMethodAccessorImpl.java:77)
	at java.base/jdk.internal.reflect.DelegatingMethodAccessorImpl.invoke(DelegatingMethodAccessorImpl.java:43)
	at org.openqa.selenium.support.decorators.WebDriverDecorator.call(WebDriverDecorator.java:315)
	at org.openqa.selenium.support.decorators.DefaultDecorated.call(DefaultDecorated.java:48)
	at org.openqa.selenium.support.decorators.WebDriverDecorator.lambda$createProxyFactory$3(WebDriverDecorator.java:405)
	at net.bytebuddy.renamed.java.lang.Object$ByteBuddy$clfSLfCL.click(Unknown Source)
	at com.kms.katalon.core.webui.keyword.builtin.ClickKeyword$_click_closure1.doCall(ClickKeyword.groovy:63)
	at java.base/jdk.internal.reflect.NativeMethodAccessorImpl.invoke0(Native Method)
	at java.base/jdk.internal.reflect.NativeMethodAccessorImpl.invoke(NativeMethodAccessorImpl.java:77)
	at java.base/jdk.internal.reflect.DelegatingMethodAccessorImpl.invoke(DelegatingMethodAccessorImpl.java:43)
	at jdk.proxy2/jdk.proxy2.$Proxy50.execute(Unknown Source)
	at com.kms.katalon.core.webui.model.SeleniumActionRetryController.performAction(SeleniumActionRetryController.java:96)
	at com.kms.katalon.core.webui.model.SeleniumActionRetryController.performAction(SeleniumActionRetryController.java:83)
	at com.kms.katalon.core.webui.keyword.internal.WebUIKeywordMain$_runKeywordUntilTimeout_closure1.doCall(WebUIKeywordMain.groovy:135)
	at com.kms.katalon.core.webui.keyword.internal.WebUIKeywordMain$_runKeywordUntilTimeout_closure1.call(WebUIKeywordMain.groovy)
	at com.kms.katalon.core.webui.keyword.internal.WebUIKeywordMain.runKeyword(WebUIKeywordMain.groovy:41)
	at com.kms.katalon.core.webui.keyword.internal.WebUIKeywordMain.runKeywordUntilTimeout(WebUIKeywordMain.groovy:133)
	at com.kms.katalon.core.webui.keyword.builtin.ClickKeyword.click(ClickKeyword.groovy:72)
	at com.kms.katalon.core.webui.keyword.builtin.ClickKeyword.execute(ClickKeyword.groovy:38)
	at com.kms.katalon.core.keyword.internal.KeywordExecutor.executeKeywordForPlatform(KeywordExecutor.groovy:90)
	at com.kms.katalon.core.webui.keyword.WebUiBuiltInKeywords.click(WebUiBuiltInKeywords.groovy:721)
	at Script1789109061992.run(Script1789109061992.groovy:34)
	... 16 more
)
2026-09-14 11:10:31.602 ERROR c.k.katalon.core.main.TestCaseExecutor   - ❌ Test Cases/DATA UI/Download/ProsesDownload FAILED.
Reason:
com.kms.katalon.core.exception.StepFailedException: Unable to click on object 'Object Repository/Data UI/Download/btnDownload'
	at com.kms.katalon.core.webui.keyword.internal.WebUIKeywordMain.stepFailed(WebUIKeywordMain.groovy:177)
	at com.kms.katalon.core.webui.keyword.internal.WebUIKeywordMain.runKeyword(WebUIKeywordMain.groovy:49)
	at com.kms.katalon.core.webui.keyword.internal.WebUIKeywordMain.runKeywordUntilTimeout(WebUIKeywordMain.groovy:133)
	at com.kms.katalon.core.webui.keyword.builtin.ClickKeyword.click(ClickKeyword.groovy:72)
	at com.kms.katalon.core.webui.keyword.builtin.ClickKeyword.execute(ClickKeyword.groovy:38)
	at com.kms.katalon.core.keyword.internal.KeywordExecutor.executeKeywordForPlatform(KeywordExecutor.groovy:90)
	at com.kms.katalon.core.webui.keyword.WebUiBuiltInKeywords.click(WebUiBuiltInKeywords.groovy:721)
	at ProsesDownload.run(ProsesDownload:34)
	at com.kms.katalon.core.main.ScriptEngine.run(ScriptEngine.java:194)
	at com.kms.katalon.core.main.ScriptEngine.runScriptAsRawText(ScriptEngine.java:119)
	at com.kms.katalon.core.main.TestCaseExecutor.runScript(TestCaseExecutor.java:490)
	at com.kms.katalon.core.main.TestCaseExecutor.doExecute(TestCaseExecutor.java:481)
	at com.kms.katalon.core.main.TestCaseExecutor.processExecutionPhase(TestCaseExecutor.java:460)
	at com.kms.katalon.core.main.TestCaseExecutor.accessMainPhase(TestCaseExecutor.java:452)
	at com.kms.katalon.core.main.TestCaseExecutor.execute(TestCaseExecutor.java:322)
	at com.kms.katalon.core.main.TestCaseExecutor.execute(TestCaseExecutor.java:410)
	at com.kms.katalon.core.common.CommonExecutor.accessTestCaseMainPhase(CommonExecutor.java:71)
	at com.kms.katalon.core.main.TestSuiteExecutor.accessTestSuiteMainPhase(TestSuiteExecutor.java:153)
	at com.kms.katalon.core.main.TestSuiteExecutor.execute(TestSuiteExecutor.java:110)
	at com.kms.katalon.core.main.TestCaseMain.startTestSuite(TestCaseMain.java:205)
	at TempTestSuite1789358887594.run(TempTestSuite1789358887594.groovy:35)
	at java.base/jdk.internal.reflect.NativeMethodAccessorImpl.invoke0(Native Method)
	at java.base/jdk.internal.reflect.NativeMethodAccessorImpl.invoke(NativeMethodAccessorImpl.java:77)
	at java.base/jdk.internal.reflect.DelegatingMethodAccessorImpl.invoke(DelegatingMethodAccessorImpl.java:43)
Caused by: org.openqa.selenium.ElementClickInterceptedException: element click intercepted: Element <button type="button" id="downloadBtn" class="btn btn-primary mr-1 mx-1 mb-3" onclick="checkDataBeforeDownload()">...</button> is not clickable at point (985, 318). Other element would receive the click: <div class="modal fade show" id="downloadModal" tabindex="-1" aria-modal="true" role="dialog" style="padding-right: 15px; display: block;">...</div>
  (Session info: chrome=152.0.7977.83)
Build info: version: '4.34.0', revision: '707dcb4246*'
System info: os.name: 'Windows 10', os.arch: 'amd64', os.version: '10.0', java.version: '17.0.14'
Driver info: com.kms.katalon.selenium.driver.CChromeDriver
Command: [341386e35694f421d6e112d0bc493d2c, clickElement {id=f.6F8402ACEE12ADE4BBA16DFDC12EA0BB.d.F27151F079614F626C65EC9518902FD0.e.334}]
Capabilities {acceptInsecureCerts: false, browserName: chrome, browserVersion: 152.0.7977.83, chrome: {chromedriverVersion: 152.0.7977.75 (4999cc1efed3..., userDataDir: C:\Users\TTECH-~1\AppData\L...}, fedcm:accounts: true, goog:chromeOptions: {debuggerAddress: localhost:56756}, goog:processID: 31092, networkConnectionEnabled: false, pageLoadStrategy: normal, platformName: windows, proxy: Proxy(), se:cdp: ws://localhost:56756/devtoo..., se:cdpVersion: 152.0.7977.83, setWindowRect: true, strictFileInteractability: false, timeouts: {implicit: 0, pageLoad: 300000, script: 30000}, unhandledPromptBehavior: {alert: ignore, beforeUnload: ignore, confirm: ignore, default: ignore, file: ignore, prompt: ignore}, webSocketUrl: ws://localhost:10700/sessio..., webauthn:extension:credBlob: true, webauthn:extension:largeBlob: true, webauthn:extension:minPinLength: true, webauthn:extension:prf: true, webauthn:virtualAuthenticators: true}
Element: [[CChromeDriver: chrome on windows (341386e35694f421d6e112d0bc493d2c)] -> xpath: //button[@id='downloadBtn' and normalize-space()='Download']]
Session ID: 341386e35694f421d6e112d0bc493d2c
	at java.base/jdk.internal.reflect.NativeConstructorAccessorImpl.newInstance0(Native Method)
	at java.base/jdk.internal.reflect.NativeConstructorAccessorImpl.newInstance(NativeConstructorAccessorImpl.java:77)
	at java.base/jdk.internal.reflect.DelegatingConstructorAccessorImpl.newInstance(DelegatingConstructorAccessorImpl.java:45)
	at org.openqa.selenium.remote.ErrorCodec.decode(ErrorCodec.java:167)
	at org.openqa.selenium.remote.codec.w3c.W3CHttpResponseCodec.decode(W3CHttpResponseCodec.java:138)
	at org.openqa.selenium.remote.codec.w3c.W3CHttpResponseCodec.decode(W3CHttpResponseCodec.java:50)
	at org.openqa.selenium.remote.HttpCommandExecutor.execute(HttpCommandExecutor.java:215)
	at org.openqa.selenium.remote.service.DriverCommandExecutor.invokeExecute(DriverCommandExecutor.java:216)
	at org.openqa.selenium.remote.service.DriverCommandExecutor.execute(DriverCommandExecutor.java:174)
	at org.openqa.selenium.remote.RemoteWebDriver.execute(RemoteWebDriver.java:544)
	at org.openqa.selenium.remote.RemoteWebElement.execute(RemoteWebElement.java:223)
	at org.openqa.selenium.remote.RemoteWebElement.click(RemoteWebElement.java:76)
	at java.base/jdk.internal.reflect.NativeMethodAccessorImpl.invoke0(Native Method)
	at java.base/jdk.internal.reflect.NativeMethodAccessorImpl.invoke(NativeMethodAccessorImpl.java:77)
	at java.base/jdk.internal.reflect.DelegatingMethodAccessorImpl.invoke(DelegatingMethodAccessorImpl.java:43)
	at org.openqa.selenium.support.decorators.WebDriverDecorator.call(WebDriverDecorator.java:315)
	at org.openqa.selenium.support.decorators.DefaultDecorated.call(DefaultDecorated.java:48)
	at org.openqa.selenium.support.decorators.WebDriverDecorator.lambda$createProxyFactory$3(WebDriverDecorator.java:405)
	at net.bytebuddy.renamed.java.lang.Object$ByteBuddy$clfSLfCL.click(Unknown Source)
	at com.kms.katalon.core.webui.keyword.builtin.ClickKeyword$_click_closure1.doCall(ClickKeyword.groovy:63)
	at java.base/jdk.internal.reflect.NativeMethodAccessorImpl.invoke0(Native Method)
	at java.base/jdk.internal.reflect.NativeMethodAccessorImpl.invoke(NativeMethodAccessorImpl.java:77)
	at java.base/jdk.internal.reflect.DelegatingMethodAccessorImpl.invoke(DelegatingMethodAccessorImpl.java:43)
	at jdk.proxy2/jdk.proxy2.$Proxy50.execute(Unknown Source)
	at com.kms.katalon.core.webui.model.SeleniumActionRetryController.performAction(SeleniumActionRetryController.java:96)
	at com.kms.katalon.core.webui.model.SeleniumActionRetryController.performAction(SeleniumActionRetryController.java:83)
	at com.kms.katalon.core.webui.keyword.internal.WebUIKeywordMain$_runKeywordUntilTimeout_closure1.doCall(WebUIKeywordMain.groovy:135)
	at com.kms.katalon.core.webui.keyword.internal.WebUIKeywordMain$_runKeywordUntilTimeout_closure1.call(WebUIKeywordMain.groovy)
	at com.kms.katalon.core.webui.keyword.internal.WebUIKeywordMain.runKeyword(WebUIKeywordMain.groovy:41)
	... 22 more

Screenshot disimpan: C:/Users/TTECH-0251/git/AutoAPI/Screenshots/Evidence_FAILED_14.09.2026_(11.10.31).png
2026-09-14 11:10:32.000 INFO  c.k.katalon.core.main.TestCaseExecutor   - END Test Cases/DATA UI/Download/ProsesDownload
2026-09-14 11:10:32.004 INFO  c.k.katalon.core.main.TestCaseExecutor   - --------------------
2026-09-14 11:10:32.004 INFO  c.k.katalon.core.main.TestCaseExecutor   - START Test Cases/DATA UI/Download/ProsesDownload
2026-09-14 11:10:32.039 DEBUG testcase.ProsesDownload                  - 1: projectDir = getProjectDir()
2026-09-14 11:10:32.039 DEBUG testcase.ProsesDownload                  - 2: timestamp = Date().format("dd.MM.yyyy_(HH.mm.ss)")
2026-09-14 11:10:32.041 DEBUG testcase.ProsesDownload                  - 3: click(findTestObject("Data UI/Download/btnDownload"))
