2026-09-14 11:18:43.020 INFO  c.k.k.c.l.logback.LogbackConfigurator    - Logback default configuration initialized from: C:\Users\TTECH-0251\.katalon\packages\KSE-10.4.2\configuration\org.eclipse.osgi\132\0\.cp\resources\logback\logback-execution.xml
2026-09-14 11:18:43.026 INFO  c.k.k.c.l.logback.LogbackConfigurator    - Logback custom configuration initialized from: C:\Users\TTECH-0251\git\AutoAPI\Include\config\log.properties
2026-09-14 11:18:44.110 INFO  c.k.katalon.core.main.TestSuiteExecutor  - START Test Suites/BrinsBook/FBI_Detail
2026-09-14 11:18:44.227 INFO  c.k.katalon.core.main.TestSuiteExecutor  - userFullName = Quality Assurance 12
2026-09-14 11:18:44.228 INFO  c.k.katalon.core.main.TestSuiteExecutor  - projectName = AutoAPI
2026-09-14 11:18:44.229 INFO  c.k.katalon.core.main.TestSuiteExecutor  - hostName = TTECH-0251 - NovalWinaNurcahyo.brins.co.id
2026-09-14 11:18:44.231 INFO  c.k.katalon.core.main.TestSuiteExecutor  - os = Windows 10 64bit
2026-09-14 11:18:44.231 INFO  c.k.katalon.core.main.TestSuiteExecutor  - hostAddress = 10.1.48.156
2026-09-14 11:18:44.233 INFO  c.k.katalon.core.main.TestSuiteExecutor  - katalonVersion = 10.4.2.0
2026-09-14 11:18:44.929 INFO  c.k.katalon.core.main.TestCaseExecutor   - --------------------
2026-09-14 11:18:44.930 INFO  c.k.katalon.core.main.TestCaseExecutor   - START Test Cases/DATA UI/Login/Login_BrinsBook
2026-09-14 11:18:45.186 DEBUG testcase.Login_BrinsBook                 - 1: projectDir = getProjectDir()
2026-09-14 11:18:45.191 DEBUG testcase.Login_BrinsBook                 - 2: timestamp = Date().format("dd.MM.yyyy_(HH.mm.ss)")
2026-09-14 11:18:45.225 DEBUG testcase.Login_BrinsBook                 - 3: openBrowser("http://192.168.140.18:8000/login/")
2026-09-14 11:18:45.642 INFO  c.k.k.core.webui.driver.DriverFactory    - Starting 'Chrome' driver
2026-09-14 11:18:45.744 INFO  c.k.k.core.webui.driver.DriverFactory    - Action delay is set to 0 milliseconds
Sep 14, 2026 11:18:48 AM org.openqa.selenium.devtools.CdpVersionFinder findNearestMatch
WARNING: Unable to find CDP implementation matching 152
Sep 14, 2026 11:18:48 AM org.openqa.selenium.chromium.ChromiumDriver lambda$new$4
WARNING: Unable to find version of CDP to use for 152.0.7977.83. You may need to include a dependency on a specific version of the CDP using something similar to `org.seleniumhq.selenium:selenium-devtools-v86:4.34.0` where the version ("v86") matches the version of the chromium-based browser you're using and the version number of the artifact is the same as Selenium's.
2026-09-14 11:18:50.160 INFO  c.k.k.core.webui.driver.DriverFactory    - sessionId = fb5ec535b22c726d1104f0f07e6fc057
2026-09-14 11:18:50.162 INFO  c.k.k.core.webui.driver.DriverFactory    - browser = Chrome 152.0.7977.83
2026-09-14 11:18:50.163 INFO  c.k.k.core.webui.driver.DriverFactory    - platform = Windows 10
2026-09-14 11:18:50.165 INFO  c.k.k.core.webui.driver.DriverFactory    - seleniumVersion = 4.34.0
2026-09-14 11:18:50.192 INFO  c.k.k.core.webui.driver.DriverFactory    - proxyInformation = ProxyInformation { proxyOption=NO_PROXY, proxyServerType=HTTP, username=, password=********, proxyServerAddress=, proxyServerPort=0, executionList="", isApplyToDesiredCapabilities=true }
2026-09-14 11:18:51.357 DEBUG testcase.Login_BrinsBook                 - 4: setText(findTestObject("Data UI/Login/inputUsername"), "test")
2026-09-14 11:18:53.258 DEBUG testcase.Login_BrinsBook                 - 5: setText(findTestObject("Data UI/Login/inputPassword"), "passwordSalah")
2026-09-14 11:18:54.700 DEBUG testcase.Login_BrinsBook                 - 6: click(findTestObject("Data UI/Login/btnPortal"))
2026-09-14 11:18:55.933 DEBUG testcase.Login_BrinsBook                 - 7: delay(2)
2026-09-14 11:18:58.026 DEBUG testcase.Login_BrinsBook                 - 8: loginFailed = verifyTextPresent("Akun kamu sudah login di perangkat lain nih/login/", false, OPTIONAL)
2026-09-14 11:18:58.501 WARN  c.k.k.core.keyword.internal.KeywordMain  - Text 'Akun kamu sudah login di perangkat lain nih/login/' is not present on page  (Root cause: com.kms.katalon.core.exception.StepFailedException: Text 'Akun kamu sudah login di perangkat lain nih/login/' is not present on page 
	at com.kms.katalon.core.webui.keyword.internal.WebUIKeywordMain.stepFailed(WebUIKeywordMain.groovy:177)
	at com.kms.katalon.core.webui.keyword.builtin.VerifyTextPresentKeyword$_verifyTextPresent_closure1.doCall(VerifyTextPresentKeyword.groovy:79)
	at com.kms.katalon.core.webui.keyword.builtin.VerifyTextPresentKeyword$_verifyTextPresent_closure1.call(VerifyTextPresentKeyword.groovy)
	at com.kms.katalon.core.webui.keyword.internal.WebUIKeywordMain.runKeyword(WebUIKeywordMain.groovy:41)
	at com.kms.katalon.core.webui.keyword.builtin.VerifyTextPresentKeyword.verifyTextPresent(VerifyTextPresentKeyword.groovy:83)
	at com.kms.katalon.core.webui.keyword.builtin.VerifyTextPresentKeyword.execute(VerifyTextPresentKeyword.groovy:68)
	at com.kms.katalon.core.keyword.internal.KeywordExecutor.executeKeywordForPlatform(KeywordExecutor.groovy:90)
	at com.kms.katalon.core.webui.keyword.WebUiBuiltInKeywords.verifyTextPresent(WebUiBuiltInKeywords.groovy:1808)
	at Login_BrinsBook.run(Login_BrinsBook:40)
	at com.kms.katalon.core.main.ScriptEngine.run(ScriptEngine.java:194)
	at com.kms.katalon.core.main.ScriptEngine.runScriptAsRawText(ScriptEngine.java:119)
	at com.kms.katalon.core.main.TestCaseExecutor.runScript(TestCaseExecutor.java:490)
	at com.kms.katalon.core.main.TestCaseExecutor.doExecute(TestCaseExecutor.java:481)
	at com.kms.katalon.core.main.TestCaseExecutor.processExecutionPhase(TestCaseExecutor.java:460)
	at com.kms.katalon.core.main.TestCaseExecutor.accessMainPhase(TestCaseExecutor.java:452)
	at com.kms.katalon.core.main.TestCaseExecutor.execute(TestCaseExecutor.java:322)
	at com.kms.katalon.core.common.CommonExecutor.accessTestCaseMainPhase(CommonExecutor.java:71)
	at com.kms.katalon.core.main.TestSuiteExecutor.accessTestSuiteMainPhase(TestSuiteExecutor.java:153)
	at com.kms.katalon.core.main.TestSuiteExecutor.execute(TestSuiteExecutor.java:110)
	at com.kms.katalon.core.main.TestCaseMain.startTestSuite(TestCaseMain.java:205)
	at TempTestSuite1789359517588.run(TempTestSuite1789359517588.groovy:35)
	at java.base/jdk.internal.reflect.NativeMethodAccessorImpl.invoke0(Native Method)
	at java.base/jdk.internal.reflect.NativeMethodAccessorImpl.invoke(NativeMethodAccessorImpl.java:77)
	at java.base/jdk.internal.reflect.DelegatingMethodAccessorImpl.invoke(DelegatingMethodAccessorImpl.java:43)
)
2026-09-14 11:18:58.507 DEBUG testcase.Login_BrinsBook                 - 9: if (loginFailed)
2026-09-14 11:18:58.510 DEBUG testcase.Login_BrinsBook                 - 10: else
2026-09-14 11:18:58.513 DEBUG testcase.Login_BrinsBook                 - 1: println("Pesan gagal login tidak ditemukan")
Pesan gagal login tidak ditemukan
2026-09-14 11:18:58.523 DEBUG testcase.Login_BrinsBook                 - 11: back()
2026-09-14 11:18:58.728 DEBUG testcase.Login_BrinsBook                 - 12: delay(3)
2026-09-14 11:19:01.756 DEBUG testcase.Login_BrinsBook                 - 13: click(findTestObject("Data UI/Login/btnForceLogout1"))
2026-09-14 11:19:02.657 DEBUG testcase.Login_BrinsBook                 - 14: setText(findTestObject("Data UI/Login/inputUsernameForce"), "TTECH-0251")
2026-09-14 11:19:04.262 DEBUG testcase.Login_BrinsBook                 - 15: click(findTestObject("Data UI/Login/btnForceLogout2"))
2026-09-14 11:19:05.146 DEBUG testcase.Login_BrinsBook                 - 16: setText(findTestObject("Data UI/Login/inputUsername"), "TTECH-0251")
2026-09-14 11:19:06.712 DEBUG testcase.Login_BrinsBook                 - 17: setText(findTestObject("Data UI/Login/inputPassword"), "qwerty123")
2026-09-14 11:19:08.199 DEBUG testcase.Login_BrinsBook                 - 18: click(findTestObject("Data UI/Login/btnPortal"))
2026-09-14 11:19:10.407 DEBUG testcase.Login_BrinsBook                 - 19: delay(3)
2026-09-14 11:19:13.427 DEBUG testcase.Login_BrinsBook                 - 20: verifyElementPresent(findTestObject("Data UI/Menu/Brinsbook"), 10)
2026-09-14 11:19:13.833 DEBUG testcase.Login_BrinsBook                 - 21: delay(1)
2026-09-14 11:19:14.847 DEBUG testcase.Login_BrinsBook                 - 22: screenshotPathFailed2 = $projectDir/Screenshots/Evidence_POSITIVE_Menu BRINS Book_$timestamp.png
2026-09-14 11:19:14.922 DEBUG testcase.Login_BrinsBook                 - 23: takeScreenshot(screenshotPathFailed2)
2026-09-14 11:19:15.358 DEBUG testcase.Login_BrinsBook                 - 24: click(findTestObject("Data UI/Menu/Brinsbook"))
2026-09-14 11:19:16.465 DEBUG testcase.Login_BrinsBook                 - 25: delay(2)
Screenshot disimpan: C:/Users/TTECH-0251/git/AutoAPI/Screenshots/Evidence_PASSED_14.09.2026_(11.19.18).png
2026-09-14 11:19:18.941 INFO  c.k.katalon.core.main.TestCaseExecutor   - END Test Cases/DATA UI/Login/Login_BrinsBook
2026-09-14 11:19:18.951 INFO  c.k.katalon.core.main.TestCaseExecutor   - --------------------
2026-09-14 11:19:18.952 INFO  c.k.katalon.core.main.TestCaseExecutor   - START Test Cases/DATA UI/Filter FBI_Detail/Filter_FBI_Detail
2026-09-14 11:19:19.321 DEBUG testcase.Filter_FBI_Detail               - 1: projectDir = getProjectDir()
2026-09-14 11:19:19.325 DEBUG testcase.Filter_FBI_Detail               - 2: timestamp = Date().format("dd.MM.yyyy_(HH.mm.ss)")
2026-09-14 11:19:19.331 DEBUG testcase.Filter_FBI_Detail               - 3: click(findTestObject("Data UI/Menu/ReportingPortal"))
2026-09-14 11:19:20.907 DEBUG testcase.Filter_FBI_Detail               - 4: scrollToElement(findTestObject("Data UI/Menu/btnPilih"), 0)
2026-09-14 11:19:20.956 WARN  c.k.k.c.webui.common.WebUiCommonHelper   - Timeout '0' is invalid. Using default page load timeout: '10'
2026-09-14 11:19:21.460 DEBUG testcase.Filter_FBI_Detail               - 5: click(findTestObject("Data UI/Menu/btnPilih"))
2026-09-14 11:19:22.635 DEBUG testcase.Filter_FBI_Detail               - 6: delay(3)
2026-09-14 11:19:25.653 DEBUG testcase.Filter_FBI_Detail               - 7: urlFBI_Detail = getUrl()
2026-09-14 11:19:25.718 DEBUG testcase.Filter_FBI_Detail               - 8: assert urlFBI_Detail.contains("mng_proman_fbi_detail")
2026-09-14 11:19:25.739 DEBUG testcase.Filter_FBI_Detail               - 9: verifyElementPresent(findTestObject("Data UI/Filter FBI_Detail/Headline"), 0)
2026-09-14 11:19:25.757 WARN  c.k.k.c.webui.common.WebUiCommonHelper   - Timeout '0' is invalid. Using default page load timeout: '10'
2026-09-14 11:19:26.104 DEBUG testcase.Filter_FBI_Detail               - 10: screenshotPathFilter = $projectDir/Screenshots/Evidence_POSITIVE_DashboardFBI_Detail_$timestamp.png
2026-09-14 11:19:26.108 DEBUG testcase.Filter_FBI_Detail               - 11: takeScreenshot(screenshotPathFilter)
2026-09-14 11:19:26.510 DEBUG testcase.Filter_FBI_Detail               - 12: delay(1)
2026-09-14 11:19:27.530 DEBUG testcase.Filter_FBI_Detail               - 13: setText(findTestObject("Data UI/Filter FBI_Detail/PeriodeAwal"), "01012026")
2026-09-14 11:19:29.044 DEBUG testcase.Filter_FBI_Detail               - 14: setText(findTestObject("Data UI/Filter FBI_Detail/PeriodeAkhir"), "28022026")
2026-09-14 11:19:30.472 DEBUG testcase.Filter_FBI_Detail               - 15: click(findTestObject("Data UI/Filter FBI_Detail/Product"))
2026-09-14 11:19:40.540 WARN  c.k.k.c.w.keyword.builtin.ClickKeyword   - Waiting for element timed out
2026-09-14 11:19:40.634 DEBUG testcase.Filter_FBI_Detail               - 16: click(findTestObject("Data UI/Filter FBI_Detail/Uker"))
2026-09-14 11:19:50.727 WARN  c.k.k.c.w.keyword.builtin.ClickKeyword   - Waiting for element timed out
2026-09-14 11:19:50.859 DEBUG testcase.Filter_FBI_Detail               - 17: click(findTestObject("Data UI/Filter FBI_Detail/Cabang"))
2026-09-14 11:20:00.931 WARN  c.k.k.c.w.keyword.builtin.ClickKeyword   - Waiting for element timed out
2026-09-14 11:20:01.011 DEBUG testcase.Filter_FBI_Detail               - 18: click(findTestObject("Data UI/Filter FBI_Detail/Type"))
2026-09-14 11:20:11.078 WARN  c.k.k.c.w.keyword.builtin.ClickKeyword   - Waiting for element timed out
2026-09-14 11:20:11.156 DEBUG testcase.Filter_FBI_Detail               - 19: click(findTestObject("Data UI/Filter FBI_Detail/btnProses"))
2026-09-14 11:20:12.800 DEBUG testcase.Filter_FBI_Detail               - 20: delay(3)
2026-09-14 11:20:15.823 DEBUG testcase.Filter_FBI_Detail               - 21: verifyElementPresent(findTestObject("Data UI/Download/popupDownload"), 0)
2026-09-14 11:20:15.839 WARN  c.k.k.c.webui.common.WebUiCommonHelper   - Timeout '0' is invalid. Using default page load timeout: '10'
Screenshot disimpan: C:/Users/TTECH-0251/git/AutoAPI/Screenshots/Evidence_PASSED_14.09.2026_(11.20.16).png
2026-09-14 11:20:16.585 INFO  c.k.katalon.core.main.TestCaseExecutor   - END Test Cases/DATA UI/Filter FBI_Detail/Filter_FBI_Detail
2026-09-14 11:20:16.594 INFO  c.k.katalon.core.main.TestCaseExecutor   - --------------------
2026-09-14 11:20:16.594 INFO  c.k.katalon.core.main.TestCaseExecutor   - START Test Cases/DATA UI/Download/ProsesDownload
2026-09-14 11:20:17.718 DEBUG testcase.ProsesDownload                  - 1: projectDir = getProjectDir()
2026-09-14 11:20:17.721 DEBUG testcase.ProsesDownload                  - 2: timestamp = Date().format("dd.MM.yyyy_(HH.mm.ss)")
2026-09-14 11:20:17.728 DEBUG testcase.ProsesDownload                  - 3: click(findTestObject("Data UI/Download/btnDownload"))
2026-09-14 11:20:18.414 DEBUG testcase.ProsesDownload                  - 4: screenshotPathDownload = $projectDir/Screenshots/Evidence_POSITIVE_Popup_Download_$timestamp.png
2026-09-14 11:20:18.417 DEBUG testcase.ProsesDownload                  - 5: takeScreenshot(screenshotPathDownload)
2026-09-14 11:20:18.968 DEBUG testcase.ProsesDownload                  - 6: verifyElementPresent(findTestObject("Data UI/Download/popupDownload"), 0)
2026-09-14 11:20:18.982 WARN  c.k.k.c.webui.common.WebUiCommonHelper   - Timeout '0' is invalid. Using default page load timeout: '10'
2026-09-14 11:20:19.314 DEBUG testcase.ProsesDownload                  - 7: comment("Klik format Excel")
2026-09-14 11:20:19.336 INFO  c.k.k.c.keyword.builtin.CommentKeyword   - Klik format Excel
2026-09-14 11:20:19.339 DEBUG testcase.ProsesDownload                  - 8: click(findTestObject("Data UI/Download/formatExcel"))
2026-09-14 11:20:20.450 DEBUG testcase.ProsesDownload                  - 9: delay(5)
2026-09-14 11:20:25.469 DEBUG testcase.ProsesDownload                  - 10: downloadPath = System.getProperty("user.home") + "\Downloads"
2026-09-14 11:20:25.483 DEBUG testcase.ProsesDownload                  - 11: downloadFolder = new java.io.File(downloadPath)
2026-09-14 11:20:25.487 DEBUG testcase.ProsesDownload                  - 12: logInfo("Mengecek folder download: " + downloadPath)
2026-09-14 11:20:25.512 INFO  com.kms.katalon.core.util.KeywordUtil    - Mengecek folder download: C:\Users\TTECH-0251\Downloads
2026-09-14 11:20:25.515 DEBUG testcase.ProsesDownload                  - 13: downloadedFile = null
2026-09-14 11:20:25.518 DEBUG testcase.ProsesDownload                  - 14: for ([i = 0, i < 30, (i++)])
2026-09-14 11:20:25.521 DEBUG testcase.ProsesDownload                  - 1: files = downloadFolder.listFiles()
2026-09-14 11:20:25.526 DEBUG testcase.ProsesDownload                  - 2: if (files != null)
2026-09-14 11:20:25.529 DEBUG testcase.ProsesDownload                  - 1: excelFiles = files.findAll({ java.io.File file -> ... })
2026-09-14 11:20:25.566 DEBUG testcase.ProsesDownload                  - 2: if (!(excelFiles.isEmpty()))
2026-09-14 11:20:25.573 DEBUG testcase.ProsesDownload                  - 1: downloadedFile = excelFiles.max({ -> ... })
2026-09-14 11:20:25.591 DEBUG testcase.ProsesDownload                  - 2: logInfo("File Excel ditemukan: " + absolutePath)
2026-09-14 11:20:25.594 INFO  com.kms.katalon.core.util.KeywordUtil    - File Excel ditemukan: C:\Users\TTECH-0251\Downloads\Report FBI Detail (3).xlsx
2026-09-14 11:20:25.596 DEBUG testcase.ProsesDownload                  - 3: break
2026-09-14 11:20:25.599 DEBUG testcase.ProsesDownload                  - 15: if (downloadedFile == null)
2026-09-14 11:20:25.603 DEBUG testcase.ProsesDownload                  - 16: else
2026-09-14 11:20:25.606 DEBUG testcase.ProsesDownload                  - 1: logInfo("Download Excel berhasil: " + absolutePath)
2026-09-14 11:20:25.609 INFO  com.kms.katalon.core.util.KeywordUtil    - Download Excel berhasil: C:\Users\TTECH-0251\Downloads\Report FBI Detail (3).xlsx
2026-09-14 11:20:25.612 DEBUG testcase.ProsesDownload                  - 2: logInfo("Nama file: " + name)
2026-09-14 11:20:25.616 INFO  com.kms.katalon.core.util.KeywordUtil    - Nama file: Report FBI Detail (3).xlsx
2026-09-14 11:20:25.618 DEBUG testcase.ProsesDownload                  - 3: logInfo("Ukuran file: " + downloadedFile.length() + " bytes")
2026-09-14 11:20:25.624 INFO  com.kms.katalon.core.util.KeywordUtil    - Ukuran file: 7174 bytes
2026-09-14 11:20:25.624 DEBUG testcase.ProsesDownload                  - 17: comment("Membuka file Excel/WPS...")
2026-09-14 11:20:25.624 INFO  c.k.k.c.keyword.builtin.CommentKeyword   - Membuka file Excel/WPS...
2026-09-14 11:20:25.632 DEBUG testcase.ProsesDownload                  - 18: excelPath = absolutePath
2026-09-14 11:20:25.636 DEBUG testcase.ProsesDownload                  - 19: excelProcess = ProcessBuilder(cmd, /c, start, , excelPath).start()
2026-09-14 11:20:25.715 DEBUG testcase.ProsesDownload                  - 20: delay(10)
2026-09-14 11:20:35.731 DEBUG testcase.ProsesDownload                  - 21: comment("Menunggu window Excel/WPS aktif...")
2026-09-14 11:20:35.736 INFO  c.k.k.c.keyword.builtin.CommentKeyword   - Menunggu window Excel/WPS aktif...
2026-09-14 11:20:35.737 DEBUG testcase.ProsesDownload                  - 22: activateProcess = MainWindowHandle)
    }
    ).start()
2026-09-14 11:20:35.785 DEBUG testcase.ProsesDownload                  - 23: activateProcess.waitFor()
2026-09-14 11:20:38.320 DEBUG testcase.ProsesDownload                  - 24: delay(3)
2026-09-14 11:20:41.338 DEBUG testcase.ProsesDownload                  - 25: comment("Mengambil screenshot Excel/WPS...")
2026-09-14 11:20:41.347 INFO  c.k.k.c.keyword.builtin.CommentKeyword   - Mengambil screenshot Excel/WPS...
2026-09-14 11:20:41.349 DEBUG testcase.ProsesDownload                  - 26: screenshotExcel = $projectDir\Screenshots\EVIDENCE_POSITIVE_Excel_$timestamp.png
2026-09-14 11:20:41.351 DEBUG testcase.ProsesDownload                  - 27: screenshotDir = new java.io.File($projectDir\Screenshots)
2026-09-14 11:20:41.376 DEBUG testcase.ProsesDownload                  - 28: if (!(screenshotDir.exists()))
2026-09-14 11:20:41.381 DEBUG testcase.ProsesDownload                  - 29: takeScreenshot(screenshotExcel, STOP_ON_FAILURE)
2026-09-14 11:20:41.712 ERROR c.k.k.core.keyword.internal.KeywordMain  - ❌ Cannot invoke "com.kms.katalon.core.windows.driver.WindowsSession.getRunningDriver()" because "com.kms.katalon.core.windows.driver.WindowsDriverFactory.windowsSession" is null (Root cause: java.lang.NullPointerException: Cannot invoke "com.kms.katalon.core.windows.driver.WindowsSession.getRunningDriver()" because "com.kms.katalon.core.windows.driver.WindowsDriverFactory.windowsSession" is null
	at com.kms.katalon.core.windows.driver.WindowsDriverFactory.getWindowsDriver(WindowsDriverFactory.java:59)
	at com.kms.katalon.core.windows.driver.WindowsDriverFactory$getWindowsDriver.call(Unknown Source)
	at com.kms.katalon.core.windows.keyword.builtin.TakeScreenshotKeyword$_takeScreenshot_closure1.doCall(TakeScreenshotKeyword.groovy:51)
	at com.kms.katalon.core.windows.keyword.builtin.TakeScreenshotKeyword$_takeScreenshot_closure1.doCall(TakeScreenshotKeyword.groovy)
	at java.base/jdk.internal.reflect.NativeMethodAccessorImpl.invoke0(Native Method)
	at java.base/jdk.internal.reflect.NativeMethodAccessorImpl.invoke(NativeMethodAccessorImpl.java:77)
	at java.base/jdk.internal.reflect.DelegatingMethodAccessorImpl.invoke(DelegatingMethodAccessorImpl.java:43)
	at com.kms.katalon.core.keyword.internal.KeywordMain.runKeyword(KeywordMain.groovy:90)
	at com.kms.katalon.core.keyword.internal.KeywordMain$runKeyword.call(Unknown Source)
	at com.kms.katalon.core.windows.keyword.builtin.TakeScreenshotKeyword.takeScreenshot(TakeScreenshotKeyword.groovy:50)
	at java.base/jdk.internal.reflect.NativeMethodAccessorImpl.invoke0(Native Method)
	at java.base/jdk.internal.reflect.NativeMethodAccessorImpl.invoke(NativeMethodAccessorImpl.java:77)
	at java.base/jdk.internal.reflect.DelegatingMethodAccessorImpl.invoke(DelegatingMethodAccessorImpl.java:43)
	at com.kms.katalon.core.windows.keyword.builtin.TakeScreenshotKeyword.execute(TakeScreenshotKeyword.groovy:42)
	at com.kms.katalon.core.keyword.internal.KeywordExecutor.executeKeywordForPlatform(KeywordExecutor.groovy:90)
	at com.kms.katalon.core.windows.keyword.WindowsBuiltinKeywords.takeScreenshot(WindowsBuiltinKeywords.java:700)
	at ProsesDownload.run(ProsesDownload:363)
	at com.kms.katalon.core.main.ScriptEngine.run(ScriptEngine.java:194)
	at com.kms.katalon.core.main.ScriptEngine.runScriptAsRawText(ScriptEngine.java:119)
	at com.kms.katalon.core.main.TestCaseExecutor.runScript(TestCaseExecutor.java:490)
	at com.kms.katalon.core.main.TestCaseExecutor.doExecute(TestCaseExecutor.java:481)
	at com.kms.katalon.core.main.TestCaseExecutor.processExecutionPhase(TestCaseExecutor.java:460)
	at com.kms.katalon.core.main.TestCaseExecutor.accessMainPhase(TestCaseExecutor.java:452)
	at com.kms.katalon.core.main.TestCaseExecutor.execute(TestCaseExecutor.java:322)
	at com.kms.katalon.core.common.CommonExecutor.accessTestCaseMainPhase(CommonExecutor.java:71)
	at com.kms.katalon.core.main.TestSuiteExecutor.accessTestSuiteMainPhase(TestSuiteExecutor.java:153)
	at com.kms.katalon.core.main.TestSuiteExecutor.execute(TestSuiteExecutor.java:110)
	at com.kms.katalon.core.main.TestCaseMain.startTestSuite(TestCaseMain.java:205)
	at TempTestSuite1789359517588.run(TempTestSuite1789359517588.groovy:35)
	at java.base/jdk.internal.reflect.NativeMethodAccessorImpl.invoke0(Native Method)
	at java.base/jdk.internal.reflect.NativeMethodAccessorImpl.invoke(NativeMethodAccessorImpl.java:77)
	at java.base/jdk.internal.reflect.DelegatingMethodAccessorImpl.invoke(DelegatingMethodAccessorImpl.java:43)
)
2026-09-14 11:20:41.720 ERROR c.k.katalon.core.main.TestCaseExecutor   - ❌ Test Cases/DATA UI/Download/ProsesDownload FAILED.
Reason:
com.kms.katalon.core.exception.StepFailedException: Cannot invoke "com.kms.katalon.core.windows.driver.WindowsSession.getRunningDriver()" because "com.kms.katalon.core.windows.driver.WindowsDriverFactory.windowsSession" is null (Root cause: java.lang.NullPointerException: Cannot invoke "com.kms.katalon.core.windows.driver.WindowsSession.getRunningDriver()" because "com.kms.katalon.core.windows.driver.WindowsDriverFactory.windowsSession" is null
	at com.kms.katalon.core.windows.driver.WindowsDriverFactory.getWindowsDriver(WindowsDriverFactory.java:59)
	at com.kms.katalon.core.windows.driver.WindowsDriverFactory$getWindowsDriver.call(Unknown Source)
	at com.kms.katalon.core.windows.keyword.builtin.TakeScreenshotKeyword$_takeScreenshot_closure1.doCall(TakeScreenshotKeyword.groovy:51)
	at com.kms.katalon.core.windows.keyword.builtin.TakeScreenshotKeyword$_takeScreenshot_closure1.doCall(TakeScreenshotKeyword.groovy)
	at java.base/jdk.internal.reflect.NativeMethodAccessorImpl.invoke0(Native Method)
	at java.base/jdk.internal.reflect.NativeMethodAccessorImpl.invoke(NativeMethodAccessorImpl.java:77)
	at java.base/jdk.internal.reflect.DelegatingMethodAccessorImpl.invoke(DelegatingMethodAccessorImpl.java:43)
	at com.kms.katalon.core.keyword.internal.KeywordMain.runKeyword(KeywordMain.groovy:90)
	at com.kms.katalon.core.keyword.internal.KeywordMain$runKeyword.call(Unknown Source)
	at com.kms.katalon.core.windows.keyword.builtin.TakeScreenshotKeyword.takeScreenshot(TakeScreenshotKeyword.groovy:50)
	at java.base/jdk.internal.reflect.NativeMethodAccessorImpl.invoke0(Native Method)
	at java.base/jdk.internal.reflect.NativeMethodAccessorImpl.invoke(NativeMethodAccessorImpl.java:77)
	at java.base/jdk.internal.reflect.DelegatingMethodAccessorImpl.invoke(DelegatingMethodAccessorImpl.java:43)
	at com.kms.katalon.core.windows.keyword.builtin.TakeScreenshotKeyword.execute(TakeScreenshotKeyword.groovy:42)
	at com.kms.katalon.core.keyword.internal.KeywordExecutor.executeKeywordForPlatform(KeywordExecutor.groovy:90)
	at com.kms.katalon.core.windows.keyword.WindowsBuiltinKeywords.takeScreenshot(WindowsBuiltinKeywords.java:700)
	at ProsesDownload.run(ProsesDownload:363)
	at com.kms.katalon.core.main.ScriptEngine.run(ScriptEngine.java:194)
	at com.kms.katalon.core.main.ScriptEngine.runScriptAsRawText(ScriptEngine.java:119)
	at com.kms.katalon.core.main.TestCaseExecutor.runScript(TestCaseExecutor.java:490)
	at com.kms.katalon.core.main.TestCaseExecutor.doExecute(TestCaseExecutor.java:481)
	at com.kms.katalon.core.main.TestCaseExecutor.processExecutionPhase(TestCaseExecutor.java:460)
	at com.kms.katalon.core.main.TestCaseExecutor.accessMainPhase(TestCaseExecutor.java:452)
	at com.kms.katalon.core.main.TestCaseExecutor.execute(TestCaseExecutor.java:322)
	at com.kms.katalon.core.common.CommonExecutor.accessTestCaseMainPhase(CommonExecutor.java:71)
	at com.kms.katalon.core.main.TestSuiteExecutor.accessTestSuiteMainPhase(TestSuiteExecutor.java:153)
	at com.kms.katalon.core.main.TestSuiteExecutor.execute(TestSuiteExecutor.java:110)
	at com.kms.katalon.core.main.TestCaseMain.startTestSuite(TestCaseMain.java:205)
	at TempTestSuite1789359517588.run(TempTestSuite1789359517588.groovy:35)
	at java.base/jdk.internal.reflect.NativeMethodAccessorImpl.invoke0(Native Method)
	at java.base/jdk.internal.reflect.NativeMethodAccessorImpl.invoke(NativeMethodAccessorImpl.java:77)
	at java.base/jdk.internal.reflect.DelegatingMethodAccessorImpl.invoke(DelegatingMethodAccessorImpl.java:43)
)
	at com.kms.katalon.core.keyword.internal.KeywordMain.stepFailed(KeywordMain.groovy:51)
	at com.kms.katalon.core.keyword.internal.KeywordMain.stepFailed(KeywordMain.groovy)
	at com.kms.katalon.core.keyword.internal.KeywordMain.runKeyword(KeywordMain.groovy:92)
	at com.kms.katalon.core.keyword.internal.KeywordMain$runKeyword.call(Unknown Source)
	at com.kms.katalon.core.windows.keyword.builtin.TakeScreenshotKeyword.takeScreenshot(TakeScreenshotKeyword.groovy:50)
	at java.base/jdk.internal.reflect.NativeMethodAccessorImpl.invoke0(Native Method)
	at java.base/jdk.internal.reflect.NativeMethodAccessorImpl.invoke(NativeMethodAccessorImpl.java:77)
	at java.base/jdk.internal.reflect.DelegatingMethodAccessorImpl.invoke(DelegatingMethodAccessorImpl.java:43)
	at com.kms.katalon.core.windows.keyword.builtin.TakeScreenshotKeyword.execute(TakeScreenshotKeyword.groovy:42)
	at com.kms.katalon.core.keyword.internal.KeywordExecutor.executeKeywordForPlatform(KeywordExecutor.groovy:90)
	at com.kms.katalon.core.windows.keyword.WindowsBuiltinKeywords.takeScreenshot(WindowsBuiltinKeywords.java:700)
	at ProsesDownload.run(ProsesDownload:363)
	at com.kms.katalon.core.main.ScriptEngine.run(ScriptEngine.java:194)
	at com.kms.katalon.core.main.ScriptEngine.runScriptAsRawText(ScriptEngine.java:119)
	at com.kms.katalon.core.main.TestCaseExecutor.runScript(TestCaseExecutor.java:490)
	at com.kms.katalon.core.main.TestCaseExecutor.doExecute(TestCaseExecutor.java:481)
	at com.kms.katalon.core.main.TestCaseExecutor.processExecutionPhase(TestCaseExecutor.java:460)
	at com.kms.katalon.core.main.TestCaseExecutor.accessMainPhase(TestCaseExecutor.java:452)
	at com.kms.katalon.core.main.TestCaseExecutor.execute(TestCaseExecutor.java:322)
	at com.kms.katalon.core.common.CommonExecutor.accessTestCaseMainPhase(CommonExecutor.java:71)
	at com.kms.katalon.core.main.TestSuiteExecutor.accessTestSuiteMainPhase(TestSuiteExecutor.java:153)
	at com.kms.katalon.core.main.TestSuiteExecutor.execute(TestSuiteExecutor.java:110)
	at com.kms.katalon.core.main.TestCaseMain.startTestSuite(TestCaseMain.java:205)
	at TempTestSuite1789359517588.run(TempTestSuite1789359517588.groovy:35)
	at java.base/jdk.internal.reflect.NativeMethodAccessorImpl.invoke0(Native Method)
	at java.base/jdk.internal.reflect.NativeMethodAccessorImpl.invoke(NativeMethodAccessorImpl.java:77)
	at java.base/jdk.internal.reflect.DelegatingMethodAccessorImpl.invoke(DelegatingMethodAccessorImpl.java:43)
Caused by: java.lang.NullPointerException: Cannot invoke "com.kms.katalon.core.windows.driver.WindowsSession.getRunningDriver()" because "com.kms.katalon.core.windows.driver.WindowsDriverFactory.windowsSession" is null
	at com.kms.katalon.core.windows.driver.WindowsDriverFactory.getWindowsDriver(WindowsDriverFactory.java:59)
	at com.kms.katalon.core.windows.driver.WindowsDriverFactory$getWindowsDriver.call(Unknown Source)
	at com.kms.katalon.core.windows.keyword.builtin.TakeScreenshotKeyword$_takeScreenshot_closure1.doCall(TakeScreenshotKeyword.groovy:51)
	at com.kms.katalon.core.windows.keyword.builtin.TakeScreenshotKeyword$_takeScreenshot_closure1.doCall(TakeScreenshotKeyword.groovy)
	at java.base/jdk.internal.reflect.NativeMethodAccessorImpl.invoke0(Native Method)
	at java.base/jdk.internal.reflect.NativeMethodAccessorImpl.invoke(NativeMethodAccessorImpl.java:77)
	at java.base/jdk.internal.reflect.DelegatingMethodAccessorImpl.invoke(DelegatingMethodAccessorImpl.java:43)
	at com.kms.katalon.core.keyword.internal.KeywordMain.runKeyword(KeywordMain.groovy:90)
	... 24 more

Screenshot disimpan: C:/Users/TTECH-0251/git/AutoAPI/Screenshots/Evidence_FAILED_14.09.2026_(11.20.41).png
2026-09-14 11:20:42.261 INFO  c.k.katalon.core.main.TestCaseExecutor   - END Test Cases/DATA UI/Download/ProsesDownload
2026-09-14 11:20:42.271 INFO  c.k.katalon.core.main.TestCaseExecutor   - --------------------
2026-09-14 11:20:42.271 INFO  c.k.katalon.core.main.TestCaseExecutor   - START Test Cases/DATA UI/Download/ProsesDownload
2026-09-14 11:20:42.378 DEBUG testcase.ProsesDownload                  - 1: projectDir = getProjectDir()
2026-09-14 11:20:42.380 DEBUG testcase.ProsesDownload                  - 2: timestamp = Date().format("dd.MM.yyyy_(HH.mm.ss)")
2026-09-14 11:20:42.381 DEBUG testcase.ProsesDownload                  - 3: click(findTestObject("Data UI/Download/btnDownload"))
