2026-09-14 10:46:32.605 INFO  c.k.k.c.l.logback.LogbackConfigurator    - Logback default configuration initialized from: C:\Users\TTECH-0251\.katalon\packages\KSE-10.4.2\configuration\org.eclipse.osgi\132\0\.cp\resources\logback\logback-execution.xml
2026-09-14 10:46:32.610 INFO  c.k.k.c.l.logback.LogbackConfigurator    - Logback custom configuration initialized from: C:\Users\TTECH-0251\git\AutoAPI\Include\config\log.properties
2026-09-14 10:46:33.591 INFO  c.k.katalon.core.main.TestSuiteExecutor  - START Test Suites/BrinsBook/FBI_Detail
2026-09-14 10:46:33.690 INFO  c.k.katalon.core.main.TestSuiteExecutor  - userFullName = Quality Assurance 12
2026-09-14 10:46:33.691 INFO  c.k.katalon.core.main.TestSuiteExecutor  - projectName = AutoAPI
2026-09-14 10:46:33.692 INFO  c.k.katalon.core.main.TestSuiteExecutor  - hostName = TTECH-0251 - NovalWinaNurcahyo.brins.co.id
2026-09-14 10:46:33.693 INFO  c.k.katalon.core.main.TestSuiteExecutor  - os = Windows 10 64bit
2026-09-14 10:46:33.694 INFO  c.k.katalon.core.main.TestSuiteExecutor  - hostAddress = 10.1.48.156
2026-09-14 10:46:33.695 INFO  c.k.katalon.core.main.TestSuiteExecutor  - katalonVersion = 10.4.2.0
2026-09-14 10:46:34.359 INFO  c.k.katalon.core.main.TestCaseExecutor   - --------------------
2026-09-14 10:46:34.360 INFO  c.k.katalon.core.main.TestCaseExecutor   - START Test Cases/DATA UI/Login/Login_BrinsBook
2026-09-14 10:46:34.629 DEBUG testcase.Login_BrinsBook                 - 1: projectDir = getProjectDir()
2026-09-14 10:46:34.634 DEBUG testcase.Login_BrinsBook                 - 2: timestamp = Date().format("dd.MM.yyyy_(HH.mm.ss)")
2026-09-14 10:46:34.661 DEBUG testcase.Login_BrinsBook                 - 3: openBrowser("http://192.168.140.18:8000/login/")
2026-09-14 10:46:35.073 INFO  c.k.k.core.webui.driver.DriverFactory    - Starting 'Chrome' driver
2026-09-14 10:46:35.151 INFO  c.k.k.core.webui.driver.DriverFactory    - Action delay is set to 0 milliseconds
Sep 14, 2026 10:46:37 AM org.openqa.selenium.devtools.CdpVersionFinder findNearestMatch
WARNING: Unable to find CDP implementation matching 152
Sep 14, 2026 10:46:37 AM org.openqa.selenium.chromium.ChromiumDriver lambda$new$4
WARNING: Unable to find version of CDP to use for 152.0.7977.83. You may need to include a dependency on a specific version of the CDP using something similar to `org.seleniumhq.selenium:selenium-devtools-v86:4.34.0` where the version ("v86") matches the version of the chromium-based browser you're using and the version number of the artifact is the same as Selenium's.
2026-09-14 10:46:39.543 INFO  c.k.k.core.webui.driver.DriverFactory    - sessionId = 69eb619596217713b0e3b2fc460ea407
2026-09-14 10:46:39.546 INFO  c.k.k.core.webui.driver.DriverFactory    - browser = Chrome 152.0.7977.83
2026-09-14 10:46:39.547 INFO  c.k.k.core.webui.driver.DriverFactory    - platform = Windows 10
2026-09-14 10:46:39.548 INFO  c.k.k.core.webui.driver.DriverFactory    - seleniumVersion = 4.34.0
2026-09-14 10:46:39.574 INFO  c.k.k.core.webui.driver.DriverFactory    - proxyInformation = ProxyInformation { proxyOption=NO_PROXY, proxyServerType=HTTP, username=, password=********, proxyServerAddress=, proxyServerPort=0, executionList="", isApplyToDesiredCapabilities=true }
2026-09-14 10:46:41.034 DEBUG testcase.Login_BrinsBook                 - 4: setText(findTestObject("Data UI/Login/inputUsername"), "test")
2026-09-14 10:46:42.859 DEBUG testcase.Login_BrinsBook                 - 5: setText(findTestObject("Data UI/Login/inputPassword"), "passwordSalah")
2026-09-14 10:46:44.244 DEBUG testcase.Login_BrinsBook                 - 6: click(findTestObject("Data UI/Login/btnPortal"))
2026-09-14 10:46:45.912 DEBUG testcase.Login_BrinsBook                 - 7: delay(2)
2026-09-14 10:46:48.001 DEBUG testcase.Login_BrinsBook                 - 8: loginFailed = verifyTextPresent("Akun kamu sudah login di perangkat lain nih/login/", false, OPTIONAL)
2026-09-14 10:46:48.445 WARN  c.k.k.core.keyword.internal.KeywordMain  - Text 'Akun kamu sudah login di perangkat lain nih/login/' is not present on page  (Root cause: com.kms.katalon.core.exception.StepFailedException: Text 'Akun kamu sudah login di perangkat lain nih/login/' is not present on page 
	at com.kms.katalon.core.webui.keyword.internal.WebUIKeywordMain.stepFailed(WebUIKeywordMain.groovy:177)
	at com.kms.katalon.core.webui.keyword.builtin.VerifyTextPresentKeyword$_verifyTextPresent_closure1.doCall(VerifyTextPresentKeyword.groovy:79)
	at com.kms.katalon.core.webui.keyword.builtin.VerifyTextPresentKeyword$_verifyTextPresent_closure1.call(VerifyTextPresentKeyword.groovy)
	at com.kms.katalon.core.webui.keyword.internal.WebUIKeywordMain.runKeyword(WebUIKeywordMain.groovy:41)
	at com.kms.katalon.core.webui.keyword.builtin.VerifyTextPresentKeyword.verifyTextPresent(VerifyTextPresentKeyword.groovy:83)
	at com.kms.katalon.core.webui.keyword.builtin.VerifyTextPresentKeyword.execute(VerifyTextPresentKeyword.groovy:68)
	at com.kms.katalon.core.keyword.internal.KeywordExecutor.executeKeywordForPlatform(KeywordExecutor.groovy:90)
	at com.kms.katalon.core.webui.keyword.WebUiBuiltInKeywords.verifyTextPresent(WebUiBuiltInKeywords.groovy:1808)
	at Login_BrinsBook.run(Login_BrinsBook:40)
	at com.kms.katalon.core.main.ScriptEngine.run(ScriptEngine.java:194)
	at com.kms.katalon.core.main.ScriptEngine.runScriptAsRawText(ScriptEngine.java:119)
	at com.kms.katalon.core.main.TestCaseExecutor.runScript(TestCaseExecutor.java:490)
	at com.kms.katalon.core.main.TestCaseExecutor.doExecute(TestCaseExecutor.java:481)
	at com.kms.katalon.core.main.TestCaseExecutor.processExecutionPhase(TestCaseExecutor.java:460)
	at com.kms.katalon.core.main.TestCaseExecutor.accessMainPhase(TestCaseExecutor.java:452)
	at com.kms.katalon.core.main.TestCaseExecutor.execute(TestCaseExecutor.java:322)
	at com.kms.katalon.core.common.CommonExecutor.accessTestCaseMainPhase(CommonExecutor.java:71)
	at com.kms.katalon.core.main.TestSuiteExecutor.accessTestSuiteMainPhase(TestSuiteExecutor.java:153)
	at com.kms.katalon.core.main.TestSuiteExecutor.execute(TestSuiteExecutor.java:110)
	at com.kms.katalon.core.main.TestCaseMain.startTestSuite(TestCaseMain.java:205)
	at TempTestSuite1789357587119.run(TempTestSuite1789357587119.groovy:35)
	at java.base/jdk.internal.reflect.NativeMethodAccessorImpl.invoke0(Native Method)
	at java.base/jdk.internal.reflect.NativeMethodAccessorImpl.invoke(NativeMethodAccessorImpl.java:77)
	at java.base/jdk.internal.reflect.DelegatingMethodAccessorImpl.invoke(DelegatingMethodAccessorImpl.java:43)
)
2026-09-14 10:46:48.452 DEBUG testcase.Login_BrinsBook                 - 9: if (loginFailed)
2026-09-14 10:46:48.457 DEBUG testcase.Login_BrinsBook                 - 10: else
2026-09-14 10:46:48.460 DEBUG testcase.Login_BrinsBook                 - 1: println("Pesan gagal login tidak ditemukan")
Pesan gagal login tidak ditemukan
2026-09-14 10:46:48.472 DEBUG testcase.Login_BrinsBook                 - 11: back()
2026-09-14 10:46:49.295 DEBUG testcase.Login_BrinsBook                 - 12: delay(3)
2026-09-14 10:46:52.316 DEBUG testcase.Login_BrinsBook                 - 13: click(findTestObject("Data UI/Login/btnForceLogout1"))
2026-09-14 10:46:53.195 DEBUG testcase.Login_BrinsBook                 - 14: setText(findTestObject("Data UI/Login/inputUsernameForce"), "TTECH-0251")
2026-09-14 10:46:54.727 DEBUG testcase.Login_BrinsBook                 - 15: click(findTestObject("Data UI/Login/btnForceLogout2"))
2026-09-14 10:46:55.677 DEBUG testcase.Login_BrinsBook                 - 16: setText(findTestObject("Data UI/Login/inputUsername"), "TTECH-0251")
2026-09-14 10:46:57.137 DEBUG testcase.Login_BrinsBook                 - 17: setText(findTestObject("Data UI/Login/inputPassword"), "qwerty123")
2026-09-14 10:46:58.535 DEBUG testcase.Login_BrinsBook                 - 18: click(findTestObject("Data UI/Login/btnPortal"))
2026-09-14 10:47:02.292 DEBUG testcase.Login_BrinsBook                 - 19: delay(3)
2026-09-14 10:47:05.304 DEBUG testcase.Login_BrinsBook                 - 20: verifyElementPresent(findTestObject("Data UI/Menu/Brinsbook"), 10)
2026-09-14 10:47:05.710 DEBUG testcase.Login_BrinsBook                 - 21: delay(1)
2026-09-14 10:47:06.734 DEBUG testcase.Login_BrinsBook                 - 22: screenshotPathFailed2 = $projectDir/Screenshots/Evidence_POSITIVE_Menu BRINS Book_$timestamp.png
2026-09-14 10:47:06.803 DEBUG testcase.Login_BrinsBook                 - 23: takeScreenshot(screenshotPathFailed2)
2026-09-14 10:47:07.257 DEBUG testcase.Login_BrinsBook                 - 24: click(findTestObject("Data UI/Menu/Brinsbook"))
2026-09-14 10:47:08.693 DEBUG testcase.Login_BrinsBook                 - 25: delay(2)
Screenshot disimpan: C:/Users/TTECH-0251/git/AutoAPI/Screenshots/Evidence_PASSED_14.09.2026_(10.47.10).png
2026-09-14 10:47:11.174 INFO  c.k.katalon.core.main.TestCaseExecutor   - END Test Cases/DATA UI/Login/Login_BrinsBook
2026-09-14 10:47:11.187 INFO  c.k.katalon.core.main.TestCaseExecutor   - --------------------
2026-09-14 10:47:11.188 INFO  c.k.katalon.core.main.TestCaseExecutor   - START Test Cases/DATA UI/Filter FBI_Detail/Filter_FBI_Detail
2026-09-14 10:47:11.529 DEBUG testcase.Filter_FBI_Detail               - 1: projectDir = getProjectDir()
2026-09-14 10:47:11.532 DEBUG testcase.Filter_FBI_Detail               - 2: timestamp = Date().format("dd.MM.yyyy_(HH.mm.ss)")
2026-09-14 10:47:11.537 DEBUG testcase.Filter_FBI_Detail               - 3: click(findTestObject("Data UI/Menu/ReportingPortal"))
2026-09-14 10:47:15.236 DEBUG testcase.Filter_FBI_Detail               - 4: scrollToElement(findTestObject("Data UI/Menu/btnPilih"), 0)
2026-09-14 10:47:15.283 WARN  c.k.k.c.webui.common.WebUiCommonHelper   - Timeout '0' is invalid. Using default page load timeout: '10'
2026-09-14 10:47:15.783 DEBUG testcase.Filter_FBI_Detail               - 5: click(findTestObject("Data UI/Menu/btnPilih"))
2026-09-14 10:47:18.165 DEBUG testcase.Filter_FBI_Detail               - 6: delay(3)
2026-09-14 10:47:21.196 DEBUG testcase.Filter_FBI_Detail               - 7: urlFBI_Detail = getUrl()
2026-09-14 10:47:21.266 DEBUG testcase.Filter_FBI_Detail               - 8: assert urlFBI_Detail.contains("mng_proman_fbi_detail")
2026-09-14 10:47:21.280 DEBUG testcase.Filter_FBI_Detail               - 9: verifyElementPresent(findTestObject("Data UI/Filter FBI_Detail/Headline"), 0)
2026-09-14 10:47:21.296 WARN  c.k.k.c.webui.common.WebUiCommonHelper   - Timeout '0' is invalid. Using default page load timeout: '10'
2026-09-14 10:47:21.650 DEBUG testcase.Filter_FBI_Detail               - 10: screenshotPathFilter = $projectDir/Screenshots/Evidence_POSITIVE_DashboardFBI_Detail_$timestamp.png
2026-09-14 10:47:21.653 DEBUG testcase.Filter_FBI_Detail               - 11: takeScreenshot(screenshotPathFilter)
2026-09-14 10:47:22.133 DEBUG testcase.Filter_FBI_Detail               - 12: delay(1)
2026-09-14 10:47:23.154 DEBUG testcase.Filter_FBI_Detail               - 13: setText(findTestObject("Data UI/Filter FBI_Detail/PeriodeAwal"), "01012026")
2026-09-14 10:47:24.670 DEBUG testcase.Filter_FBI_Detail               - 14: setText(findTestObject("Data UI/Filter FBI_Detail/PeriodeAkhir"), "28022026")
2026-09-14 10:47:26.083 DEBUG testcase.Filter_FBI_Detail               - 15: click(findTestObject("Data UI/Filter FBI_Detail/Product"))
2026-09-14 10:47:36.162 WARN  c.k.k.c.w.keyword.builtin.ClickKeyword   - Waiting for element timed out
2026-09-14 10:47:36.250 DEBUG testcase.Filter_FBI_Detail               - 16: click(findTestObject("Data UI/Filter FBI_Detail/Uker"))
2026-09-14 10:47:46.330 WARN  c.k.k.c.w.keyword.builtin.ClickKeyword   - Waiting for element timed out
2026-09-14 10:47:46.425 DEBUG testcase.Filter_FBI_Detail               - 17: click(findTestObject("Data UI/Filter FBI_Detail/Cabang"))
2026-09-14 10:47:56.488 WARN  c.k.k.c.w.keyword.builtin.ClickKeyword   - Waiting for element timed out
2026-09-14 10:47:56.567 DEBUG testcase.Filter_FBI_Detail               - 18: click(findTestObject("Data UI/Filter FBI_Detail/Type"))
2026-09-14 10:48:06.644 WARN  c.k.k.c.w.keyword.builtin.ClickKeyword   - Waiting for element timed out
2026-09-14 10:48:06.719 DEBUG testcase.Filter_FBI_Detail               - 19: click(findTestObject("Data UI/Filter FBI_Detail/btnProses"))
2026-09-14 10:48:08.390 DEBUG testcase.Filter_FBI_Detail               - 20: delay(3)
2026-09-14 10:48:11.408 DEBUG testcase.Filter_FBI_Detail               - 21: verifyElementPresent(findTestObject("Data UI/Download/popupDownload"), 0)
2026-09-14 10:48:11.425 WARN  c.k.k.c.webui.common.WebUiCommonHelper   - Timeout '0' is invalid. Using default page load timeout: '10'
Screenshot disimpan: C:/Users/TTECH-0251/git/AutoAPI/Screenshots/Evidence_PASSED_14.09.2026_(10.48.11).png
2026-09-14 10:48:12.175 INFO  c.k.katalon.core.main.TestCaseExecutor   - END Test Cases/DATA UI/Filter FBI_Detail/Filter_FBI_Detail
2026-09-14 10:48:12.183 INFO  c.k.katalon.core.main.TestCaseExecutor   - --------------------
2026-09-14 10:48:12.183 INFO  c.k.katalon.core.main.TestCaseExecutor   - START Test Cases/DATA UI/Download/ProsesDownload
2026-09-14 10:48:13.359 DEBUG testcase.ProsesDownload                  - 1: projectDir = getProjectDir()
2026-09-14 10:48:13.363 DEBUG testcase.ProsesDownload                  - 2: timestamp = Date().format("dd.MM.yyyy_(HH.mm.ss)")
2026-09-14 10:48:13.367 DEBUG testcase.ProsesDownload                  - 3: click(findTestObject("Data UI/Download/btnDownload"))
2026-09-14 10:48:14.037 DEBUG testcase.ProsesDownload                  - 4: screenshotPathDownload = $projectDir/Screenshots/Evidence_POSITIVE_Popup_Download_$timestamp.png
2026-09-14 10:48:14.041 DEBUG testcase.ProsesDownload                  - 5: takeScreenshot(screenshotPathDownload)
2026-09-14 10:48:14.587 DEBUG testcase.ProsesDownload                  - 6: verifyElementPresent(findTestObject("Data UI/Download/popupDownload"), 0)
2026-09-14 10:48:14.603 WARN  c.k.k.c.webui.common.WebUiCommonHelper   - Timeout '0' is invalid. Using default page load timeout: '10'
2026-09-14 10:48:14.920 DEBUG testcase.ProsesDownload                  - 7: comment("Klik format Excel")
2026-09-14 10:48:14.944 INFO  c.k.k.c.keyword.builtin.CommentKeyword   - Klik format Excel
2026-09-14 10:48:14.945 DEBUG testcase.ProsesDownload                  - 8: click(findTestObject("Data UI/Download/formatExcel"))
2026-09-14 10:48:15.990 DEBUG testcase.ProsesDownload                  - 9: delay(5)
2026-09-14 10:48:21.016 DEBUG testcase.ProsesDownload                  - 10: downloadPath = System.getProperty("user.home") + "\Downloads"
2026-09-14 10:48:21.034 DEBUG testcase.ProsesDownload                  - 11: downloadFolder = new java.io.File(downloadPath)
2026-09-14 10:48:21.038 DEBUG testcase.ProsesDownload                  - 12: logInfo("Mengecek folder download: " + downloadPath)
2026-09-14 10:48:21.063 INFO  com.kms.katalon.core.util.KeywordUtil    - Mengecek folder download: C:\Users\TTECH-0251\Downloads
2026-09-14 10:48:21.066 DEBUG testcase.ProsesDownload                  - 13: downloadedFile = null
2026-09-14 10:48:21.070 DEBUG testcase.ProsesDownload                  - 14: for ([i = 0, i < 30, (i++)])
2026-09-14 10:48:21.072 DEBUG testcase.ProsesDownload                  - 1: files = downloadFolder.listFiles()
2026-09-14 10:48:21.075 DEBUG testcase.ProsesDownload                  - 2: if (files != null)
2026-09-14 10:48:21.079 DEBUG testcase.ProsesDownload                  - 1: excelFiles = files.findAll({ java.io.File file -> ... })
2026-09-14 10:48:21.110 DEBUG testcase.ProsesDownload                  - 2: if (!(excelFiles.isEmpty()))
2026-09-14 10:48:21.114 DEBUG testcase.ProsesDownload                  - 1: downloadedFile = excelFiles.max({ -> ... })
2026-09-14 10:48:21.130 DEBUG testcase.ProsesDownload                  - 2: logInfo("File Excel ditemukan: " + absolutePath)
2026-09-14 10:48:21.133 INFO  com.kms.katalon.core.util.KeywordUtil    - File Excel ditemukan: C:\Users\TTECH-0251\Downloads\Report FBI Detail.xlsx
2026-09-14 10:48:21.134 DEBUG testcase.ProsesDownload                  - 3: break
2026-09-14 10:48:21.136 DEBUG testcase.ProsesDownload                  - 15: if (downloadedFile == null)
2026-09-14 10:48:21.139 DEBUG testcase.ProsesDownload                  - 16: else
2026-09-14 10:48:21.140 DEBUG testcase.ProsesDownload                  - 1: logInfo("Download Excel berhasil: " + absolutePath)
2026-09-14 10:48:21.146 INFO  com.kms.katalon.core.util.KeywordUtil    - Download Excel berhasil: C:\Users\TTECH-0251\Downloads\Report FBI Detail.xlsx
2026-09-14 10:48:21.149 DEBUG testcase.ProsesDownload                  - 2: logInfo("Nama file: " + name)
2026-09-14 10:48:21.151 INFO  com.kms.katalon.core.util.KeywordUtil    - Nama file: Report FBI Detail.xlsx
2026-09-14 10:48:21.153 DEBUG testcase.ProsesDownload                  - 3: logInfo("Ukuran file: " + downloadedFile.length() + " bytes")
2026-09-14 10:48:21.156 INFO  com.kms.katalon.core.util.KeywordUtil    - Ukuran file: 7180 bytes
2026-09-14 10:48:21.158 DEBUG testcase.ProsesDownload                  - 17: comment("Membuka file Excel/WPS...")
2026-09-14 10:48:21.165 INFO  c.k.k.c.keyword.builtin.CommentKeyword   - Membuka file Excel/WPS...
2026-09-14 10:48:21.167 DEBUG testcase.ProsesDownload                  - 18: excelPath = absolutePath
2026-09-14 10:48:21.170 DEBUG testcase.ProsesDownload                  - 19: excelProcess = ProcessBuilder(cmd, /c, start, , excelPath).start()
2026-09-14 10:48:21.255 DEBUG testcase.ProsesDownload                  - 20: delay(10)
2026-09-14 10:48:31.284 DEBUG testcase.ProsesDownload                  - 21: comment("Menunggu window Excel/WPS aktif...")
2026-09-14 10:48:31.289 INFO  c.k.k.c.keyword.builtin.CommentKeyword   - Menunggu window Excel/WPS aktif...
2026-09-14 10:48:31.291 DEBUG testcase.ProsesDownload                  - 22: activateProcess = MainWindowHandle)
    }
    ).start()
2026-09-14 10:48:31.364 DEBUG testcase.ProsesDownload                  - 23: activateProcess.waitFor()
2026-09-14 10:48:33.667 DEBUG testcase.ProsesDownload                  - 24: delay(3)
2026-09-14 10:48:36.679 DEBUG testcase.ProsesDownload                  - 25: comment("Mencari window WPS/Excel...")
2026-09-14 10:48:36.686 INFO  c.k.k.c.keyword.builtin.CommentKeyword   - Mencari window WPS/Excel...
2026-09-14 10:48:36.688 DEBUG testcase.ProsesDownload                  - 26: excelFileNameForPS = name.replace("'", "''")
2026-09-14 10:48:36.692 DEBUG testcase.ProsesDownload                  - 27: screenshotDir = new java.io.File($projectDir\Screenshots\EVIDENCE_POSITIVE_Excel)
2026-09-14 10:48:36.679 DEBUG testcase.ProsesDownload                  - 25: comment("Mencari window WPS/Excel...")
2026-09-14 10:48:36.686 INFO  c.k.k.c.keyword.builtin.CommentKeyword   - Mencari window WPS/Excel...
2026-09-14 10:48:36.688 DEBUG testcase.ProsesDownload                  - 26: excelFileNameForPS = name.replace("'", "''")
2026-09-14 10:48:36.692 DEBUG testcase.ProsesDownload                  - 27: screenshotDir = new java.io.File($projectDir\Screenshots\EVIDENCE_POSITIVE_Excel)
2026-09-14 10:48:36.740 DEBUG testcase.ProsesDownload                  - 28: if (!(screenshotDir.exists()))
2026-09-14 10:48:36.744 DEBUG testcase.ProsesDownload                  - 1: screenshotDir.mkdirs()
2026-09-14 10:48:36.749 DEBUG testcase.ProsesDownload                  - 29: screenshotExcel = $screenshotDir.absolutePath\$timestamp.png
2026-09-14 10:48:36.753 DEBUG testcase.ProsesDownload                  - 30: psScript = 
$fileName = '$excelFileNameForPS'

$app = Get-Process | Where-Object {
    $_.MainWindowHandle -ne 0 -and
    ![string]::IsNullOrWhiteSpace($_.MainWindowTitle) -and
    (
        $_.MainWindowTitle -like "*$fileName*" -or
        $_.MainWindowTitle -like "*WPS*" -or
        $_.MainWindowTitle -like "*Excel*"
    )
} | Select-Object -First 1

if ($app) {
    Write-Output $app.MainWindowHandle
    Write-Output $app.MainWindowTitle
}

2026-09-14 10:48:36.755 DEBUG testcase.ProsesDownload                  - 31: psProcess = redirectErrorStream(true).start()
2026-09-14 10:48:36.823 DEBUG testcase.ProsesDownload                  - 32: psResult = text.trim()
2026-09-14 10:48:37.662 DEBUG testcase.ProsesDownload                  - 33: psExitCode = psProcess.waitFor()
2026-09-14 10:48:37.670 DEBUG testcase.ProsesDownload                  - 34: comment("Hasil pencarian window: " + psResult)
2026-09-14 10:48:37.677 INFO  c.k.k.c.keyword.builtin.CommentKeyword   - Hasil pencarian window: At line:8 char:33
+         $_.MainWindowTitle -like *$fileName* -or
+                                 ~
You must provide a value expression following the '-like' operator.
At line:8 char:45
+         $_.MainWindowTitle -like *$fileName* -or
+                                             ~
You must provide a value expression following the '*' operator.
At line:9 char:33
+         $_.MainWindowTitle -like *WPS* -or
+                                 ~
You must provide a value expression following the '-like' operator.
At line:9 char:35
+         $_.MainWindowTitle -like *WPS* -or
+                                   ~
You must provide a value expression following the '*' operator.
At line:9 char:35
+         $_.MainWindowTitle -like *WPS* -or
+                                   ~~~~
Unexpected token 'WPS*' in expression or statement.
At line:9 char:35
+         $_.MainWindowTitle -like *WPS* -or
+                                   ~
Missing closing ')' in expression.
At line:10 char:33
+         $_.MainWindowTitle -like *Excel*
+                                 ~
You must provide a value expression following the '-like' operator.
At line:10 char:35
+         $_.MainWindowTitle -like *Excel*
+                                   ~
You must provide a value expression following the '*' operator.
At line:10 char:35
+         $_.MainWindowTitle -like *Excel*
+                                   ~~~~~~
Unexpected token 'Excel*' in expression or statement.
At line:4 char:35
+ $app = Get-Process | Where-Object {
+                                   ~
Missing closing '}' in statement block or type definition.
Not all parse errors were reported.  Correct the reported errors and try again.
    + CategoryInfo          : ParserError: (:) [], ParentContainsErrorRecordException
    + FullyQualifiedErrorId : ExpectedValueExpression
2026-09-14 10:48:37.680 DEBUG testcase.ProsesDownload                  - 35: comment("PowerShell exit code: " + psExitCode)
2026-09-14 10:48:37.689 INFO  c.k.k.c.keyword.builtin.CommentKeyword   - PowerShell exit code: 1
2026-09-14 10:48:37.691 DEBUG testcase.ProsesDownload                  - 36: resultLines = psResult.split("\r?\n")
2026-09-14 10:48:37.701 DEBUG testcase.ProsesDownload                  - 37: if (length < 1 || !(trim().isNumber()))
2026-09-14 10:48:37.716 DEBUG testcase.ProsesDownload                  - 1: markFailed("Window WPS/Excel tidak ditemukan. Hasil: " + psResult)
2026-09-14 10:48:37.719 ERROR com.kms.katalon.core.util.KeywordUtil    - ❌ Window WPS/Excel tidak ditemukan. Hasil: At line:8 char:33
+         $_.MainWindowTitle -like *$fileName* -or
+                                 ~
You must provide a value expression following the '-like' operator.
At line:8 char:45
+         $_.MainWindowTitle -like *$fileName* -or
+                                             ~
You must provide a value expression following the '*' operator.
At line:9 char:33
+         $_.MainWindowTitle -like *WPS* -or
+                                 ~
You must provide a value expression following the '-like' operator.
At line:9 char:35
+         $_.MainWindowTitle -like *WPS* -or
+                                   ~
You must provide a value expression following the '*' operator.
At line:9 char:35
+         $_.MainWindowTitle -like *WPS* -or
+                                   ~~~~
Unexpected token 'WPS*' in expression or statement.
At line:9 char:35
+         $_.MainWindowTitle -like *WPS* -or
+                                   ~
Missing closing ')' in expression.
At line:10 char:33
+         $_.MainWindowTitle -like *Excel*
+                                 ~
You must provide a value expression following the '-like' operator.
At line:10 char:35
+         $_.MainWindowTitle -like *Excel*
+                                   ~
You must provide a value expression following the '*' operator.
At line:10 char:35
+         $_.MainWindowTitle -like *Excel*
+                                   ~~~~~~
Unexpected token 'Excel*' in expression or statement.
At line:4 char:35
+ $app = Get-Process | Where-Object {
+                                   ~
Missing closing '}' in statement block or type definition.
Not all parse errors were reported.  Correct the reported errors and try again.
    + CategoryInfo          : ParserError: (:) [], ParentContainsErrorRecordException
    + FullyQualifiedErrorId : ExpectedValueExpression
2026-09-14 10:48:37.722 DEBUG testcase.ProsesDownload                  - 2: return null
2026-09-14 10:48:37.726 ERROR c.k.katalon.core.main.TestCaseExecutor   - ❌ Test Cases/DATA UI/Download/ProsesDownload FAILED.
Reason:
com.kms.katalon.core.exception.StepFailedException: Window WPS/Excel tidak ditemukan. Hasil: At line:8 char:33
+         $_.MainWindowTitle -like *$fileName* -or
+                                 ~
You must provide a value expression following the '-like' operator.
At line:8 char:45
+         $_.MainWindowTitle -like *$fileName* -or
+                                             ~
You must provide a value expression following the '*' operator.
At line:9 char:33
+         $_.MainWindowTitle -like *WPS* -or
+                                 ~
You must provide a value expression following the '-like' operator.
At line:9 char:35
+         $_.MainWindowTitle -like *WPS* -or
+                                   ~
You must provide a value expression following the '*' operator.
At line:9 char:35
+         $_.MainWindowTitle -like *WPS* -or
+                                   ~~~~
Unexpected token 'WPS*' in expression or statement.
At line:9 char:35
+         $_.MainWindowTitle -like *WPS* -or
+                                   ~
Missing closing ')' in expression.
At line:10 char:33
+         $_.MainWindowTitle -like *Excel*
+                                 ~
You must provide a value expression following the '-like' operator.
At line:10 char:35
+         $_.MainWindowTitle -like *Excel*
+                                   ~
You must provide a value expression following the '*' operator.
At line:10 char:35
+         $_.MainWindowTitle -like *Excel*
+                                   ~~~~~~
Unexpected token 'Excel*' in expression or statement.
At line:4 char:35
+ $app = Get-Process | Where-Object {
+                                   ~
Missing closing '}' in statement block or type definition.
Not all parse errors were reported.  Correct the reported errors and try again.
    + CategoryInfo          : ParserError: (:) [], ParentContainsErrorRecordException
    + FullyQualifiedErrorId : ExpectedValueExpression
	at com.kms.katalon.core.util.KeywordUtil.markFailed(KeywordUtil.java:19)
	at ProsesDownload.run(ProsesDownload:426)
	at com.kms.katalon.core.main.ScriptEngine.run(ScriptEngine.java:194)
	at com.kms.katalon.core.main.ScriptEngine.runScriptAsRawText(ScriptEngine.java:119)
	at com.kms.katalon.core.main.TestCaseExecutor.runScript(TestCaseExecutor.java:490)
	at com.kms.katalon.core.main.TestCaseExecutor.doExecute(TestCaseExecutor.java:481)
	at com.kms.katalon.core.main.TestCaseExecutor.processExecutionPhase(TestCaseExecutor.java:460)
	at com.kms.katalon.core.main.TestCaseExecutor.accessMainPhase(TestCaseExecutor.java:452)
	at com.kms.katalon.core.main.TestCaseExecutor.execute(TestCaseExecutor.java:322)
	at com.kms.katalon.core.common.CommonExecutor.accessTestCaseMainPhase(CommonExecutor.java:71)
	at com.kms.katalon.core.main.TestSuiteExecutor.accessTestSuiteMainPhase(TestSuiteExecutor.java:153)
	at com.kms.katalon.core.main.TestSuiteExecutor.execute(TestSuiteExecutor.java:110)
	at com.kms.katalon.core.main.TestCaseMain.startTestSuite(TestCaseMain.java:205)
	at TempTestSuite1789357587119.run(TempTestSuite1789357587119.groovy:35)
	at java.base/jdk.internal.reflect.NativeMethodAccessorImpl.invoke0(Native Method)
	at java.base/jdk.internal.reflect.NativeMethodAccessorImpl.invoke(NativeMethodAccessorImpl.java:77)
	at java.base/jdk.internal.reflect.DelegatingMethodAccessorImpl.invoke(DelegatingMethodAccessorImpl.java:43)

Screenshot disimpan: C:/Users/TTECH-0251/git/AutoAPI/Screenshots/Evidence_FAILED_14.09.2026_(10.48.37).png
2026-09-14 10:48:38.210 INFO  c.k.katalon.core.main.TestCaseExecutor   - END Test Cases/DATA UI/Download/ProsesDownload
2026-09-14 10:48:38.216 INFO  c.k.katalon.core.main.TestCaseExecutor   - --------------------
2026-09-14 10:48:38.217 INFO  c.k.katalon.core.main.TestCaseExecutor   - START Test Cases/DATA UI/Download/ProsesDownload
2026-09-14 10:48:38.306 DEBUG testcase.ProsesDownload                  - 1: projectDir = getProjectDir()
2026-09-14 10:48:38.307 DEBUG testcase.ProsesDownload                  - 2: timestamp = Date().format("dd.MM.yyyy_(HH.mm.ss)")
2026-09-14 10:48:38.309 DEBUG testcase.ProsesDownload                  - 3: click(findTestObject("Data UI/Download/btnDownload"))
