2026-09-14 10:38:25.190 INFO  c.k.k.c.l.logback.LogbackConfigurator    - Logback default configuration initialized from: C:\Users\TTECH-0251\.katalon\packages\KSE-10.4.2\configuration\org.eclipse.osgi\132\0\.cp\resources\logback\logback-execution.xml
2026-09-14 10:38:25.194 INFO  c.k.k.c.l.logback.LogbackConfigurator    - Logback custom configuration initialized from: C:\Users\TTECH-0251\git\AutoAPI\Include\config\log.properties
2026-09-14 10:38:26.166 INFO  c.k.katalon.core.main.TestSuiteExecutor  - START Test Suites/BrinsBook/FBI_Detail
2026-09-14 10:38:26.274 INFO  c.k.katalon.core.main.TestSuiteExecutor  - userFullName = Quality Assurance 12
2026-09-14 10:38:26.275 INFO  c.k.katalon.core.main.TestSuiteExecutor  - projectName = AutoAPI
2026-09-14 10:38:26.275 INFO  c.k.katalon.core.main.TestSuiteExecutor  - hostName = TTECH-0251 - NovalWinaNurcahyo.brins.co.id
2026-09-14 10:38:26.276 INFO  c.k.katalon.core.main.TestSuiteExecutor  - os = Windows 10 64bit
2026-09-14 10:38:26.276 INFO  c.k.katalon.core.main.TestSuiteExecutor  - hostAddress = 10.1.48.156
2026-09-14 10:38:26.278 INFO  c.k.katalon.core.main.TestSuiteExecutor  - katalonVersion = 10.4.2.0
2026-09-14 10:38:26.897 INFO  c.k.katalon.core.main.TestCaseExecutor   - --------------------
2026-09-14 10:38:26.897 INFO  c.k.katalon.core.main.TestCaseExecutor   - START Test Cases/DATA UI/Login/Login_BrinsBook
2026-09-14 10:38:27.148 DEBUG testcase.Login_BrinsBook                 - 1: projectDir = getProjectDir()
2026-09-14 10:38:27.157 DEBUG testcase.Login_BrinsBook                 - 2: timestamp = Date().format("dd.MM.yyyy_(HH.mm.ss)")
2026-09-14 10:38:27.181 DEBUG testcase.Login_BrinsBook                 - 3: openBrowser("http://192.168.140.18:8000/login/")
2026-09-14 10:38:27.624 INFO  c.k.k.core.webui.driver.DriverFactory    - Starting 'Chrome' driver
2026-09-14 10:38:27.701 INFO  c.k.k.core.webui.driver.DriverFactory    - Action delay is set to 0 milliseconds
Sep 14, 2026 10:38:30 AM org.openqa.selenium.devtools.CdpVersionFinder findNearestMatch
WARNING: Unable to find CDP implementation matching 152
Sep 14, 2026 10:38:30 AM org.openqa.selenium.chromium.ChromiumDriver lambda$new$4
WARNING: Unable to find version of CDP to use for 152.0.7977.83. You may need to include a dependency on a specific version of the CDP using something similar to `org.seleniumhq.selenium:selenium-devtools-v86:4.34.0` where the version ("v86") matches the version of the chromium-based browser you're using and the version number of the artifact is the same as Selenium's.
2026-09-14 10:38:31.847 INFO  c.k.k.core.webui.driver.DriverFactory    - sessionId = 4b73e8e027ec606cc723b433fe8e9b77
2026-09-14 10:38:31.852 INFO  c.k.k.core.webui.driver.DriverFactory    - browser = Chrome 152.0.7977.83
2026-09-14 10:38:31.856 INFO  c.k.k.core.webui.driver.DriverFactory    - platform = Windows 10
2026-09-14 10:38:31.857 INFO  c.k.k.core.webui.driver.DriverFactory    - seleniumVersion = 4.34.0
2026-09-14 10:38:31.882 INFO  c.k.k.core.webui.driver.DriverFactory    - proxyInformation = ProxyInformation { proxyOption=NO_PROXY, proxyServerType=HTTP, username=, password=********, proxyServerAddress=, proxyServerPort=0, executionList="", isApplyToDesiredCapabilities=true }
2026-09-14 10:38:34.808 DEBUG testcase.Login_BrinsBook                 - 4: setText(findTestObject("Data UI/Login/inputUsername"), "test")
2026-09-14 10:38:36.636 DEBUG testcase.Login_BrinsBook                 - 5: setText(findTestObject("Data UI/Login/inputPassword"), "passwordSalah")
2026-09-14 10:38:38.042 DEBUG testcase.Login_BrinsBook                 - 6: click(findTestObject("Data UI/Login/btnPortal"))
2026-09-14 10:38:39.743 DEBUG testcase.Login_BrinsBook                 - 7: delay(2)
2026-09-14 10:38:41.830 DEBUG testcase.Login_BrinsBook                 - 8: loginFailed = verifyTextPresent("Akun kamu sudah login di perangkat lain nih/login/", false, OPTIONAL)
2026-09-14 10:38:42.297 WARN  c.k.k.core.keyword.internal.KeywordMain  - Text 'Akun kamu sudah login di perangkat lain nih/login/' is not present on page  (Root cause: com.kms.katalon.core.exception.StepFailedException: Text 'Akun kamu sudah login di perangkat lain nih/login/' is not present on page 
	at com.kms.katalon.core.webui.keyword.internal.WebUIKeywordMain.stepFailed(WebUIKeywordMain.groovy:177)
	at com.kms.katalon.core.webui.keyword.builtin.VerifyTextPresentKeyword$_verifyTextPresent_closure1.doCall(VerifyTextPresentKeyword.groovy:79)
	at com.kms.katalon.core.webui.keyword.builtin.VerifyTextPresentKeyword$_verifyTextPresent_closure1.call(VerifyTextPresentKeyword.groovy)
	at com.kms.katalon.core.webui.keyword.internal.WebUIKeywordMain.runKeyword(WebUIKeywordMain.groovy:41)
	at com.kms.katalon.core.webui.keyword.builtin.VerifyTextPresentKeyword.verifyTextPresent(VerifyTextPresentKeyword.groovy:83)
	at com.kms.katalon.core.webui.keyword.builtin.VerifyTextPresentKeyword.execute(VerifyTextPresentKeyword.groovy:68)
	at com.kms.katalon.core.keyword.internal.KeywordExecutor.executeKeywordForPlatform(KeywordExecutor.groovy:90)
	at com.kms.katalon.core.webui.keyword.WebUiBuiltInKeywords.verifyTextPresent(WebUiBuiltInKeywords.groovy:1808)
	at Login_BrinsBook.run(Login_BrinsBook:40)
	at com.kms.katalon.core.main.ScriptEngine.run(ScriptEngine.java:194)
	at com.kms.katalon.core.main.ScriptEngine.runScriptAsRawText(ScriptEngine.java:119)
	at com.kms.katalon.core.main.TestCaseExecutor.runScript(TestCaseExecutor.java:490)
	at com.kms.katalon.core.main.TestCaseExecutor.doExecute(TestCaseExecutor.java:481)
	at com.kms.katalon.core.main.TestCaseExecutor.processExecutionPhase(TestCaseExecutor.java:460)
	at com.kms.katalon.core.main.TestCaseExecutor.accessMainPhase(TestCaseExecutor.java:452)
	at com.kms.katalon.core.main.TestCaseExecutor.execute(TestCaseExecutor.java:322)
	at com.kms.katalon.core.common.CommonExecutor.accessTestCaseMainPhase(CommonExecutor.java:71)
	at com.kms.katalon.core.main.TestSuiteExecutor.accessTestSuiteMainPhase(TestSuiteExecutor.java:153)
	at com.kms.katalon.core.main.TestSuiteExecutor.execute(TestSuiteExecutor.java:110)
	at com.kms.katalon.core.main.TestCaseMain.startTestSuite(TestCaseMain.java:205)
	at TempTestSuite1789357100146.run(TempTestSuite1789357100146.groovy:35)
	at java.base/jdk.internal.reflect.NativeMethodAccessorImpl.invoke0(Native Method)
	at java.base/jdk.internal.reflect.NativeMethodAccessorImpl.invoke(NativeMethodAccessorImpl.java:77)
	at java.base/jdk.internal.reflect.DelegatingMethodAccessorImpl.invoke(DelegatingMethodAccessorImpl.java:43)
)
2026-09-14 10:38:42.304 DEBUG testcase.Login_BrinsBook                 - 9: if (loginFailed)
2026-09-14 10:38:42.308 DEBUG testcase.Login_BrinsBook                 - 10: else
2026-09-14 10:38:42.311 DEBUG testcase.Login_BrinsBook                 - 1: println("Pesan gagal login tidak ditemukan")
Pesan gagal login tidak ditemukan
2026-09-14 10:38:42.325 DEBUG testcase.Login_BrinsBook                 - 11: back()
2026-09-14 10:38:43.021 DEBUG testcase.Login_BrinsBook                 - 12: delay(3)
2026-09-14 10:38:46.040 DEBUG testcase.Login_BrinsBook                 - 13: click(findTestObject("Data UI/Login/btnForceLogout1"))
2026-09-14 10:38:48.388 DEBUG testcase.Login_BrinsBook                 - 14: setText(findTestObject("Data UI/Login/inputUsernameForce"), "TTECH-0251")
2026-09-14 10:38:49.944 DEBUG testcase.Login_BrinsBook                 - 15: click(findTestObject("Data UI/Login/btnForceLogout2"))
2026-09-14 10:38:51.212 DEBUG testcase.Login_BrinsBook                 - 16: setText(findTestObject("Data UI/Login/inputUsername"), "TTECH-0251")
2026-09-14 10:38:52.803 DEBUG testcase.Login_BrinsBook                 - 17: setText(findTestObject("Data UI/Login/inputPassword"), "qwerty123")
2026-09-14 10:38:54.193 DEBUG testcase.Login_BrinsBook                 - 18: click(findTestObject("Data UI/Login/btnPortal"))
2026-09-14 10:39:01.482 DEBUG testcase.Login_BrinsBook                 - 19: delay(3)
2026-09-14 10:39:04.500 DEBUG testcase.Login_BrinsBook                 - 20: verifyElementPresent(findTestObject("Data UI/Menu/Brinsbook"), 10)
2026-09-14 10:39:04.899 DEBUG testcase.Login_BrinsBook                 - 21: delay(1)
2026-09-14 10:39:05.910 DEBUG testcase.Login_BrinsBook                 - 22: screenshotPathFailed2 = $projectDir/Screenshots/Evidence_POSITIVE_Menu BRINS Book_$timestamp.png
2026-09-14 10:39:05.980 DEBUG testcase.Login_BrinsBook                 - 23: takeScreenshot(screenshotPathFailed2)
2026-09-14 10:39:06.442 DEBUG testcase.Login_BrinsBook                 - 24: click(findTestObject("Data UI/Menu/Brinsbook"))
2026-09-14 10:39:07.662 DEBUG testcase.Login_BrinsBook                 - 25: delay(2)
Screenshot disimpan: C:/Users/TTECH-0251/git/AutoAPI/Screenshots/Evidence_PASSED_14.09.2026_(10.39.09).png
2026-09-14 10:39:10.145 INFO  c.k.katalon.core.main.TestCaseExecutor   - END Test Cases/DATA UI/Login/Login_BrinsBook
2026-09-14 10:39:10.155 INFO  c.k.katalon.core.main.TestCaseExecutor   - --------------------
2026-09-14 10:39:10.155 INFO  c.k.katalon.core.main.TestCaseExecutor   - START Test Cases/DATA UI/Filter FBI_Detail/Filter_FBI_Detail
2026-09-14 10:39:10.496 DEBUG testcase.Filter_FBI_Detail               - 1: projectDir = getProjectDir()
2026-09-14 10:39:10.499 DEBUG testcase.Filter_FBI_Detail               - 2: timestamp = Date().format("dd.MM.yyyy_(HH.mm.ss)")
2026-09-14 10:39:10.506 DEBUG testcase.Filter_FBI_Detail               - 3: click(findTestObject("Data UI/Menu/ReportingPortal"))
2026-09-14 10:39:13.205 DEBUG testcase.Filter_FBI_Detail               - 4: scrollToElement(findTestObject("Data UI/Menu/btnPilih"), 0)
2026-09-14 10:39:13.240 WARN  c.k.k.c.webui.common.WebUiCommonHelper   - Timeout '0' is invalid. Using default page load timeout: '10'
2026-09-14 10:39:13.716 DEBUG testcase.Filter_FBI_Detail               - 5: click(findTestObject("Data UI/Menu/btnPilih"))
2026-09-14 10:39:15.157 DEBUG testcase.Filter_FBI_Detail               - 6: delay(3)
2026-09-14 10:39:18.176 DEBUG testcase.Filter_FBI_Detail               - 7: urlFBI_Detail = getUrl()
2026-09-14 10:39:18.239 DEBUG testcase.Filter_FBI_Detail               - 8: assert urlFBI_Detail.contains("mng_proman_fbi_detail")
2026-09-14 10:39:18.259 DEBUG testcase.Filter_FBI_Detail               - 9: verifyElementPresent(findTestObject("Data UI/Filter FBI_Detail/Headline"), 0)
2026-09-14 10:39:18.277 WARN  c.k.k.c.webui.common.WebUiCommonHelper   - Timeout '0' is invalid. Using default page load timeout: '10'
2026-09-14 10:39:18.621 DEBUG testcase.Filter_FBI_Detail               - 10: screenshotPathFilter = $projectDir/Screenshots/Evidence_POSITIVE_DashboardFBI_Detail_$timestamp.png
2026-09-14 10:39:18.622 DEBUG testcase.Filter_FBI_Detail               - 11: takeScreenshot(screenshotPathFilter)
2026-09-14 10:39:18.997 DEBUG testcase.Filter_FBI_Detail               - 12: delay(1)
2026-09-14 10:39:20.022 DEBUG testcase.Filter_FBI_Detail               - 13: setText(findTestObject("Data UI/Filter FBI_Detail/PeriodeAwal"), "01012026")
2026-09-14 10:39:21.423 DEBUG testcase.Filter_FBI_Detail               - 14: setText(findTestObject("Data UI/Filter FBI_Detail/PeriodeAkhir"), "28022026")
2026-09-14 10:39:22.796 DEBUG testcase.Filter_FBI_Detail               - 15: click(findTestObject("Data UI/Filter FBI_Detail/Product"))
2026-09-14 10:39:32.868 WARN  c.k.k.c.w.keyword.builtin.ClickKeyword   - Waiting for element timed out
2026-09-14 10:39:32.949 DEBUG testcase.Filter_FBI_Detail               - 16: click(findTestObject("Data UI/Filter FBI_Detail/Uker"))
2026-09-14 10:39:43.013 WARN  c.k.k.c.w.keyword.builtin.ClickKeyword   - Waiting for element timed out
2026-09-14 10:39:43.109 DEBUG testcase.Filter_FBI_Detail               - 17: click(findTestObject("Data UI/Filter FBI_Detail/Cabang"))
2026-09-14 10:39:53.176 WARN  c.k.k.c.w.keyword.builtin.ClickKeyword   - Waiting for element timed out
2026-09-14 10:39:53.261 DEBUG testcase.Filter_FBI_Detail               - 18: click(findTestObject("Data UI/Filter FBI_Detail/Type"))
2026-09-14 10:40:03.338 WARN  c.k.k.c.w.keyword.builtin.ClickKeyword   - Waiting for element timed out
2026-09-14 10:40:03.418 DEBUG testcase.Filter_FBI_Detail               - 19: click(findTestObject("Data UI/Filter FBI_Detail/btnProses"))
2026-09-14 10:40:04.098 DEBUG testcase.Filter_FBI_Detail               - 20: delay(3)
2026-09-14 10:40:07.116 DEBUG testcase.Filter_FBI_Detail               - 21: verifyElementPresent(findTestObject("Data UI/Download/popupDownload"), 0)
2026-09-14 10:40:07.126 WARN  c.k.k.c.webui.common.WebUiCommonHelper   - Timeout '0' is invalid. Using default page load timeout: '10'
Screenshot disimpan: C:/Users/TTECH-0251/git/AutoAPI/Screenshots/Evidence_PASSED_14.09.2026_(10.40.07).png
2026-09-14 10:40:07.891 INFO  c.k.katalon.core.main.TestCaseExecutor   - END Test Cases/DATA UI/Filter FBI_Detail/Filter_FBI_Detail
2026-09-14 10:40:07.896 INFO  c.k.katalon.core.main.TestCaseExecutor   - --------------------
2026-09-14 10:40:07.899 INFO  c.k.katalon.core.main.TestCaseExecutor   - START Test Cases/DATA UI/Download/ProsesDownload
2026-09-14 10:40:08.916 DEBUG testcase.ProsesDownload                  - 1: projectDir = getProjectDir()
2026-09-14 10:40:08.918 DEBUG testcase.ProsesDownload                  - 2: timestamp = Date().format("dd.MM.yyyy_(HH.mm.ss)")
2026-09-14 10:40:08.927 DEBUG testcase.ProsesDownload                  - 3: click(findTestObject("Data UI/Download/btnDownload"))
2026-09-14 10:40:09.636 DEBUG testcase.ProsesDownload                  - 4: screenshotPathDownload = $projectDir/Screenshots/Evidence_POSITIVE_Popup_Download_$timestamp.png
2026-09-14 10:40:09.637 DEBUG testcase.ProsesDownload                  - 5: takeScreenshot(screenshotPathDownload)
2026-09-14 10:40:10.189 DEBUG testcase.ProsesDownload                  - 6: verifyElementPresent(findTestObject("Data UI/Download/popupDownload"), 0)
2026-09-14 10:40:10.203 WARN  c.k.k.c.webui.common.WebUiCommonHelper   - Timeout '0' is invalid. Using default page load timeout: '10'
2026-09-14 10:40:10.543 DEBUG testcase.ProsesDownload                  - 7: comment("Klik format Excel")
2026-09-14 10:40:10.564 INFO  c.k.k.c.keyword.builtin.CommentKeyword   - Klik format Excel
2026-09-14 10:40:10.567 DEBUG testcase.ProsesDownload                  - 8: click(findTestObject("Data UI/Download/formatExcel"))
2026-09-14 10:40:11.597 DEBUG testcase.ProsesDownload                  - 9: delay(5)
2026-09-14 10:40:16.615 DEBUG testcase.ProsesDownload                  - 10: downloadPath = System.getProperty("user.home") + "\Downloads"
2026-09-14 10:40:16.629 DEBUG testcase.ProsesDownload                  - 11: downloadFolder = new java.io.File(downloadPath)
2026-09-14 10:40:16.633 DEBUG testcase.ProsesDownload                  - 12: logInfo("Mengecek folder download: " + downloadPath)
2026-09-14 10:40:16.650 INFO  com.kms.katalon.core.util.KeywordUtil    - Mengecek folder download: C:\Users\TTECH-0251\Downloads
2026-09-14 10:40:16.653 DEBUG testcase.ProsesDownload                  - 13: downloadedFile = null
2026-09-14 10:40:16.656 DEBUG testcase.ProsesDownload                  - 14: for ([i = 0, i < 30, (i++)])
2026-09-14 10:40:16.659 DEBUG testcase.ProsesDownload                  - 1: files = downloadFolder.listFiles()
2026-09-14 10:40:16.663 DEBUG testcase.ProsesDownload                  - 2: if (files != null)
2026-09-14 10:40:16.668 DEBUG testcase.ProsesDownload                  - 1: excelFiles = files.findAll({ java.io.File file -> ... })
2026-09-14 10:40:16.701 DEBUG testcase.ProsesDownload                  - 2: if (!(excelFiles.isEmpty()))
2026-09-14 10:40:16.702 DEBUG testcase.ProsesDownload                  - 1: downloadedFile = excelFiles.max({ -> ... })
2026-09-14 10:40:16.727 DEBUG testcase.ProsesDownload                  - 2: logInfo("File Excel ditemukan: " + absolutePath)
2026-09-14 10:40:16.729 INFO  com.kms.katalon.core.util.KeywordUtil    - File Excel ditemukan: C:\Users\TTECH-0251\Downloads\Report FBI Detail.xlsx
2026-09-14 10:40:16.732 DEBUG testcase.ProsesDownload                  - 3: break
2026-09-14 10:40:16.735 DEBUG testcase.ProsesDownload                  - 15: if (downloadedFile == null)
2026-09-14 10:40:16.739 DEBUG testcase.ProsesDownload                  - 16: else
2026-09-14 10:40:16.743 DEBUG testcase.ProsesDownload                  - 1: logInfo("Download Excel berhasil: " + absolutePath)
2026-09-14 10:40:16.745 INFO  com.kms.katalon.core.util.KeywordUtil    - Download Excel berhasil: C:\Users\TTECH-0251\Downloads\Report FBI Detail.xlsx
2026-09-14 10:40:16.747 DEBUG testcase.ProsesDownload                  - 2: logInfo("Nama file: " + name)
2026-09-14 10:40:16.750 INFO  com.kms.katalon.core.util.KeywordUtil    - Nama file: Report FBI Detail.xlsx
2026-09-14 10:40:16.752 DEBUG testcase.ProsesDownload                  - 3: logInfo("Ukuran file: " + downloadedFile.length() + " bytes")
2026-09-14 10:40:16.756 INFO  com.kms.katalon.core.util.KeywordUtil    - Ukuran file: 7192 bytes
2026-09-14 10:40:16.759 DEBUG testcase.ProsesDownload                  - 17: comment("Membuka file Excel/WPS...")
2026-09-14 10:40:16.766 INFO  c.k.k.c.keyword.builtin.CommentKeyword   - Membuka file Excel/WPS...
2026-09-14 10:40:16.767 DEBUG testcase.ProsesDownload                  - 18: excelPath = absolutePath
2026-09-14 10:40:16.772 DEBUG testcase.ProsesDownload                  - 19: excelProcess = ProcessBuilder(cmd, /c, start, , excelPath).start()
2026-09-14 10:40:16.855 DEBUG testcase.ProsesDownload                  - 20: delay(10)
2026-09-14 10:40:26.881 DEBUG testcase.ProsesDownload                  - 21: comment("Menunggu window Excel/WPS aktif...")
2026-09-14 10:40:26.891 INFO  c.k.k.c.keyword.builtin.CommentKeyword   - Menunggu window Excel/WPS aktif...
2026-09-14 10:40:26.893 DEBUG testcase.ProsesDownload                  - 22: activateProcess = MainWindowHandle)
    }
    ).start()
2026-09-14 10:40:26.953 DEBUG testcase.ProsesDownload                  - 23: activateProcess.waitFor()
2026-09-14 10:40:29.454 DEBUG testcase.ProsesDownload                  - 24: delay(3)
2026-09-14 10:40:32.462 DEBUG testcase.ProsesDownload                  - 25: comment("Mencari window WPS/Excel...")
2026-09-14 10:40:32.468 INFO  c.k.k.c.keyword.builtin.CommentKeyword   - Mencari window WPS/Excel...
2026-09-14 10:40:32.469 DEBUG testcase.ProsesDownload                  - 26: excelFileNameForPS = name.replace("'", "''")
2026-09-14 10:40:32.472 DEBUG testcase.ProsesDownload                  - 27: screenshotExcel = $projectDir\Screenshots\EVIDENCE_POSITIVE_Excel_$timestamp.png
2026-09-14 10:40:32.474 DEBUG testcase.ProsesDownload                  - 28: screenshotDir = new java.io.File($projectDir\Screenshots)
2026-09-14 10:40:32.492 DEBUG testcase.ProsesDownload                  - 29: if (!(screenshotDir.exists()))
2026-09-14 10:40:32.497 DEBUG testcase.ProsesDownload                  - 30: psScript = 
Add-Type @'
using System;
using System.Runtime.InteropServices;

public class WindowCapture {

    [DllImport("user32.dll")]
    public static extern bool PrintWindow(
        IntPtr hwnd,
        IntPtr hdcBlt,
        uint nFlags
    );

    [DllImport("user32.dll")]
    public static extern bool GetWindowRect(
        IntPtr hwnd,
        out RECT rect
    );

    [StructLayout(LayoutKind.Sequential)]
    public struct RECT {
        public int Left;
        public int Top;
        public int Right;
        public int Bottom;
    }
}
'@

$fileName = '$excelFileNameForPS'

$app = Get-Process | Where-Object {
    $_.MainWindowHandle -ne 0 -and
    (
        $_.MainWindowTitle -like "*$fileName*" -or
        $_.MainWindowTitle -like "*WPS*" -or
        $_.MainWindowTitle -like "*Excel*"
    )
} | Select-Object -First 1

if ($app) {
    Write-Output $app.MainWindowHandle
    Write-Output $app.MainWindowTitle
}

2026-09-14 10:40:32.501 DEBUG testcase.ProsesDownload                  - 31: psProcess = redirectErrorStream(true).start()
2026-09-14 10:40:32.566 DEBUG testcase.ProsesDownload                  - 32: psResult = text.trim()
2026-09-14 10:40:33.472 DEBUG testcase.ProsesDownload                  - 33: psProcess.waitFor()
2026-09-14 10:40:33.482 DEBUG testcase.ProsesDownload                  - 34: comment("Hasil pencarian window: " + psResult)
2026-09-14 10:40:33.488 INFO  c.k.k.c.keyword.builtin.CommentKeyword   - Hasil pencarian window: At line:36 char:33
+         $_.MainWindowTitle -like *$fileName* -or
+                                 ~
You must provide a value expression following the '-like' operator.
At line:36 char:45
+         $_.MainWindowTitle -like *$fileName* -or
+                                             ~
You must provide a value expression following the '*' operator.
At line:37 char:33
+         $_.MainWindowTitle -like *WPS* -or
+                                 ~
You must provide a value expression following the '-like' operator.
At line:37 char:35
+         $_.MainWindowTitle -like *WPS* -or
+                                   ~
You must provide a value expression following the '*' operator.
At line:37 char:35
+         $_.MainWindowTitle -like *WPS* -or
+                                   ~~~~
Unexpected token 'WPS*' in expression or statement.
At line:37 char:35
+         $_.MainWindowTitle -like *WPS* -or
+                                   ~
Missing closing ')' in expression.
At line:38 char:33
+         $_.MainWindowTitle -like *Excel*
+                                 ~
You must provide a value expression following the '-like' operator.
At line:38 char:35
+         $_.MainWindowTitle -like *Excel*
+                                   ~
You must provide a value expression following the '*' operator.
At line:38 char:35
+         $_.MainWindowTitle -like *Excel*
+                                   ~~~~~~
Unexpected token 'Excel*' in expression or statement.
At line:33 char:35
+ $app = Get-Process | Where-Object {
+                                   ~
Missing closing '}' in statement block or type definition.
Not all parse errors were reported.  Correct the reported errors and try again.
    + CategoryInfo          : ParserError: (:) [], ParentContainsErrorRecordException
    + FullyQualifiedErrorId : ExpectedValueExpression
2026-09-14 10:40:33.490 DEBUG testcase.ProsesDownload                  - 35: resultLines = psResult.split("\r?\n")
2026-09-14 10:40:33.499 DEBUG testcase.ProsesDownload                  - 36: if (length < 1 || !(trim().isNumber()))
2026-09-14 10:40:33.518 DEBUG testcase.ProsesDownload                  - 1: markFailed("Window WPS/Excel tidak ditemukan. Hasil: " + psResult)
2026-09-14 10:40:33.520 ERROR com.kms.katalon.core.util.KeywordUtil    - ❌ Window WPS/Excel tidak ditemukan. Hasil: At line:36 char:33
+         $_.MainWindowTitle -like *$fileName* -or
+                                 ~
You must provide a value expression following the '-like' operator.
At line:36 char:45
+         $_.MainWindowTitle -like *$fileName* -or
+                                             ~
You must provide a value expression following the '*' operator.
At line:37 char:33
+         $_.MainWindowTitle -like *WPS* -or
+                                 ~
You must provide a value expression following the '-like' operator.
At line:37 char:35
+         $_.MainWindowTitle -like *WPS* -or
+                                   ~
You must provide a value expression following the '*' operator.
At line:37 char:35
+         $_.MainWindowTitle -like *WPS* -or
+                                   ~~~~
Unexpected token 'WPS*' in expression or statement.
At line:37 char:35
+         $_.MainWindowTitle -like *WPS* -or
+                                   ~
Missing closing ')' in expression.
At line:38 char:33
+         $_.MainWindowTitle -like *Excel*
+                                 ~
You must provide a value expression following the '-like' operator.
At line:38 char:35
+         $_.MainWindowTitle -like *Excel*
+                                   ~
You must provide a value expression following the '*' operator.
At line:38 char:35
+         $_.MainWindowTitle -like *Excel*
+                                   ~~~~~~
Unexpected token 'Excel*' in expression or statement.
At line:33 char:35
+ $app = Get-Process | Where-Object {
+                                   ~
Missing closing '}' in statement block or type definition.
Not all parse errors were reported.  Correct the reported errors and try again.
    + CategoryInfo          : ParserError: (:) [], ParentContainsErrorRecordException
    + FullyQualifiedErrorId : ExpectedValueExpression
2026-09-14 10:40:33.524 DEBUG testcase.ProsesDownload                  - 37: hwnd = resultLines[0].trim()
2026-09-14 10:40:33.529 DEBUG testcase.ProsesDownload                  - 38: comment("HWND WPS/Excel: " + hwnd)
2026-09-14 10:40:33.536 INFO  c.k.k.c.keyword.builtin.CommentKeyword   - HWND WPS/Excel: At line:36 char:33
2026-09-14 10:40:33.538 DEBUG testcase.ProsesDownload                  - 39: captureScript = 
Add-Type -AssemblyName System.Drawing

Add-Type @'
using System;
using System.Runtime.InteropServices;

public class CaptureWindow {

    [DllImport("user32.dll")]
    public static extern bool GetWindowRect(
        IntPtr hWnd,
        out RECT lpRect
    );

    [DllImport("user32.dll")]
    public static extern bool PrintWindow(
        IntPtr hWnd,
        IntPtr hdcBlt,
        uint nFlags
    );

    [StructLayout(LayoutKind.Sequential)]
    public struct RECT {
        public int Left;
        public int Top;
        public int Right;
        public int Bottom;
    }
}
'@

$hwnd = [IntPtr]::new($hwnd)

$rect = New-Object CaptureWindow+RECT

[CaptureWindow]::GetWindowRect(
    $hwnd,
    [ref]$rect
)

$width =
    $rect.Right - $rect.Left

$height =
    $rect.Bottom - $rect.Top

if ($width -le 0 -or $height -le 0) {
    throw "Ukuran window WPS tidak valid: $width x $height"
}

$bitmap =
    New-Object System.Drawing.Bitmap(
        $width,
        $height
    )

$graphics =
    [System.Drawing.Graphics]::FromImage($bitmap)

$hdc =
    $graphics.GetHdc()

$result =
    [CaptureWindow]::PrintWindow(
        $hwnd,
        $hdc,
        2
    )

$graphics.ReleaseHdc($hdc)
$graphics.Dispose()

if (-not $result) {
    throw "PrintWindow gagal mengambil window WPS/Excel."
}

$bitmap.Save(
    '$screenshotExcel.replace(', '')',
    [System.Drawing.Imaging.ImageFormat]::Png
)

$bitmap.Dispose()

Write-Output "SCREENSHOT_OK"

2026-09-14 10:40:33.545 DEBUG testcase.ProsesDownload                  - 40: captureProcess = redirectErrorStream(true).start()
2026-09-14 10:40:33.606 DEBUG testcase.ProsesDownload                  - 41: captureResult = text.trim()
2026-09-14 10:40:34.360 DEBUG testcase.ProsesDownload                  - 42: exitCode = captureProcess.waitFor()
2026-09-14 10:40:34.368 DEBUG testcase.ProsesDownload                  - 43: comment("Hasil capture WPS: " + captureResult)
2026-09-14 10:40:34.373 INFO  c.k.k.c.keyword.builtin.CommentKeyword   - Hasil capture WPS: At line:33 char:23
+ $hwnd = [IntPtr]::new(At line:36 char:33)
+                       ~
Missing ')' in method call.
At line:33 char:23
+ $hwnd = [IntPtr]::new(At line:36 char:33)
+                       ~~
Unexpected token 'At' in expression or statement.
At line:33 char:41
+ $hwnd = [IntPtr]::new(At line:36 char:33)
+                                         ~
Unexpected token ')' in expression or statement.
    + CategoryInfo          : ParserError: (:) [], ParentContainsErrorRecordException
    + FullyQualifiedErrorId : MissingEndParenthesisInMethodCall
2026-09-14 10:40:34.375 DEBUG testcase.ProsesDownload                  - 44: screenshotFile = new java.io.File(screenshotExcel)
2026-09-14 10:40:34.377 DEBUG testcase.ProsesDownload                  - 45: verifyEqual(exitCode, 0, STOP_ON_FAILURE)
2026-09-14 10:40:34.423 ERROR c.k.k.core.keyword.internal.KeywordMain  - ❌ Unable to verify equal between actual object '1' and expected object '0' (Root cause: com.kms.katalon.core.exception.StepFailedException: Actual object '1' and expected object '0' are not equal
	at com.kms.katalon.core.keyword.builtin.VerifyEqualKeyword$_verifyEqual_closure1.doCall(VerifyEqualKeyword.groovy:58)
	at com.kms.katalon.core.keyword.builtin.VerifyEqualKeyword$_verifyEqual_closure1.call(VerifyEqualKeyword.groovy)
	at com.kms.katalon.core.keyword.internal.KeywordMain.runKeyword(KeywordMain.groovy:75)
	at com.kms.katalon.core.keyword.builtin.VerifyEqualKeyword.verifyEqual(VerifyEqualKeyword.groovy:63)
	at com.kms.katalon.core.keyword.builtin.VerifyEqualKeyword.execute(VerifyEqualKeyword.groovy:44)
	at com.kms.katalon.core.keyword.internal.KeywordExecutor.executeKeywordForPlatform(KeywordExecutor.groovy:90)
	at com.kms.katalon.core.keyword.BuiltinKeywords.verifyEqual(BuiltinKeywords.groovy:131)
	at java.base/jdk.internal.reflect.NativeMethodAccessorImpl.invoke0(Native Method)
	at java.base/jdk.internal.reflect.NativeMethodAccessorImpl.invoke(NativeMethodAccessorImpl.java:77)
	at java.base/jdk.internal.reflect.DelegatingMethodAccessorImpl.invoke(DelegatingMethodAccessorImpl.java:43)
	at ProsesDownload.run(ProsesDownload:583)
	at com.kms.katalon.core.main.ScriptEngine.run(ScriptEngine.java:194)
	at com.kms.katalon.core.main.ScriptEngine.runScriptAsRawText(ScriptEngine.java:119)
	at com.kms.katalon.core.main.TestCaseExecutor.runScript(TestCaseExecutor.java:490)
	at com.kms.katalon.core.main.TestCaseExecutor.doExecute(TestCaseExecutor.java:481)
	at com.kms.katalon.core.main.TestCaseExecutor.processExecutionPhase(TestCaseExecutor.java:460)
	at com.kms.katalon.core.main.TestCaseExecutor.accessMainPhase(TestCaseExecutor.java:452)
	at com.kms.katalon.core.main.TestCaseExecutor.execute(TestCaseExecutor.java:322)
	at com.kms.katalon.core.common.CommonExecutor.accessTestCaseMainPhase(CommonExecutor.java:71)
	at com.kms.katalon.core.main.TestSuiteExecutor.accessTestSuiteMainPhase(TestSuiteExecutor.java:153)
	at com.kms.katalon.core.main.TestSuiteExecutor.execute(TestSuiteExecutor.java:110)
	at com.kms.katalon.core.main.TestCaseMain.startTestSuite(TestCaseMain.java:205)
	at TempTestSuite1789357100146.run(TempTestSuite1789357100146.groovy:35)
	at java.base/jdk.internal.reflect.NativeMethodAccessorImpl.invoke0(Native Method)
	at java.base/jdk.internal.reflect.NativeMethodAccessorImpl.invoke(NativeMethodAccessorImpl.java:77)
	at java.base/jdk.internal.reflect.DelegatingMethodAccessorImpl.invoke(DelegatingMethodAccessorImpl.java:43)
)
2026-09-14 10:40:34.428 ERROR c.k.katalon.core.main.TestCaseExecutor   - ❌ Test Cases/DATA UI/Download/ProsesDownload FAILED.
Reason:
com.kms.katalon.core.exception.StepFailedException: Window WPS/Excel tidak ditemukan. Hasil: At line:36 char:33
+         $_.MainWindowTitle -like *$fileName* -or
+                                 ~
You must provide a value expression following the '-like' operator.
At line:36 char:45
+         $_.MainWindowTitle -like *$fileName* -or
+                                             ~
You must provide a value expression following the '*' operator.
At line:37 char:33
+         $_.MainWindowTitle -like *WPS* -or
+                                 ~
You must provide a value expression following the '-like' operator.
At line:37 char:35
+         $_.MainWindowTitle -like *WPS* -or
+                                   ~
You must provide a value expression following the '*' operator.
At line:37 char:35
+         $_.MainWindowTitle -like *WPS* -or
+                                   ~~~~
Unexpected token 'WPS*' in expression or statement.
At line:37 char:35
+         $_.MainWindowTitle -like *WPS* -or
+                                   ~
Missing closing ')' in expression.
At line:38 char:33
+         $_.MainWindowTitle -like *Excel*
+                                 ~
You must provide a value expression following the '-like' operator.
At line:38 char:35
+         $_.MainWindowTitle -like *Excel*
+                                   ~
You must provide a value expression following the '*' operator.
At line:38 char:35
+         $_.MainWindowTitle -like *Excel*
+                                   ~~~~~~
Unexpected token 'Excel*' in expression or statement.
At line:33 char:35
+ $app = Get-Process | Where-Object {
+                                   ~
Missing closing '}' in statement block or type definition.
Not all parse errors were reported.  Correct the reported errors and try again.
    + CategoryInfo          : ParserError: (:) [], ParentContainsErrorRecordException
    + FullyQualifiedErrorId : ExpectedValueExpression
	at com.kms.katalon.core.util.KeywordUtil.markFailed(KeywordUtil.java:19)
	at ProsesDownload.run(ProsesDownload:448)
	at com.kms.katalon.core.main.ScriptEngine.run(ScriptEngine.java:194)
	at com.kms.katalon.core.main.ScriptEngine.runScriptAsRawText(ScriptEngine.java:119)
	at com.kms.katalon.core.main.TestCaseExecutor.runScript(TestCaseExecutor.java:490)
	at com.kms.katalon.core.main.TestCaseExecutor.doExecute(TestCaseExecutor.java:481)
	at com.kms.katalon.core.main.TestCaseExecutor.processExecutionPhase(TestCaseExecutor.java:460)
	at com.kms.katalon.core.main.TestCaseExecutor.accessMainPhase(TestCaseExecutor.java:452)
	at com.kms.katalon.core.main.TestCaseExecutor.execute(TestCaseExecutor.java:322)
	at com.kms.katalon.core.common.CommonExecutor.accessTestCaseMainPhase(CommonExecutor.java:71)
	at com.kms.katalon.core.main.TestSuiteExecutor.accessTestSuiteMainPhase(TestSuiteExecutor.java:153)
	at com.kms.katalon.core.main.TestSuiteExecutor.execute(TestSuiteExecutor.java:110)
	at com.kms.katalon.core.main.TestCaseMain.startTestSuite(TestCaseMain.java:205)
	at TempTestSuite1789357100146.run(TempTestSuite1789357100146.groovy:35)
	at java.base/jdk.internal.reflect.NativeMethodAccessorImpl.invoke0(Native Method)
	at java.base/jdk.internal.reflect.NativeMethodAccessorImpl.invoke(NativeMethodAccessorImpl.java:77)
	at java.base/jdk.internal.reflect.DelegatingMethodAccessorImpl.invoke(DelegatingMethodAccessorImpl.java:43)

Screenshot disimpan: C:/Users/TTECH-0251/git/AutoAPI/Screenshots/Evidence_FAILED_14.09.2026_(10.40.34).png
2026-09-14 10:40:34.903 INFO  c.k.katalon.core.main.TestCaseExecutor   - END Test Cases/DATA UI/Download/ProsesDownload
2026-09-14 10:40:34.910 INFO  c.k.katalon.core.main.TestCaseExecutor   - --------------------
2026-09-14 10:40:34.910 INFO  c.k.katalon.core.main.TestCaseExecutor   - START Test Cases/DATA UI/Download/ProsesDownload
2026-09-14 10:40:35.032 DEBUG testcase.ProsesDownload                  - 1: projectDir = getProjectDir()
2026-09-14 10:40:35.035 DEBUG testcase.ProsesDownload                  - 2: timestamp = Date().format("dd.MM.yyyy_(HH.mm.ss)")
2026-09-14 10:40:35.051 DEBUG testcase.ProsesDownload                  - 3: click(findTestObject("Data UI/Download/btnDownload"))
2026-09-14 10:40:45.116 WARN  c.k.k.c.w.keyword.builtin.ClickKeyword   - Waiting for element timed out
